###############################################################################
#
# IAR ELF Linker V7.30.4.8167/W32 for ARM                 22/Feb/2015  21:25:53
# Copyright 2007-2014 IAR Systems AB.
#
#    Output file  =  
#        C:\Users\Jon\Documents\MO_S_and_T\CpE5170_RT_Systems\Labs\cpe-5170-mote-code\Projects\SimpleMAC\mote_project\EWARM\MB_SnT_X2_Mote\Exe\Project.out
#    Map file     =  
#        C:\Users\Jon\Documents\MO_S_and_T\CpE5170_RT_Systems\Labs\cpe-5170-mote-code\Projects\SimpleMAC\mote_project\EWARM\MB_SnT_X2_Mote\List\Project.map
#    Command line =  
#        C:\Users\Jon\Documents\MO_S_and_T\CpE5170_RT_Systems\Labs\cpe-5170-mote-code\Projects\SimpleMAC\mote_project\EWARM\MB_SnT_X2_Mote\Obj\app_temp_1wire_main.o
#        C:\Users\Jon\Documents\MO_S_and_T\CpE5170_RT_Systems\Labs\cpe-5170-mote-code\Projects\SimpleMAC\mote_project\EWARM\MB_SnT_X2_Mote\Obj\Application.o
#        C:\Users\Jon\Documents\MO_S_and_T\CpE5170_RT_Systems\Labs\cpe-5170-mote-code\Projects\SimpleMAC\mote_project\EWARM\MB_SnT_X2_Mote\Obj\arm_adc.o
#        C:\Users\Jon\Documents\MO_S_and_T\CpE5170_RT_Systems\Labs\cpe-5170-mote-code\Projects\SimpleMAC\mote_project\EWARM\MB_SnT_X2_Mote\Obj\board.o
#        C:\Users\Jon\Documents\MO_S_and_T\CpE5170_RT_Systems\Labs\cpe-5170-mote-code\Projects\SimpleMAC\mote_project\EWARM\MB_SnT_X2_Mote\Obj\bs_base.o
#        C:\Users\Jon\Documents\MO_S_and_T\CpE5170_RT_Systems\Labs\cpe-5170-mote-code\Projects\SimpleMAC\mote_project\EWARM\MB_SnT_X2_Mote\Obj\ChannelSwitching.o
#        C:\Users\Jon\Documents\MO_S_and_T\CpE5170_RT_Systems\Labs\cpe-5170-mote-code\Projects\SimpleMAC\mote_project\EWARM\MB_SnT_X2_Mote\Obj\CongestionControl.o
#        C:\Users\Jon\Documents\MO_S_and_T\CpE5170_RT_Systems\Labs\cpe-5170-mote-code\Projects\SimpleMAC\mote_project\EWARM\MB_SnT_X2_Mote\Obj\context-switch.o
#        C:\Users\Jon\Documents\MO_S_and_T\CpE5170_RT_Systems\Labs\cpe-5170-mote-code\Projects\SimpleMAC\mote_project\EWARM\MB_SnT_X2_Mote\Obj\hal_adc.o
#        C:\Users\Jon\Documents\MO_S_and_T\CpE5170_RT_Systems\Labs\cpe-5170-mote-code\Projects\SimpleMAC\mote_project\EWARM\MB_SnT_X2_Mote\Obj\hal_clocks.o
#        C:\Users\Jon\Documents\MO_S_and_T\CpE5170_RT_Systems\Labs\cpe-5170-mote-code\Projects\SimpleMAC\mote_project\EWARM\MB_SnT_X2_Mote\Obj\hal_flash.o
#        C:\Users\Jon\Documents\MO_S_and_T\CpE5170_RT_Systems\Labs\cpe-5170-mote-code\Projects\SimpleMAC\mote_project\EWARM\MB_SnT_X2_Mote\Obj\hal_uart.o
#        C:\Users\Jon\Documents\MO_S_and_T\CpE5170_RT_Systems\Labs\cpe-5170-mote-code\Projects\SimpleMAC\mote_project\EWARM\MB_SnT_X2_Mote\Obj\hio_xbee.o
#        C:\Users\Jon\Documents\MO_S_and_T\CpE5170_RT_Systems\Labs\cpe-5170-mote-code\Projects\SimpleMAC\mote_project\EWARM\MB_SnT_X2_Mote\Obj\lcd_char2x8.o
#        C:\Users\Jon\Documents\MO_S_and_T\CpE5170_RT_Systems\Labs\cpe-5170-mote-code\Projects\SimpleMAC\mote_project\EWARM\MB_SnT_X2_Mote\Obj\low_level_init.o
#        C:\Users\Jon\Documents\MO_S_and_T\CpE5170_RT_Systems\Labs\cpe-5170-mote-code\Projects\SimpleMAC\mote_project\EWARM\MB_SnT_X2_Mote\Obj\main.o
#        C:\Users\Jon\Documents\MO_S_and_T\CpE5170_RT_Systems\Labs\cpe-5170-mote-code\Projects\SimpleMAC\mote_project\EWARM\MB_SnT_X2_Mote\Obj\mb_snt_x2.o
#        C:\Users\Jon\Documents\MO_S_and_T\CpE5170_RT_Systems\Labs\cpe-5170-mote-code\Projects\SimpleMAC\mote_project\EWARM\MB_SnT_X2_Mote\Obj\mfg-token.o
#        C:\Users\Jon\Documents\MO_S_and_T\CpE5170_RT_Systems\Labs\cpe-5170-mote-code\Projects\SimpleMAC\mote_project\EWARM\MB_SnT_X2_Mote\Obj\micro-common-internal.o
#        C:\Users\Jon\Documents\MO_S_and_T\CpE5170_RT_Systems\Labs\cpe-5170-mote-code\Projects\SimpleMAC\mote_project\EWARM\MB_SnT_X2_Mote\Obj\micro-common.o
#        C:\Users\Jon\Documents\MO_S_and_T\CpE5170_RT_Systems\Labs\cpe-5170-mote-code\Projects\SimpleMAC\mote_project\EWARM\MB_SnT_X2_Mote\Obj\micro.o
#        C:\Users\Jon\Documents\MO_S_and_T\CpE5170_RT_Systems\Labs\cpe-5170-mote-code\Projects\SimpleMAC\mote_project\EWARM\MB_SnT_X2_Mote\Obj\microstrain.o
#        C:\Users\Jon\Documents\MO_S_and_T\CpE5170_RT_Systems\Labs\cpe-5170-mote-code\Projects\SimpleMAC\mote_project\EWARM\MB_SnT_X2_Mote\Obj\mote.o
#        C:\Users\Jon\Documents\MO_S_and_T\CpE5170_RT_Systems\Labs\cpe-5170-mote-code\Projects\SimpleMAC\mote_project\EWARM\MB_SnT_X2_Mote\Obj\nvm.o
#        C:\Users\Jon\Documents\MO_S_and_T\CpE5170_RT_Systems\Labs\cpe-5170-mote-code\Projects\SimpleMAC\mote_project\EWARM\MB_SnT_X2_Mote\Obj\OneWire.o
#        C:\Users\Jon\Documents\MO_S_and_T\CpE5170_RT_Systems\Labs\cpe-5170-mote-code\Projects\SimpleMAC\mote_project\EWARM\MB_SnT_X2_Mote\Obj\packet.o
#        C:\Users\Jon\Documents\MO_S_and_T\CpE5170_RT_Systems\Labs\cpe-5170-mote-code\Projects\SimpleMAC\mote_project\EWARM\MB_SnT_X2_Mote\Obj\Phy_layer.o
#        C:\Users\Jon\Documents\MO_S_and_T\CpE5170_RT_Systems\Labs\cpe-5170-mote-code\Projects\SimpleMAC\mote_project\EWARM\MB_SnT_X2_Mote\Obj\Q_Droptail.o
#        C:\Users\Jon\Documents\MO_S_and_T\CpE5170_RT_Systems\Labs\cpe-5170-mote-code\Projects\SimpleMAC\mote_project\EWARM\MB_SnT_X2_Mote\Obj\Q_SFQ.o
#        C:\Users\Jon\Documents\MO_S_and_T\CpE5170_RT_Systems\Labs\cpe-5170-mote-code\Projects\SimpleMAC\mote_project\EWARM\MB_SnT_X2_Mote\Obj\Queuing.o
#        C:\Users\Jon\Documents\MO_S_and_T\CpE5170_RT_Systems\Labs\cpe-5170-mote-code\Projects\SimpleMAC\mote_project\EWARM\MB_SnT_X2_Mote\Obj\routing.o
#        C:\Users\Jon\Documents\MO_S_and_T\CpE5170_RT_Systems\Labs\cpe-5170-mote-code\Projects\SimpleMAC\mote_project\EWARM\MB_SnT_X2_Mote\Obj\routing_AODV.o
#        C:\Users\Jon\Documents\MO_S_and_T\CpE5170_RT_Systems\Labs\cpe-5170-mote-code\Projects\SimpleMAC\mote_project\EWARM\MB_SnT_X2_Mote\Obj\routing_MMCR.o
#        C:\Users\Jon\Documents\MO_S_and_T\CpE5170_RT_Systems\Labs\cpe-5170-mote-code\Projects\SimpleMAC\mote_project\EWARM\MB_SnT_X2_Mote\Obj\routing_MMCR_MPR_select.o
#        C:\Users\Jon\Documents\MO_S_and_T\CpE5170_RT_Systems\Labs\cpe-5170-mote-code\Projects\SimpleMAC\mote_project\EWARM\MB_SnT_X2_Mote\Obj\routing_OEDSR.o
#        C:\Users\Jon\Documents\MO_S_and_T\CpE5170_RT_Systems\Labs\cpe-5170-mote-code\Projects\SimpleMAC\mote_project\EWARM\MB_SnT_X2_Mote\Obj\rssi_sensor.o
#        C:\Users\Jon\Documents\MO_S_and_T\CpE5170_RT_Systems\Labs\cpe-5170-mote-code\Projects\SimpleMAC\mote_project\EWARM\MB_SnT_X2_Mote\Obj\RTC.o
#        C:\Users\Jon\Documents\MO_S_and_T\CpE5170_RT_Systems\Labs\cpe-5170-mote-code\Projects\SimpleMAC\mote_project\EWARM\MB_SnT_X2_Mote\Obj\rtls_beacon.o
#        C:\Users\Jon\Documents\MO_S_and_T\CpE5170_RT_Systems\Labs\cpe-5170-mote-code\Projects\SimpleMAC\mote_project\EWARM\MB_SnT_X2_Mote\Obj\rtls_calculate.o
#        C:\Users\Jon\Documents\MO_S_and_T\CpE5170_RT_Systems\Labs\cpe-5170-mote-code\Projects\SimpleMAC\mote_project\EWARM\MB_SnT_X2_Mote\Obj\sch_basic.o
#        C:\Users\Jon\Documents\MO_S_and_T\CpE5170_RT_Systems\Labs\cpe-5170-mote-code\Projects\SimpleMAC\mote_project\EWARM\MB_SnT_X2_Mote\Obj\sig_basic.o
#        C:\Users\Jon\Documents\MO_S_and_T\CpE5170_RT_Systems\Labs\cpe-5170-mote-code\Libraries\SimpleMAC\Binary\simplemac-library.a
#        C:\Users\Jon\Documents\MO_S_and_T\CpE5170_RT_Systems\Labs\cpe-5170-mote-code\Projects\SimpleMAC\mote_project\EWARM\MB_SnT_X2_Mote\Obj\sleep.o
#        C:\Users\Jon\Documents\MO_S_and_T\CpE5170_RT_Systems\Labs\cpe-5170-mote-code\Projects\SimpleMAC\mote_project\EWARM\MB_SnT_X2_Mote\Obj\src_8bit_adc.o
#        C:\Users\Jon\Documents\MO_S_and_T\CpE5170_RT_Systems\Labs\cpe-5170-mote-code\Projects\SimpleMAC\mote_project\EWARM\MB_SnT_X2_Mote\Obj\src_dummy.o
#        C:\Users\Jon\Documents\MO_S_and_T\CpE5170_RT_Systems\Labs\cpe-5170-mote-code\Projects\SimpleMAC\mote_project\EWARM\MB_SnT_X2_Mote\Obj\ssn_8bit.o
#        C:\Users\Jon\Documents\MO_S_and_T\CpE5170_RT_Systems\Labs\cpe-5170-mote-code\Projects\SimpleMAC\mote_project\EWARM\MB_SnT_X2_Mote\Obj\ssn_basic.o
#        C:\Users\Jon\Documents\MO_S_and_T\CpE5170_RT_Systems\Labs\cpe-5170-mote-code\Projects\SimpleMAC\mote_project\EWARM\MB_SnT_X2_Mote\Obj\startup_stm32w108xx.o
#        C:\Users\Jon\Documents\MO_S_and_T\CpE5170_RT_Systems\Labs\cpe-5170-mote-code\Projects\SimpleMAC\mote_project\EWARM\MB_SnT_X2_Mote\Obj\stm32w108xx_adc.o
#        C:\Users\Jon\Documents\MO_S_and_T\CpE5170_RT_Systems\Labs\cpe-5170-mote-code\Projects\SimpleMAC\mote_project\EWARM\MB_SnT_X2_Mote\Obj\stm32w108xx_clk.o
#        C:\Users\Jon\Documents\MO_S_and_T\CpE5170_RT_Systems\Labs\cpe-5170-mote-code\Projects\SimpleMAC\mote_project\EWARM\MB_SnT_X2_Mote\Obj\stm32w108xx_exti.o
#        C:\Users\Jon\Documents\MO_S_and_T\CpE5170_RT_Systems\Labs\cpe-5170-mote-code\Projects\SimpleMAC\mote_project\EWARM\MB_SnT_X2_Mote\Obj\stm32w108xx_flash.o
#        C:\Users\Jon\Documents\MO_S_and_T\CpE5170_RT_Systems\Labs\cpe-5170-mote-code\Projects\SimpleMAC\mote_project\EWARM\MB_SnT_X2_Mote\Obj\stm32w108xx_gpio.o
#        C:\Users\Jon\Documents\MO_S_and_T\CpE5170_RT_Systems\Labs\cpe-5170-mote-code\Projects\SimpleMAC\mote_project\EWARM\MB_SnT_X2_Mote\Obj\stm32W108xx_it.o
#        C:\Users\Jon\Documents\MO_S_and_T\CpE5170_RT_Systems\Labs\cpe-5170-mote-code\Projects\SimpleMAC\mote_project\EWARM\MB_SnT_X2_Mote\Obj\stm32w108xx_misc.o
#        C:\Users\Jon\Documents\MO_S_and_T\CpE5170_RT_Systems\Labs\cpe-5170-mote-code\Projects\SimpleMAC\mote_project\EWARM\MB_SnT_X2_Mote\Obj\stm32w108xx_pwr.o
#        C:\Users\Jon\Documents\MO_S_and_T\CpE5170_RT_Systems\Labs\cpe-5170-mote-code\Projects\SimpleMAC\mote_project\EWARM\MB_SnT_X2_Mote\Obj\stm32w108xx_rst.o
#        C:\Users\Jon\Documents\MO_S_and_T\CpE5170_RT_Systems\Labs\cpe-5170-mote-code\Projects\SimpleMAC\mote_project\EWARM\MB_SnT_X2_Mote\Obj\stm32w108xx_sc.o
#        C:\Users\Jon\Documents\MO_S_and_T\CpE5170_RT_Systems\Labs\cpe-5170-mote-code\Projects\SimpleMAC\mote_project\EWARM\MB_SnT_X2_Mote\Obj\stm32w108xx_slptim.o
#        C:\Users\Jon\Documents\MO_S_and_T\CpE5170_RT_Systems\Labs\cpe-5170-mote-code\Projects\SimpleMAC\mote_project\EWARM\MB_SnT_X2_Mote\Obj\stm32w108xx_tim.o
#        C:\Users\Jon\Documents\MO_S_and_T\CpE5170_RT_Systems\Labs\cpe-5170-mote-code\Projects\SimpleMAC\mote_project\EWARM\MB_SnT_X2_Mote\Obj\stm32w108xx_wdg.o
#        C:\Users\Jon\Documents\MO_S_and_T\CpE5170_RT_Systems\Labs\cpe-5170-mote-code\Projects\SimpleMAC\mote_project\EWARM\MB_SnT_X2_Mote\Obj\STM32W_Radio.o
#        C:\Users\Jon\Documents\MO_S_and_T\CpE5170_RT_Systems\Labs\cpe-5170-mote-code\Projects\SimpleMAC\mote_project\EWARM\MB_SnT_X2_Mote\Obj\sys_func.o
#        C:\Users\Jon\Documents\MO_S_and_T\CpE5170_RT_Systems\Labs\cpe-5170-mote-code\Projects\SimpleMAC\mote_project\EWARM\MB_SnT_X2_Mote\Obj\system-timer.o
#        C:\Users\Jon\Documents\MO_S_and_T\CpE5170_RT_Systems\Labs\cpe-5170-mote-code\Projects\SimpleMAC\mote_project\EWARM\MB_SnT_X2_Mote\Obj\system_stm32w108xx.o
#        C:\Users\Jon\Documents\MO_S_and_T\CpE5170_RT_Systems\Labs\cpe-5170-mote-code\Projects\SimpleMAC\mote_project\EWARM\MB_SnT_X2_Mote\Obj\tsp_common.o
#        --redirect _Printf=_PrintfSmall --redirect _Scanf=_ScanfSmall -o
#        C:\Users\Jon\Documents\MO_S_and_T\CpE5170_RT_Systems\Labs\cpe-5170-mote-code\Projects\SimpleMAC\mote_project\EWARM\MB_SnT_X2_Mote\Exe\Project.out
#        --map
#        C:\Users\Jon\Documents\MO_S_and_T\CpE5170_RT_Systems\Labs\cpe-5170-mote-code\Projects\SimpleMAC\mote_project\EWARM\MB_SnT_X2_Mote\List\Project.map
#        --config
#        C:\Users\Jon\Documents\MO_S_and_T\CpE5170_RT_Systems\Labs\cpe-5170-mote-code\Projects\SimpleMAC\mote_project\EWARM\stm32w108xx_flash.icf
#        --semihosting --entry __iar_program_start --vfe --enable_stack_usage
#        --call_graph
#        C:\Users\Jon\Documents\MO_S_and_T\CpE5170_RT_Systems\Labs\cpe-5170-mote-code\Projects\SimpleMAC\mote_project\EWARM\Project.stack.log.xml
#
###############################################################################

*******************************************************************************
*** MESSAGES
***

Warning[Lo007]: [stack usage analysis] at least one function does not have
          stack usage information. Example: "Reset_Handler". A complete list of
          such functions is in the map file.
Warning[Lo009]: [stack usage analysis] the program contains at least one
          indirect call. Example: from "low_level_init2" in low_level_init.o
          [1]. A complete list of such functions is in the map file.
Warning[Lo010]: [stack usage analysis] the program contains at least one
          instance of recursion for which  stack usage analysis has not been
          able to calculate a maximum stack depth. One function involved is
          "halInternalGetMfgTokenData". A complete list of all recursion nests
          is in the map file.


*******************************************************************************
*** RUNTIME MODEL ATTRIBUTES
***

CppFlavor       = *
__SystemLibrary = DLib


*******************************************************************************
*** PLACEMENT SUMMARY
***

"A1":  place at 0x08040000 { section FAT };
"P1":  place in [from 0x08000000 to 0x0801ffff] { block FLASH_IMAGE };
"A2":  place at end of [0x08000000-0x0801ffff] { section NVM };
"P2":  place in [from 0x20000000 to 0x20001fff] { block RAM_BLOCK };

  Section              Kind        Address    Size  Object
  -------              ----        -------    ----  ------
"P1":                                       0x7185
  FLASH_IMAGE                   0x08000000  0x7185  <Block>
    .intvec            ro code  0x08000000    0x84  startup_stm32w108xx.o [1]
    .text              ro code  0x08000084   0x1cc  app_temp_1wire_main.o [1]
    .text              ro code  0x08000250   0x2f6  OneWire.o [1]
    .rodata            const    0x08000546    0x12  mfg-token.o [1]
    .text              ro code  0x08000558    0x48  system-timer.o [1]
    .text              ro code  0x080005a0    0x24  printf.o [3]
    .text              ro code  0x080005c4   0x364  sch_basic.o [1]
    .text              ro code  0x08000928    0x34  sprintf.o [3]
    .text              ro code  0x0800095c   0x2c4  main.o [1]
    .text              ro code  0x08000c20    0x86  stm32w108xx_gpio.o [1]
    .text              ro code  0x08000ca6     0xa  xsprout.o [3]
    .text              ro code  0x08000cb0   0x13c  micro-common-internal.o [1]
    .text              ro code  0x08000dec   0x4d8  xprintfsmall.o [3]
    .text              ro code  0x080012c4   0x17a  mb_snt_x2.o [1]
    .text              ro code  0x0800143e    0x22  zero_init3.o [5]
    .text              ro code  0x08001460    0xcc  src_8bit_adc.o [1]
    .text              ro code  0x0800152c    0x44  RTC.o [1]
    .text              ro code  0x08001570    0x18  sys_func.o [1]
    .text              ro code  0x08001588    0x5c  Phy_layer.o [1]
    .text              ro code  0x080015e4    0x94  Queuing.o [1]
    .text              ro code  0x08001678   0x2f0  routing.o [1]
    .text              ro code  0x08001968   0x434  Application.o [1]
    .text              ro code  0x08001d9c   0x168  ChannelSwitching.o [1]
    .text              ro code  0x08001f04   0x1c0  tsp_common.o [1]
    .text              ro code  0x080020c4   0x1ac  ssn_8bit.o [1]
    .text              ro code  0x08002270   0x11a  stm32w108xx_sc.o [1]
    .text              ro code  0x0800238c   0x2c4  hio_xbee.o [1]
    .text              ro code  0x08002650    0xdc  cal_adc.o [7]
    .text              ro code  0x0800272c    0x68  mfg-token.o [1]
    .text              ro code  0x08002794    0x16  strchr.o [5]
    .text              ro code  0x080027ac    0x36  strlen.o [5]
    .text              ro code  0x080027e4    0x58  memchr.o [5]
    .text              ro code  0x0800283c    0x7c  stm32w108xx_exti.o [1]
    .text              ro code  0x080028b8    0x6c  stm32w108xx_misc.o [1]
    .text              ro code  0x08002924   0x27c  hal_adc.o [1]
    .text              ro code  0x08002ba0    0xae  phy-library.o [7]
    .text              ro code  0x08002c50    0x70  Q_Droptail.o [1]
    .text              ro code  0x08002cc0   0x3dc  routing_AODV.o [1]
    .text              ro code  0x0800309c   0x4cc  routing_OEDSR.o [1]
    .text              ro code  0x08003568   0x7cc  routing_MMCR_MPR_select.o [1]
    .text              ro code  0x08003d34   0x354  routing_MMCR.o [1]
    .text              ro code  0x08004088   0x308  STM32W_Radio.o [1]
    .text              ro code  0x08004390    0x24  stm32w108xx_clk.o [1]
    .text              ro code  0x080043b4    0x3a  ABImemset48.o [5]
    .text              ro code  0x080043f0     0x8  context-switch.o [1]
    .text              ro code  0x080043f8    0xb0  micro.o [1]
    .text              ro code  0x080044a8    0x50  stm32w108xx_adc.o [1]
    .text              ro code  0x080044f8   0x6cc  analogue.o [7]
    .text              ro code  0x08004bc4   0x5fc  phy-common.o [7]
    .text              ro code  0x080051c0   0x294  mote.o [1]
    .text              ro code  0x08005454   0x414  phy.o [7]
    .text              ro code  0x08005868     0x6  ABImemclr.o [5]
    .text              ro code  0x08005870    0x14  packet.o [1]
    .text              ro code  0x08005884   0x2f8  hal_clocks.o [1]
    .text              ro code  0x08005b7c    0x4c  board.o [1]
    .text              ro code  0x08005bc8    0x44  micro-common.o [1]
    .text              ro code  0x08005c0c    0x76  ABImemcpy_unaligned.o [5]
    .text              ro code  0x08005c84    0x62  memcmp_unaligned.o [5]
    .text              ro code  0x08005ce8    0xd0  analogue-cell-bias.o [7]
    .text              ro code  0x08005db8   0x4c4  nvm.o [1]
    .text              ro code  0x0800627c    0x30  analogue-filter.o [7]
    .text              ro code  0x080062ac    0xb0  analogue-vco.o [7]
    .text              ro code  0x0800635c   0x2dc  analogue-mod-dac.o [7]
    .text              ro code  0x08006638   0x1aa  analogue-lna.o [7]
    .text              ro code  0x080067e2     0x6  abort.o [3]
    .text              ro code  0x080067e8    0x18  eui64.o [7]
    .text              ro code  0x08006800   0x152  hal_uart.o [1]
    .text              ro code  0x08006954    0x24  ABIassert.o [6]
    .text              ro code  0x08006978    0xec  aes.o [7]
    .text              ro code  0x08006a64    0x5e  ABImemset.o [5]
    .text              ro code  0x08006ac4   0x178  hal_flash.o [1]
    .text              ro code  0x08006c3c     0x8  abs.o [3]
    .text              ro code  0x08006c44    0x14  exit.o [6]
    .text              ro code  0x08006c58    0x44  byte-utilities.o [7]
    .text              ro code  0x08006c9c    0x38  context-switch.o [1]
    .text              ro code  0x08006cd4    0x10  context-switch.o [1]
    .text              ro code  0x08006ce4   0x160  low_level_init.o [1]
    .text              ro code  0x08006e44    0x10  startup_stm32w108xx.o [1]
    .text              ro code  0x08006e54    0x1a  cmain.o [5]
    .text              ro code  0x08006e70    0x28  data_init.o [5]
    .text              ro code  0x08006e98     0x4  exit.o [3]
    .text              ro code  0x08006e9c     0xa  cexit.o [5]
    .text              ro code  0x08006ea6     0x4  startup_stm32w108xx.o [1]
    .text              ro code  0x08006eaa     0x4  startup_stm32w108xx.o [1]
    .text              ro code  0x08006eae     0x4  startup_stm32w108xx.o [1]
    .text              ro code  0x08006eb2     0x4  startup_stm32w108xx.o [1]
    .text              ro code  0x08006eb6     0x4  startup_stm32w108xx.o [1]
    .text              ro code  0x08006eba     0x4  startup_stm32w108xx.o [1]
    .text              ro code  0x08006ebe     0x4  startup_stm32w108xx.o [1]
    .text              ro code  0x08006ec2     0x4  startup_stm32w108xx.o [1]
    .text              ro code  0x08006ec6     0x4  startup_stm32w108xx.o [1]
    .text              ro code  0x08006eca     0x4  startup_stm32w108xx.o [1]
    .text              ro code  0x08006ece    0x32  stm32W108xx_it.o [1]
    .text              ro code  0x08006f00     0xc  cstartup_M.o [5]
    .text              ro code  0x08006f0c    0x16  xprout.o [3]
    .text              ro code  0x08006f22    0x28  putchar.o [3]
    .text              ro code  0x08006f4a    0xd0  packbits_init.o [5]
    .iar.init_table    const    0x0800701c    0x2c  - Linker created -
    .rodata            const    0x08007048     0x0  zero_init3.o [5]
    .rodata            const    0x08007048     0x0  packbits_init.o [5]
    Initializer bytes  const    0x08007048   0x13d  <for rw-1>
                              - 0x08007185  0x7185

"A2":                                        0x800
  NVM                  uninit   0x0801f800   0x400  nvm.o [1]
  NVM                  uninit   0x0801fc00   0x400  nvm.o [1]
                              - 0x08020000   0x800

"A1":                                         0x2c
  FAT                  uninit   0x08040000    0x2c  low_level_init.o [1]
                              - 0x0804002c    0x2c

"P2":                                       0x15b8
  RAM_BLOCK                     0x20000000  0x15b8  <Block>
    CSTACK                      0x20000000   0x400  <Block>
      CSTACK           uninit   0x20000000   0x400  <Block tail>
    rw-1                        0x20000400   0x38d  <Init block>
      .data            inited   0x20000400    0x48  app_temp_1wire_main.o [1]
      .data            inited   0x20000448    0x30  Application.o [1]
      .data            inited   0x20000478    0x2c  ChannelSwitching.o [1]
      .data            inited   0x200004a4     0x8  hal_clocks.o [1]
      .data            inited   0x200004ac    0x1c  main.o [1]
      .data            inited   0x200004c8     0x8  mb_snt_x2.o [1]
      .data            inited   0x200004d0     0x4  mb_snt_x2.o [1]
      .data            inited   0x200004d4     0xc  mb_snt_x2.o [1]
      .data            inited   0x200004e0     0x4  micro.o [1]
      .data            inited   0x200004e4     0x8  mote.o [1]
      .data            inited   0x200004ec    0x82  mote.o [1]
      .data            inited   0x20000570    0x48  mote.o [1]
      .data            inited   0x200005b8    0x20  Phy_layer.o [1]
      .data            inited   0x200005d8    0x3c  routing_AODV.o [1]
      .data            inited   0x20000614     0x1  routing_MMCR.o [1]
      .data            inited   0x20000618    0x10  routing_MMCR.o [1]
      .data            inited   0x20000628     0x8  routing_MMCR.o [1]
      .data            inited   0x20000630    0x28  routing_MMCR_MPR_select.o [1]
      .data            inited   0x20000658    0x10  routing_MMCR_MPR_select.o [1]
      .data            inited   0x20000668     0x8  routing_OEDSR.o [1]
      .data            inited   0x20000670    0x8c  sch_basic.o [1]
      .data            inited   0x200006fc    0x58  STM32W_Radio.o [1]
      .data            inited   0x20000754     0x1  STM32W_Radio.o [1]
      .data            inited   0x20000756     0x9  analogue.o [7]
      .data            inited   0x20000760     0xe  analogue.o [7]
      .data            inited   0x20000770    0x1c  phy-common.o [7]
      .data            inited   0x2000078c     0x1  phy-common.o [7]
    CSTACK             rw data  0x2000078d     0x0  context-switch.o [1]
    RESETINFO          rw data  0x2000078d     0x0  context-switch.o [1]
    .bss               zero     0x20000790     0x8  context-switch.o [1]
    .bss               zero     0x20000798    0x1e  hal_adc.o [1]
    .bss               zero     0x200007b6     0x6  hal_uart.o [1]
    .bss               zero     0x200007bc    0x80  hal_uart.o [1]
    .bss               zero     0x2000083c    0x74  hio_xbee.o [1]
    .bss               zero     0x200008b0    0x7a  hio_xbee.o [1]
    .bss               zero     0x2000092a     0x2  routing.o [1]
    .bss               zero     0x2000092c     0xc  hio_xbee.o [1]
    .bss               zero     0x20000938     0x4  main.o [1]
    .bss               zero     0x2000093c    0x8c  mote.o [1]
    .bss               zero     0x200009c8    0x10  Q_Droptail.o [1]
    .bss               zero     0x200009d8    0x38  Queuing.o [1]
    .bss               zero     0x20000a10   0x320  Queuing.o [1]
    .bss               zero     0x20000d30    0xb8  routing_MMCR.o [1]
    .bss               zero     0x20000de8    0x10  routing_MMCR_MPR_select.o [1]
    .bss               zero     0x20000df8   0x140  routing_MMCR_MPR_select.o [1]
    .bss               zero     0x20000f38    0x28  routing_OEDSR.o [1]
    .bss               zero     0x20000f60    0x28  routing_OEDSR.o [1]
    .bss               zero     0x20000f88    0x40  routing_OEDSR.o [1]
    .bss               zero     0x20000fc8    0x20  routing_OEDSR.o [1]
    .bss               zero     0x20000fe8     0x8  RTC.o [1]
    .bss               zero     0x20000ff0    0x78  sch_basic.o [1]
    .bss               zero     0x20001068    0x54  sch_basic.o [1]
    .bss               zero     0x200010bc    0x20  sch_basic.o [1]
    .bss               zero     0x200010dc    0x78  sch_basic.o [1]
    .bss               zero     0x20001154    0x78  sch_basic.o [1]
    .bss               zero     0x200011cc    0x78  sch_basic.o [1]
    .bss               zero     0x20001244    0x78  sch_basic.o [1]
    .bss               zero     0x200012bc     0xc  sleep.o [1]
    .bss               zero     0x200012c8    0x18  src_8bit_adc.o [1]
    .bss               zero     0x200012e0     0x4  ssn_8bit.o [1]
    .bss               zero     0x200012e4   0x120  ssn_8bit.o [1]
    .bss               zero     0x20001404     0x4  STM32W_Radio.o [1]
    .bss               zero     0x20001408     0x8  system-timer.o [1]
    .bss               zero     0x20001410    0x38  tsp_common.o [1]
    .bss               zero     0x20001448    0x24  analogue.o [7]
    .bss               zero     0x2000146c   0x128  phy.o [7]
    .bss               zero     0x20001594     0x8  eui64.o [7]
    .bss               zero     0x2000159c     0x8  analogue-mod-dac.o [7]
    .bss               zero     0x200015a4     0x1  Application.o [1]
    .bss               zero     0x200015a5     0x1  hal_flash.o [1]
    .bss               zero     0x200015a6     0x1  micro-common-internal.o [1]
    .bss               zero     0x200015a7     0x1  packet.o [1]
    .bss               zero     0x200015a8     0x4  routing.o [1]
    .bss               zero     0x200015ac     0x1  routing.o [1]
    .bss               zero     0x200015ad     0x1  routing.o [1]
    .bss               zero     0x200015ae     0x1  routing.o [1]
    .bss               zero     0x200015af     0x1  sys_func.o [1]
    .bss               zero     0x200015b0     0x2  phy.o [7]
    .bss               zero     0x200015b2     0x2  phy.o [7]
    .bss               zero     0x200015b4     0x3  analogue-vco.o [7]
                              - 0x200015b8  0x15b8


*******************************************************************************
*** INIT TABLE
***

          Address     Size
          -------     ----
Zero (__iar_zero_init3)
    1 destination range, total size 0xe27:
          0x20000790  0xe27

Copy/packbits (__iar_packbits_init3)
    1 source range, total size 0x13d (34% of destination):
          0x08007048  0x13d
    1 destination range, total size 0x38d:
          0x20000400  0x38d


*******************************************************************************
*** STACK USAGE
***

  Call Graph Root Category  Max Use  Total Use
  ------------------------  -------  ---------
  Program entry                 304        304
  Uncalled function             328      3 564


Program entry
  "__iar_program_start": 0x08006f01

  Maximum call chain                            *?* 304 bytes
    (** call graph contains recursive functions (example: "halInternalGetMfgTokenData")
                            indirect calls (example: "low_level_init2" in low_level_init.o [1])
                            functions with no stack usage info (example: "halTriggerContextRestore") **)

    "__iar_program_start"                             0
    "__cmain"                                         0
    "main"                                           24
    "main_power_up"                                   8
    "routing_init"                                    0
    "routing_set_routing_protocol"                   16
    "routing_init_MPR_select"                         0
    "mmcr_startRouteSearch"                           0
    "mmcr_set_tx_timeout"                            16
    "sch_create_timeout"                             32
    "get_free_timeout"                                8
    "printf"                                         24
    "_PrintfSmall"                                  112
    "_PutcharsSmall" in xprintfsmall.o [3]           24
    "_Prout"                                         16
    "putchar"                                        16
    "__write"                                         8

Uncalled function
  "app_temp_1wire_loop": 0x080000b7

  Maximum call chain                               248 bytes

    "app_temp_1wire_loop"                            8
    "sch_create_timeout"                            32
    "get_free_timeout"                               8
    "printf"                                        24
    "_PrintfSmall"                                 112
    "_PutcharsSmall" in xprintfsmall.o [3]          24
    "_Prout"                                        16
    "putchar"                                       16
    "__write"                                        8

Uncalled function
  "app_temp_lcd_disp": 0x08000159

  Maximum call chain                               264 bytes

    "app_temp_lcd_disp"                             24
    "sch_create_timeout"                            32
    "get_free_timeout"                               8
    "printf"                                        24
    "_PrintfSmall"                                 112
    "_PutcharsSmall" in xprintfsmall.o [3]          24
    "_Prout"                                        16
    "putchar"                                       16
    "__write"                                        8

Uncalled function
  "app_loop": 0x080019a5

  Maximum call chain                            *?* 232 bytes
    (** call graph contains recursive functions (example: "halInternalGetMfgTokenData")
                            indirect calls (example: "halInternalFlashErase")
                            functions with no stack usage info (example: "halInternalIdleSleep") **)

    "app_loop"                                        8
    "app_search_switch_channel"                       8
    "phy_set_RF_channel"                              0
    "ST_RadioSetChannel"                              0
    "stmRadioSetChannel"                              0
    "stmFinishRadioSetChannel"                       16
    "stmFinishCalibrateCurrentChannel"               64
    "halCommonWriteToNvm"                            64
    "erasePage" in nvm.o [1]                         24
    "halInternalFlashErase"                          24
    "__aeabi_assert"                                 16
    "abort"                                           0
    "__exit"                                          8

Uncalled function
  "cs_end_switch": 0x08001ded

  Maximum call chain                            *?* 248 bytes
    (** call graph contains recursive functions (example: "halInternalGetMfgTokenData")
                            indirect calls (example: "halInternalFlashErase")
                            functions with no stack usage info (example: "halInternalIdleSleep") **)

    "cs_end_switch"                                   8
    "routing_init_MMCR"                               0
    "timer_cb_test1"                                  0
    "sch_create_timeout"                             32
    "get_free_timeout"                                8
    "printf"                                         24
    "_PrintfSmall"                                  112
    "_PutcharsSmall" in xprintfsmall.o [3]           24
    "_Prout"                                         16
    "putchar"                                        16
    "__write"                                         8

Uncalled function
  "cs_send_req_Switch": 0x08001e1d

  Maximum call chain                               256 bytes

    "cs_send_req_Switch"                            16
    "sch_create_timeout"                            32
    "get_free_timeout"                               8
    "printf"                                        24
    "_PrintfSmall"                                 112
    "_PutcharsSmall" in xprintfsmall.o [3]          24
    "_Prout"                                        16
    "putchar"                                       16
    "__write"                                        8

Uncalled function
  "hio_xbee_loop": 0x080023c5

  Maximum call chain                            *?* 328 bytes
    (** call graph contains recursive functions (example: "halInternalGetMfgTokenData")
                            indirect calls (example: "halInternalFlashErase")
                            functions with no stack usage info (example: "halInternalIdleSleep") **)

    "hio_xbee_loop"                                  16
    "hio_recv_packet"                                 0
    "routing_receive_packet"                         16
    "tsp_receive"                                     8
    "tsp_distribute_modules"                         32
    "cs_recv_switching_request"                      16
    "sch_create_timeout"                             32
    "get_free_timeout"                                8
    "printf"                                         24
    "_PrintfSmall"                                  112
    "_PutcharsSmall" in xprintfsmall.o [3]           24
    "_Prout"                                         16
    "putchar"                                        16
    "__write"                                         8

Uncalled function
  "processSerialInput": 0x080051fd

  Maximum call chain                                88 bytes

    "processSerialInput"                             8
    "sendSerialData"                                16
    "ST_RadioTransmit"                               0
    "stmRadioTransmit"                              32
    "getRandomBackoff"                              16
    "halCommonGetRandom"                            16
    "shift" in micro.o [1]                           0

Uncalled function
  "timer_cb_test2": 0x08003d51

  Maximum call chain                               272 bytes

    "timer_cb_test2"                                 8
    "sendPacketData"                                24
    "sch_create_timeout"                            32
    "get_free_timeout"                               8
    "printf"                                        24
    "_PrintfSmall"                                 112
    "_PutcharsSmall" in xprintfsmall.o [3]          24
    "_Prout"                                        16
    "putchar"                                       16
    "__write"                                        8

Uncalled function
  "mmcr_hello_timeout": 0x08003c91

  Maximum call chain                               272 bytes

    "mmcr_hello_timeout"                            16
    "mmcr_set_tx_timeout"                           16
    "sch_create_timeout"                            32
    "get_free_timeout"                               8
    "printf"                                        24
    "_PrintfSmall"                                 112
    "_PutcharsSmall" in xprintfsmall.o [3]          24
    "_Prout"                                        16
    "putchar"                                       16
    "__write"                                        8

Uncalled function
  "mmcr_sendACK": 0x08003a15

  Maximum call chain                                24 bytes

    "mmcr_sendACK"                                  24

Uncalled function
  "mmcr_sendTC": 0x08003b63

  Maximum call chain                                80 bytes

    "mmcr_sendTC"                                   24
    "mpr_select"                                    48
    "find_two_hop_node"                              8

Uncalled function
  "oedsr_loop": 0x0800317d

  Maximum call chain                                32 bytes

    "oedsr_loop"                                     0
    "oedsr_hello_timoeout"                          16
    "oedsr_set_route"                               16
    "find_route"                                     0

Uncalled function
  "print_timeouts": 0x08000859

  Maximum call chain                               224 bytes

    "print_timeouts"                                24
    "printf"                                        24
    "_PrintfSmall"                                 112
    "_PutcharsSmall" in xprintfsmall.o [3]          24
    "_Prout"                                        16
    "putchar"                                       16
    "__write"                                        8

Uncalled function
  "src_8bit_adc_loop": 0x080014a5

  Maximum call chain                                36 bytes

    "src_8bit_adc_loop"                             16
    "halStartAdcConversion"                          8
    "startNextConversion"                           12

Uncalled function
  "ssn_loop": 0x08002155

  Maximum call chain                                64 bytes

    "ssn_loop"                                       8
    "ssn_send_pkt"                                  16
    "tsp_reserve_packet"                            24
    "que_get_empty_buffer_location"                 16
    "halCommonGetInt32uMillisecondTick"              0

Uncalled function
  "ADC_IRQHandler": 0x08006efd

  Maximum call chain                                16 bytes

    "ADC_IRQHandler"                                 0
    "halAdcIsr"                                     16

Uncalled function
  "BusFault_Handler": 0x08006ed5

  Maximum call chain                                 0 bytes

    "BusFault_Handler"                               0

Uncalled function
  "DebugMon_Handler": 0x08006edb

  Maximum call chain                                 0 bytes

    "DebugMon_Handler"                               0

Uncalled function
  "HardFault_Handler": 0x08006ed1

  Maximum call chain                                 0 bytes

    "HardFault_Handler"                              0

Uncalled function
  "MAC_RE_IRQHandler": 0x08006ef9

  Maximum call chain                               280 bytes

    "MAC_RE_IRQHandler"                              0
    "stmRadioReceiveIsr"                            24
    "processRxPacketCompleteIsr" in phy.o [7]       40
    "stmRadioTransmitCompleteCallback"               0
    "ST_RadioTransmitCompleteIsrCallback"           16
    "sch_remove_timeout"                             0
    "printf"                                        24
    "_PrintfSmall"                                 112
    "_PutcharsSmall" in xprintfsmall.o [3]          24
    "_Prout"                                        16
    "putchar"                                       16
    "__write"                                        8

Uncalled function
  "MAC_TIM_IRQHandler": 0x08006ef1

  Maximum call chain                                16 bytes

    "MAC_TIM_IRQHandler"                             0
    "halStackMacTimerIsr"                           16
    "ST_RadioMacTimerCompareIsrCallback"             0

Uncalled function
  "MAC_TR_IRQHandler": 0x08006ef5

  Maximum call chain                               240 bytes

    "MAC_TR_IRQHandler"                              0
    "stmRadioTransmitIsr"                           24
    "stmRadioTransmitCompleteCallback"               0
    "ST_RadioTransmitCompleteIsrCallback"           16
    "sch_remove_timeout"                             0
    "printf"                                        24
    "_PrintfSmall"                                 112
    "_PutcharsSmall" in xprintfsmall.o [3]          24
    "_Prout"                                        16
    "putchar"                                       16
    "__write"                                        8

Uncalled function
  "MNG_IRQHandler": 0x08006ee5

  Maximum call chain                                 0 bytes

    "MNG_IRQHandler"                                 0
    "halManagementIsr"                               0

Uncalled function
  "MemManage_Handler": 0x08006ed3

  Maximum call chain                                 0 bytes

    "MemManage_Handler"                              0

Uncalled function
  "NMI_Handler": 0x08006ecf

  Maximum call chain                                 0 bytes

    "NMI_Handler"                                    0

Uncalled function
  "PendSV_Handler": 0x08006edd

  Maximum call chain                                  *?* 0 bytes
    (** call graph contains functions with no stack usage info (example: "halPendSvIsr") **)

    "PendSV_Handler"                                      0
    "halPendSvIsr"                              - no info -

Uncalled function
  "SC1_IRQHandler": 0x08006eed

  Maximum call chain                                16 bytes

    "SC1_IRQHandler"                                 0
    "halSc1Isr"                                     16

Uncalled function
  "SLPTIM_IRQHandler": 0x08006ee9

  Maximum call chain                                 0 bytes

    "SLPTIM_IRQHandler"                              0
    "halSleepTimerIsr"                               0

Uncalled function
  "SVC_Handler": 0x08006ed9

  Maximum call chain                                 0 bytes

    "SVC_Handler"                                    0

Uncalled function
  "SysTick_Handler": 0x08006ee1

  Maximum call chain                                 0 bytes

    "SysTick_Handler"                                0
    "halSysTickIsr"                                  0
    "halInternalInitMgmtIsrLo"                       0

Uncalled function
  "UsageFault_Handler": 0x08006ed7

  Maximum call chain                                 0 bytes

    "UsageFault_Handler"                             0

Uncalled function
  "hPacketTimeout": 0x08004295

  Maximum call chain                                24 bytes

    "hPacketTimeout"                                16
    "release_pkt_in_tx"                              8
    "que_make_empty_buffer"                          0

Uncalled function
  "radio_loop": 0x080040e1

  Maximum call chain                               304 bytes

    "radio_loop"                                    24
    "routing_send_DATA_base"                         8
    "MMCR_send_DATA_base"                           16
    "mmcr_startRouteSearch"                          0
    "mmcr_set_tx_timeout"                           16
    "sch_create_timeout"                            32
    "get_free_timeout"                               8
    "printf"                                        24
    "_PrintfSmall"                                 112
    "_PutcharsSmall" in xprintfsmall.o [3]          24
    "_Prout"                                        16
    "putchar"                                       16
    "__write"                                        8

The following functions make up recursion nest 0, which has no maximum recursion depth specified:

  "halInternalGetMfgTokenData": 0x0800272d

The following functions make up recursion nest 1, which has no maximum recursion depth specified:

  "stCalibrateVref": 0x0800456f
  "stSetTxPowerMode": 0x080046b7

The following functions appear not to be called and have no stack
usage information:

  "BASEBAND_IRQHandler": 0x08006eaf
  "DEBUG_IRQHandler": 0x08006ecb
  "EXTIA_IRQHandler": 0x08006ebb
  "EXTIB_IRQHandler": 0x08006ebf
  "EXTIC_IRQHandler": 0x08006ec3
  "EXTID_IRQHandler": 0x08006ec7
  "Reset_Handler": 0x08006e45
  "SC2_IRQHandler": 0x08006eb3
  "SECURITY_IRQHandler": 0x08006eb7
  "TIM1_IRQHandler": 0x08006ea7
  "TIM2_IRQHandler": 0x08006eab

The following functions appear to be called, but have no stack
usage information:

  "halInternalIdleSleep": 0x080043f1
  "halPendSvIsr": 0x08006c9d
  "halTriggerContextRestore": 0x08006cd5

The following functions perform unknown indirect calls:

  "halInternalFlashErase": 0x08006ae7
  "halInternalFlashWrite": 0x08006b39
  "low_level_init2" in low_level_init.o [1]: 0x08006d8d
  "sch_loop": 0x08000653
  "tsp_distribute_modules": 0x08001f23


*******************************************************************************
*** MODULE SUMMARY
***

    Module                     ro code  ro data  rw data
    ------                     -------  -------  -------
C:\Users\Jon\Documents\MO_S_and_T\CpE5170_RT_Systems\Labs\cpe-5170-mote-code\Projects\SimpleMAC\mote_project\EWARM\MB_SnT_X2_Mote\Obj: [1]
    Application.o                1 076       16       49
    ChannelSwitching.o             360       16       44
    OneWire.o                      758
    Phy_layer.o                     92       11       32
    Q_Droptail.o                   112                16
    Queuing.o                      148               856
    RTC.o                           68                 8
    STM32W_Radio.o                 776       31       93
    app_temp_1wire_main.o          460       25       72
    board.o                         76
    context-switch.o                80                 8
    hal_adc.o                      636                30
    hal_clocks.o                   760        2        8
    hal_flash.o                    376                 1
    hal_uart.o                     338               134
    hio_xbee.o                     708               250
    low_level_init.o               352                44
    main.o                         708       10       32
    mb_snt_x2.o                    378        9       24
    mfg-token.o                    104       18
    micro-common-internal.o        316                 1
    micro-common.o                  68
    micro.o                        176        1        4
    mote.o                         660       74      350
    nvm.o                        1 220             2 048
    packet.o                        20                 1
    routing.o                      752                 9
    routing_AODV.o                 988       21       60
    routing_MMCR.o                 852       10      209
    routing_MMCR_MPR_select.o    1 996       19      392
    routing_OEDSR.o              1 228        3      184
    sch_basic.o                    868       49      856
    sleep.o                                           12
    src_8bit_adc.o                 204                24
    ssn_8bit.o                     428               292
    startup_stm32w108xx.o          188
    stm32W108xx_it.o                50
    stm32w108xx_adc.o               80
    stm32w108xx_clk.o               36
    stm32w108xx_exti.o             124
    stm32w108xx_gpio.o             134
    stm32w108xx_misc.o             108
    stm32w108xx_sc.o               282
    sys_func.o                      24                 1
    system-timer.o                  72                 8
    tsp_common.o                   448                56
    ----------------------------------------------------
    Total:                      19 688      315    6 208

command line: [2]
    ----------------------------------------------------
    Total:

dl7M_tln.a: [3]
    abort.o                          6
    abs.o                            8
    exit.o                           4
    printf.o                        36
    putchar.o                       40
    sprintf.o                       52
    xprintfsmall.o               1 240
    xprout.o                        22
    xsprout.o                       10
    ----------------------------------------------------
    Total:                       1 418

m7M_tl.a: [4]
    ----------------------------------------------------
    Total:

rt7M_tl.a: [5]
    ABImemclr.o                      6
    ABImemcpy_unaligned.o          118
    ABImemset.o                     94
    ABImemset48.o                   58
    cexit.o                         10
    cmain.o                         26
    cstartup_M.o                    12
    data_init.o                     40
    memchr.o                        88
    memcmp_unaligned.o              98
    packbits_init.o                208
    strchr.o                        22
    strlen.o                        54
    zero_init3.o                    34
    ----------------------------------------------------
    Total:                         868

shb_l.a: [6]
    ABIassert.o                     36
    exit.o                          20
    ----------------------------------------------------
    Total:                          56

simplemac-library.a: [7]
    aes.o                          236
    analogue-cell-bias.o           208
    analogue-filter.o               48
    analogue-lna.o                 426
    analogue-mod-dac.o             732                 8
    analogue-vco.o                 176                 3
    analogue.o                   1 740        9       59
    byte-utilities.o                68
    cal_adc.o                      220
    eui64.o                         24                 8
    phy-common.o                 1 532       11       29
    phy-library.o                  174
    phy.o                        1 044               300
    ----------------------------------------------------
    Total:                       6 628       20      407

    Gaps                            22        2       12
    Linker created                           44    1 024
--------------------------------------------------------
    Grand Total:                28 680      381    7 651


*******************************************************************************
*** ENTRY LIST
***

Entry                      Address   Size  Type      Object
-----                      -------   ----  ----      ------
.iar.init_table$$Base   0x0800701c          --   Gb  - Linker created -
.iar.init_table$$Limit  0x08007048          --   Gb  - Linker created -
?main                   0x08006e55         Code  Gb  cmain.o [5]
ACK_AODV_counter        0x200015ae    0x1  Data  Gb  routing.o [1]
ACK_OEDSR_counter       0x20000f8e    0x1  Data  Gb  routing_OEDSR.o [1]
ACK_packet              0x08002dc3   0x3a  Code  Gb  routing_AODV.o [1]
ADC_DMA_ChannelLoadEnable
                        0x080044d7    0xc  Code  Gb  stm32w108xx_adc.o [1]
ADC_DMA_ChannelReset    0x080044e3    0x8  Code  Gb  stm32w108xx_adc.o [1]
ADC_DMA_Config          0x080044cf    0x8  Code  Gb  stm32w108xx_adc.o [1]
ADC_IRQHandler          0x08006efd    0x4  Code  Gb  stm32W108xx_it.o [1]
ADC_Init                0x080044a9   0x26  Code  Gb  stm32w108xx_adc.o [1]
AODV_control_bit        0x200015a8    0x1  Data  Gb  routing.o [1]
AODV_find_direction     0x08002e5b   0x28  Code  Gb  routing_AODV.o [1]
AODV_reply_sent         0x200005d8    0x1  Data  Gb  routing_AODV.o [1]
AODV_route_control      0x200015aa    0x1  Data  Gb  routing.o [1]
AODV_send_DATA_base     0x08002feb   0x66  Code  Gb  routing_AODV.o [1]
AODVcounter_update      0x2000092a    0x1  Data  Gb  routing.o [1]
BUTTON_EXTI_IRQn        0x0800142c    0x2  Data  Gb  mb_snt_x2.o [1]
BUTTON_EXTI_SOURCE      0x08001430    0x2  Data  Gb  mb_snt_x2.o [1]
BUTTON_IRQn             0x08001434    0x2  Data  Gb  mb_snt_x2.o [1]
BUTTON_PIN              0x08001428    0x2  Data  Gb  mb_snt_x2.o [1]
BUTTON_PORT             0x200004d0    0x4  Data  Gb  mb_snt_x2.o [1]
BusFault_Handler        0x08006ed5    0x2  Code  Gb  stm32W108xx_it.o [1]
CLK_GetClocksFreq       0x08004391   0x14  Code  Gb  stm32w108xx_clk.o [1]
COM_RX_PIN              0x0800143c    0x2  Data  Gb  mb_snt_x2.o [1]
COM_RX_PORT             0x200004dc    0x4  Data  Gb  mb_snt_x2.o [1]
COM_TX_PIN              0x08001438    0x2  Data  Gb  mb_snt_x2.o [1]
COM_TX_PORT             0x200004d8    0x4  Data  Gb  mb_snt_x2.o [1]
COM_UART                0x200004d4    0x4  Data  Gb  mb_snt_x2.o [1]
CSTACK$$Base            0x20000000          --   Gb  - Linker created -
CSTACK$$Limit           0x20000400          --   Gb  - Linker created -
DATA_AODV_counter       0x2000092b    0x1  Data  Gb  routing.o [1]
DAT_OEDSR_counter       0x20000f8f    0x1  Data  Gb  routing_OEDSR.o [1]
DSState                 0x20000404    0x4  Data  Gb  app_temp_1wire_main.o [1]
DebugMon_Handler        0x08006edb    0x2  Code  Gb  stm32W108xx_it.o [1]
EXTI_Init               0x0800283d   0x72  Code  Gb  stm32w108xx_exti.o [1]
FLASH_IMAGE$$Base       0x08000000          --   Gb  - Linker created -
FLASH_IMAGE$$Limit      0x08007185          --   Gb  - Linker created -
GPIO_Init               0x08000c21   0x70  Code  Gb  stm32w108xx_gpio.o [1]
GPIO_PIN                0x08001424    0x4  Data  Gb  mb_snt_x2.o [1]
GPIO_PORT               0x200004c8    0x8  Data  Gb  mb_snt_x2.o [1]
GPIO_ReadInputDataBit   0x08000c91    0xe  Code  Gb  stm32w108xx_gpio.o [1]
GPIO_ResetBits          0x08000ca3    0x4  Code  Gb  stm32w108xx_gpio.o [1]
GPIO_SetBits            0x08000c9f    0x4  Code  Gb  stm32w108xx_gpio.o [1]
HardFault_Handler       0x08006ed1    0x2  Code  Gb  stm32W108xx_it.o [1]
Hello_counter           0x20000f8d    0x1  Data  Gb  routing_OEDSR.o [1]
I2C_GenerateSTART       0x08002319    0xa  Code  Gb  stm32w108xx_sc.o [1]
I2C_GenerateSTOP        0x08002323    0xa  Code  Gb  stm32w108xx_sc.o [1]
I2C_GetFlagStatus       0x0800237d    0xe  Code  Gb  stm32w108xx_sc.o [1]
I2C_Send7bitAddress     0x0800232d   0x1e  Code  Gb  stm32w108xx_sc.o [1]
I2C_SendData            0x0800234b   0x32  Code  Gb  stm32w108xx_sc.o [1]
InStream_Read           0x08006f4b   0x22  Code  Lc  packbits_init.o [5]
LoadInt                 0x08001175   0x4c  Code  Lc  xprintfsmall.o [3]
MAC_RE_IRQHandler       0x08006ef9    0x4  Code  Gb  stm32W108xx_it.o [1]
MAC_TIM_IRQHandler      0x08006ef1    0x4  Code  Gb  stm32W108xx_it.o [1]
MAC_TR_IRQHandler       0x08006ef5    0x4  Code  Gb  stm32W108xx_it.o [1]
MMCR_send_DATA_base     0x08003f7f   0x3a  Code  Gb  routing_MMCR.o [1]
MNG_IRQHandler          0x08006ee5    0x4  Code  Gb  stm32W108xx_it.o [1]
MemManage_Handler       0x08006ed3    0x2  Code  Gb  stm32W108xx_it.o [1]
NMI_Handler             0x08006ecf    0x2  Code  Gb  stm32W108xx_it.o [1]
NVIC_Init               0x080028b9   0x5a  Code  Gb  stm32w108xx_misc.o [1]
Neighborhood            0x20000df8  0x140  Data  Gb  routing_MMCR_MPR_select.o [1]
NodeConfigure           0x08001b03   0x8a  Code  Gb  Application.o [1]
Nvdd                    0x2000079e    0x2  Data  Lc  hal_adc.o [1]
Nvss                    0x200007b4    0x2  Data  Lc  hal_adc.o [1]
OEDSR_control_bit       0x200015a9    0x1  Data  Gb  routing.o [1]
OEDSR_send_DATA_base    0x080033a7   0x60  Code  Gb  routing_OEDSR.o [1]
OWInit                  0x08000251   0x80  Code  Gb  OneWire.o [1]
OWInput                 0x080002d1    0xc  Code  Gb  OneWire.o [1]
OWInterrupts            0x08000319    0x4  Code  Lc  OneWire.o [1]
OWNoInterrupts          0x08000315    0x4  Code  Lc  OneWire.o [1]
OWOutput                0x080002dd    0xa  Code  Gb  OneWire.o [1]
OWRead                  0x08000431   0x1c  Code  Gb  OneWire.o [1]
OWReadPin               0x080002f5    0xe  Code  Gb  OneWire.o [1]
OWRead_bit              0x080003c5   0x36  Code  Gb  OneWire.o [1]
OWReset                 0x0800031d   0x56  Code  Gb  OneWire.o [1]
OWReset_search          0x0800044d   0x1c  Code  Gb  OneWire.o [1]
OWSearch                0x08000469   0xde  Code  Gb  OneWire.o [1]
OWWrite                 0x080003ff   0x2e  Code  Gb  OneWire.o [1]
OWWriteHigh             0x08000303    0x8  Code  Gb  OneWire.o [1]
OWWriteLow              0x0800030b    0x8  Code  Gb  OneWire.o [1]
OWWrite_bit             0x08000373   0x4e  Code  Gb  OneWire.o [1]
OneWire                 0x20000410   0x24  Data  Gb  app_temp_1wire_main.o [1]
PendSV_Handler          0x08006edd    0x4  Code  Gb  stm32W108xx_it.o [1]
Q_head                  0x200009c8    0x1  Data  Gb  Q_Droptail.o [1]
Q_table                 0x200009cc    0xc  Data  Gb  Q_Droptail.o [1]
Q_tail                  0x200009c9    0x1  Data  Gb  Q_Droptail.o [1]
RAM_BLOCK$$Base         0x20000000          --   Gb  - Linker created -
RAM_BLOCK$$Limit        0x200015b8          --   Gb  - Linker created -
RREP_counter            0x200015ad    0x1  Data  Gb  routing.o [1]
RREQ_counter            0x200015ac    0x1  Data  Gb  routing.o [1]
Region$$Table$$Base     0x0800701c          --   Gb  - Linker created -
Region$$Table$$Limit    0x08007048          --   Gb  - Linker created -
Routing_AODV            0x08002f4b   0x84  Code  Gb  routing_AODV.o [1]
SC1_IRQHandler          0x08006eed    0x4  Code  Gb  stm32W108xx_it.o [1]
SLPTIM_IRQHandler       0x08006ee9    0x4  Code  Gb  stm32W108xx_it.o [1]
STM_EVAL_COMInit        0x080013ab   0x6e  Code  Gb  mb_snt_x2.o [1]
STM_EVAL_LEDInit        0x080012c5   0x28  Code  Gb  mb_snt_x2.o [1]
STM_EVAL_LEDOff         0x080012ff   0x12  Code  Gb  mb_snt_x2.o [1]
STM_EVAL_LEDOn          0x080012ed   0x12  Code  Gb  mb_snt_x2.o [1]
STM_EVAL_LEDToggle      0x08001311   0x16  Code  Gb  mb_snt_x2.o [1]
STM_EVAL_PBInit         0x08001327   0x84  Code  Gb  mb_snt_x2.o [1]
ST_RadioDataPendingLongIdIsrCallback
                        0x08005299    0x4  Code  Gb  mote.o [1]
ST_RadioDataPendingShortIdIsrCallback
                        0x08005295    0x4  Code  Gb  mote.o [1]
ST_RadioEnableOverflowNotification
                        0x08002bcd    0x4  Code  Gb  phy-library.o [7]
ST_RadioGetEui64        0x08002bc7    0x2  Code  Gb  phy-library.o [7]
ST_RadioGetPower        0x08002bbb    0x4  Code  Gb  phy-library.o [7]
ST_RadioGetRandomNumbers
                        0x08002bd1    0x4  Code  Gb  phy-library.o [7]
ST_RadioInit            0x08002ba1    0xa  Code  Gb  phy-library.o [7]
ST_RadioMacTimerCompareIsrCallback
                        0x080052b7    0x2  Code  Gb  mote.o [1]
ST_RadioOverflowIsrCallback
                        0x0800529d   0x18  Code  Gb  mote.o [1]
ST_RadioReceiveIsrCallback
                        0x08005243   0x52  Code  Gb  mote.o [1]
ST_RadioSetChannel      0x08002bab    0x4  Code  Gb  phy-library.o [7]
ST_RadioSetNodeId       0x08002bbf    0x4  Code  Gb  phy-library.o [7]
ST_RadioSetPanId        0x08002bc3    0x4  Code  Gb  phy-library.o [7]
ST_RadioSetPower        0x08002bb7    0x4  Code  Gb  phy-library.o [7]
ST_RadioSetPowerMode    0x08002bd5    0x4  Code  Gb  phy-library.o [7]
ST_RadioSfdSentIsrCallback
                        0x080052b5    0x2  Code  Gb  mote.o [1]
ST_RadioTransmit        0x08002baf    0x4  Code  Gb  phy-library.o [7]
ST_RadioTransmitCompleteIsrCallback
                        0x080042d3   0x8e  Code  Gb  STM32W_Radio.o [1]
SVC_Handler             0x08006ed9    0x2  Code  Gb  stm32W108xx_it.o [1]
Select_counter          0x20000f8c    0x1  Data  Gb  routing_OEDSR.o [1]
SysTick_Handler         0x08006ee1    0x4  Code  Gb  stm32W108xx_it.o [1]
TOKEN_MFG_1V8_REG_VOLTAGE
                        0x0800054e    0x2  Data  Gb  mfg-token.o [1]
TOKEN_MFG_ANALOG_TRIM_BOOST
                        0x08000548    0x2  Data  Gb  mfg-token.o [1]
TOKEN_MFG_ANALOG_TRIM_BOTH
                        0x0800054a    0x2  Data  Gb  mfg-token.o [1]
TOKEN_MFG_ANALOG_TRIM_NORMAL
                        0x08000546    0x2  Data  Gb  mfg-token.o [1]
TOKEN_MFG_EUI_64        0x08000556    0x2  Data  Gb  mfg-token.o [1]
TOKEN_MFG_PHY_CONFIG    0x08000552    0x2  Data  Gb  mfg-token.o [1]
TOKEN_MFG_REG_TRIM      0x0800054c    0x2  Data  Gb  mfg-token.o [1]
TOKEN_MFG_SYNTH_FREQ_OFFSET
                        0x08000554    0x2  Data  Gb  mfg-token.o [1]
TOKEN_MFG_TEMP_CAL      0x08000550    0x2  Data  Gb  mfg-token.o [1]
UART_Cmd                0x080022d9   0x1c  Code  Gb  stm32w108xx_sc.o [1]
UART_ITConfig           0x080022f5   0x12  Code  Gb  stm32w108xx_sc.o [1]
UART_Init               0x08002271   0x68  Code  Gb  stm32w108xx_sc.o [1]
UART_TriggerEventConfig
                        0x08002307   0x12  Code  Gb  stm32w108xx_sc.o [1]
UsageFault_Handler      0x08006ed7    0x2  Code  Gb  stm32W108xx_it.o [1]
_LitobSmall             0x080011c1   0xce  Code  Lc  xprintfsmall.o [3]
_PrintfSmall            0x08000ded  0x382  Code  Gb  xprintfsmall.o [3]
_Prout                  0x08006f0d   0x16  Code  Gb  xprout.o [3]
_PutcharsSmall          0x0800128f   0x2e  Code  Lc  xprintfsmall.o [3]
_SProut                 0x08000ca7    0xa  Code  Gb  xsprout.o [3]
__aeabi_assert          0x08006955   0x24  Code  Gb  ABIassert.o [6]
__aeabi_memclr          0x08005869         Code  Gb  ABImemclr.o [5]
__aeabi_memset4         0x080043b5         Code  Gb  ABImemset48.o [5]
__aeabi_memset8         0x080043b5         Code  Gb  ABImemset48.o [5]
__cmain                 0x08006e55         Code  Gb  cmain.o [5]
__exit                  0x08006c45   0x14  Code  Gb  exit.o [6]
__iar_Memchr            0x080027e5         Code  Gb  memchr.o [5]
__iar_Memset4_word      0x080043bd         Code  Gb  ABImemset48.o [5]
__iar_Memset8_word      0x080043bd         Code  Gb  ABImemset48.o [5]
__iar_Memset_word       0x08006a65         Code  Gb  ABImemset.o [5]
__iar_Strchr            0x08002795         Code  Gb  strchr.o [5]
__iar_data_init3        0x08006e71   0x28  Code  Gb  data_init.o [5]
__iar_packbits_init3    0x08006f6d   0xae  Code  Gb  packbits_init.o [5]
__iar_program_start     0x08006f01         Code  Gb  cstartup_M.o [5]
__iar_unaligned___aeabi_memcpy
                        0x08005c0d         Code  Gb  ABImemcpy_unaligned.o [5]
__iar_unaligned___aeabi_memcpy4
                        0x08005c2d         Code  Gb  ABImemcpy_unaligned.o [5]
__iar_unaligned___aeabi_memcpy8
                        0x08005c2d         Code  Gb  ABImemcpy_unaligned.o [5]
__iar_unaligned_memcmp  0x08005c85         Code  Gb  memcmp_unaligned.o [5]
__iar_zero_init3        0x0800143f   0x22  Code  Gb  zero_init3.o [5]
__io_getcharNonBlocking
                        0x080068cd   0x12  Code  Gb  hal_uart.o [1]
__low_level_init        0x08006ce9   0xa2  Code  Gb  low_level_init.o [1]
__read                  0x08006885   0x48  Code  Gb  hal_uart.o [1]
__vector_table          0x08000000         Data  Gb  startup_stm32w108xx.o [1]
__write                 0x08006845   0x40  Code  Gb  hal_uart.o [1]
_call_main              0x08006e61         Code  Gb  cmain.o [5]
_exit                   0x08006e9d         Code  Gb  cexit.o [5]
_main                   0x08006e6b         Code  Gb  cmain.o [5]
abort                   0x080067e3    0x6  Code  Gb  abort.o [3]
abs                     0x08006c3d    0x8  Code  Gb  abs.o [3]
ack_temp_add            0x0800309d   0x4c  Code  Gb  routing_OEDSR.o [1]
ack_temp_addr_          0x20000fa8   0x20  Data  Gb  routing_OEDSR.o [1]
ack_temp_analyse        0x080030e9   0x30  Code  Gb  routing_OEDSR.o [1]
ack_temp_free_          0x20000f8b    0x1  Data  Gb  routing_OEDSR.o [1]
ack_temp_get_cost       0x08003119   0x30  Code  Gb  routing_OEDSR.o [1]
ack_temp_link_cost_     0x20000fc8   0x20  Data  Gb  routing_OEDSR.o [1]
actual_power            0x200005bd    0x1  Data  Gb  Phy_layer.o [1]
adcCalibrated           0x2000079b    0x1  Data  Lc  hal_adc.o [1]
adcConfig               0x200007ac    0x8  Data  Lc  hal_adc.o [1]
adcData                 0x2000079c    0x2  Data  Lc  hal_adc.o [1]
adcPendingConversion    0x20000799    0x1  Data  Lc  hal_adc.o [1]
adcPendingRequests      0x20000798    0x1  Data  Lc  hal_adc.o [1]
adcReadingValid         0x2000079a    0x1  Data  Lc  hal_adc.o [1]
adcReadings             0x200007a4    0x8  Data  Lc  hal_adc.o [1]
adcStaticConfig         0x200007a0    0x2  Data  Lc  hal_adc.o [1]
adc_value               0x200012d8    0x2  Data  Gb  src_8bit_adc.o [1]
add_one_hop_node        0x080037ad   0x5c  Code  Gb  routing_MMCR_MPR_select.o [1]
add_two_hop_node        0x08003813   0x7e  Code  Gb  routing_MMCR_MPR_select.o [1]
addr                    0x20000434    0x8  Data  Gb  app_temp_1wire_main.o [1]
addressMatchingEnabled  0x20000775    0x1  Data  Lc  phy-common.o [7]
adjustLna               0x08006639    0x8  Code  Lc  analogue-lna.o [7]
adjustVco               0x080062ad   0x22  Code  Lc  analogue-vco.o [7]
aodv_dropped_link       0x08003051   0x12  Code  Gb  routing_AODV.o [1]
app_beacon_count_       0x20000468    0x4  Data  Gb  Application.o [1]
app_beam_count_         0x20000464    0x4  Data  Gb  Application.o [1]
app_beam_seq            0x2000044e    0x2  Data  Gb  Application.o [1]
app_count_drop_pkts_    0x20000450    0x4  Data  Gb  Application.o [1]
app_count_gen_pkts_     0x20000460    0x4  Data  Gb  Application.o [1]
app_count_lost_pkts_    0x20000454    0x4  Data  Gb  Application.o [1]
app_count_recv_pkts_    0x2000045c    0x4  Data  Gb  Application.o [1]
app_count_sent_pkts_    0x20000458    0x4  Data  Gb  Application.o [1]
app_drop_pkt            0x08001c23    0xa  Code  Gb  Application.o [1]
app_generate_pkt_       0x20000449    0x1  Data  Gb  Application.o [1]
app_init                0x08001969   0x3a  Code  Gb  Application.o [1]
app_last_BS_contact_    0x2000046c    0x4  Data  Gb  Application.o [1]
app_loop                0x080019a5   0x24  Code  Gb  Application.o [1]
app_received_beacon     0x08001c9d   0x16  Code  Gb  Application.o [1]
app_recvBEAM            0x08001aa3   0x60  Code  Gb  Application.o [1]
app_recvConfigSensor    0x080019f9   0xaa  Code  Gb  Application.o [1]
app_recvStartData       0x080019f1    0x8  Code  Gb  Application.o [1]
app_recvStopData        0x080019c9   0x28  Code  Gb  Application.o [1]
app_repeat_beam         0x2000044b    0x1  Data  Gb  Application.o [1]
app_search_switch_channel
                        0x08001c61   0x3c  Code  Gb  Application.o [1]
app_send_join           0x08001cb3   0xaa  Code  Gb  Application.o [1]
app_start_search_channel
                        0x08001c2d   0x34  Code  Gb  Application.o [1]
app_temp_1wire_init     0x08000085   0x32  Code  Gb  app_temp_1wire_main.o [1]
app_temp_1wire_loop     0x080000b7   0x88  Code  Gb  app_temp_1wire_main.o [1]
app_temp_lcd_disp       0x08000159   0x8e  Code  Gb  app_temp_1wire_main.o [1]
app_tx_data_mode_       0x20000448    0x1  Data  Gb  Application.o [1]
autoAckEnabled          0x20000776    0x1  Data  Lc  phy-common.o [7]
beforelast_id           0x2000093e    0x1  Data  Gb  mote.o [1]
biasTrim                0x200004aa    0x2  Data  Gb  hal_clocks.o [1]
blOffset                0x08006e40    0x4  Data  Lc  low_level_init.o [1]
boostTxPowerMax         0x20000764    0x8  Data  Gb  analogue.o [7]
bothTokSerialRegId      0x08005da4    0x8  Data  Gb  analogue-cell-bias.o [7]
buffer0                 0x20000a10  0x320  Data  Gb  Queuing.o [1]
buffer_age_table        0x200009f0   0x20  Data  Gb  Queuing.o [1]
buffer_empty_slots      0x200009dc    0x8  Data  Gb  Queuing.o [1]
buffer_wp_table         0x200009e4    0x8  Data  Gb  Queuing.o [1]
calAdcTempOffset        0x200015b1    0x1  Data  Lc  phy.o [7]
calAdcTempOffsetValid   0x200015b0    0x1  Data  Lc  phy.o [7]
calDisableAdc           0x080026c9    0xc  Code  Gb  cal_adc.o [7]
calModDacWithPaEnableMask
                        0x2000159e    0x2  Data  Lc  analogue-mod-dac.o [7]
calModDacWithSpreading  0x2000159c    0x1  Data  Lc  analogue-mod-dac.o [7]
calReadAdcAtestAWithSpreading
                        0x0800636b  0x10c  Code  Lc  analogue-mod-dac.o [7]
calReadAdcBlocking      0x08002681   0x3c  Code  Gb  cal_adc.o [7]
calStartAdcConversion   0x08002651   0x30  Code  Gb  cal_adc.o [7]
calStartAndReadAdc      0x080026bd    0xc  Code  Gb  cal_adc.o [7]
ccaAttempt              0x2000077d    0x1  Data  Gb  phy-common.o [7]
count_ack_              0x2000072c    0x4  Data  Gb  STM32W_Radio.o [1]
count_cca_              0x20000724    0x4  Data  Gb  STM32W_Radio.o [1]
count_nack_             0x20000728    0x4  Data  Gb  STM32W_Radio.o [1]
count_received_         0x20000930    0x4  Data  Gb  hio_xbee.o [1]
count_received_xbee_ack_
                        0x20000934    0x4  Data  Gb  hio_xbee.o [1]
count_resend_           0x20000734    0x4  Data  Gb  STM32W_Radio.o [1]
count_stalled           0x2000070c    0x4  Data  Gb  STM32W_Radio.o [1]
count_succ_             0x20000720    0x4  Data  Gb  STM32W_Radio.o [1]
cs_bcast_tidx_          0x2000047a    0x1  Data  Gb  ChannelSwitching.o [1]
cs_end_switch           0x08001ded   0x30  Code  Gb  ChannelSwitching.o [1]
cs_end_tidx_            0x2000047b    0x1  Data  Gb  ChannelSwitching.o [1]
cs_init                 0x08001db9    0x2  Code  Gb  ChannelSwitching.o [1]
cs_next_channel_        0x20000478    0x1  Data  Gb  ChannelSwitching.o [1]
cs_pkt_id               0x20000479    0x1  Data  Gb  ChannelSwitching.o [1]
cs_power_up             0x08001d9d   0x1c  Code  Gb  ChannelSwitching.o [1]
cs_recv_switching_request
                        0x08001eb5   0x40  Code  Gb  ChannelSwitching.o [1]
cs_req_switch           0x08001dbb   0x32  Code  Gb  ChannelSwitching.o [1]
cs_send_req_Switch      0x08001e1d   0x8e  Code  Gb  ChannelSwitching.o [1]
cs_switch_time_         0x20000480    0x4  Data  Gb  ChannelSwitching.o [1]
cs_switching_timeout_   0x2000047c    0x4  Data  Gb  ChannelSwitching.o [1]
currentReceiveChannel   0x2000146c    0x1  Data  Lc  phy.o [7]
current_loop_idx        0x20000673    0x1  Data  Gb  sch_basic.o [1]
current_tx_power_       0x200005bc    0x1  Data  Gb  Phy_layer.o [1]
data                    0x20000400    0x2  Data  Gb  app_temp_1wire_main.o [1]
data_forward_control_   0x200015ab    0x1  Data  Gb  routing.o [1]
determineState          0x08005db9   0x7e  Code  Lc  nvm.o [1]
deviceIsCoordinator     0x20000774    0x1  Data  Lc  phy-common.o [7]
disable_node            0x08001bad   0x50  Code  Gb  Application.o [1]
droppedAckWorkarounds   0x20000784    0x4  Data  Gb  phy-common.o [7]
dummy                   0x200006f0    0x4  Data  Gb  sch_basic.o [1]
edCcaThreshold          0x20000777    0x1  Data  Lc  phy-common.o [7]
enableDataTx_           0x200004ac    0x1  Data  Gb  main.o [1]
enable_node             0x08001bfd   0x26  Code  Gb  Application.o [1]
end_time_diff           0x20001244   0x78  Data  Gb  sch_basic.o [1]
energy_depleted_control_
                        0x200004b2    0x1  Data  Gb  main.o [1]
erasePage               0x08005f21   0x36  Code  Lc  nvm.o [1]
exit                    0x08006e99    0x4  Code  Gb  exit.o [3]
fibToStStatus           0x08006c34    0x8  Data  Lc  hal_flash.o [1]
filterForceReCal        0x20000758    0x1  Data  Gb  analogue.o [7]
find_link               0x08003891   0x2e  Code  Gb  routing_MMCR_MPR_select.o [1]
find_one_hop_node       0x08003755   0x2c  Code  Gb  routing_MMCR_MPR_select.o [1]
find_route              0x080031ef   0x28  Code  Gb  routing_OEDSR.o [1]
find_two_hop_node       0x08003781   0x2c  Code  Gb  routing_MMCR_MPR_select.o [1]
flashEraseIsActive      0x200015a5    0x1  Data  Gb  hal_flash.o [1]
forceSleepTmrCnt        0x200012bc    0x1  Data  Gb  sleep.o [1]
framePendingBitSetTime  0x20001478    0x4  Data  Gb  phy.o [7]
framePendingSetInOutgoingAck
                        0x2000146e    0x2  Data  Lc  phy.o [7]
getRandomBackoff        0x08004c13   0x3e  Code  Gb  phy-common.o [7]
get_dst_mac_base        0x08005871   0x14  Code  Gb  packet.o [1]
get_free_timeout        0x08000831   0x28  Code  Gb  sch_basic.o [1]
get_next_hop            0x08003217   0x1a  Code  Gb  routing_OEDSR.o [1]
hPacketTimeout          0x08004295   0x3e  Code  Gb  STM32W_Radio.o [1]
halAdcCalibrate         0x08002b43   0x4a  Code  Gb  hal_adc.o [1]
halAdcIsr               0x08002925   0x66  Code  Gb  hal_adc.o [1]
halBoardPowerUp         0x08005b7d   0x28  Code  Gb  board.o [1]
halCommonBlockUntilXtal
                        0x08005af9   0x42  Code  Gb  hal_clocks.o [1]
halCommonCalibratePads  0x08000cb1   0x20  Code  Gb  micro-common-internal.o [1]
halCommonDelayMicroseconds
                        0x08000da7   0x28  Code  Gb  micro-common-internal.o [1]
halCommonGetInt32uMillisecondTick
                        0x08000559   0x24  Code  Gb  system-timer.o [1]
halCommonGetRandom      0x08004453   0x1c  Code  Gb  micro.o [1]
halCommonMemCompare     0x08004473    0xa  Code  Gb  micro.o [1]
halCommonMemCopy        0x0800446f    0x4  Code  Gb  micro.o [1]
halCommonReadFromNvm    0x08005e37   0xd2  Code  Gb  nvm.o [1]
halCommonSeedRandom     0x0800442b   0x18  Code  Gb  micro.o [1]
halCommonSwitchToXtal   0x08005ad1   0x28  Code  Gb  hal_clocks.o [1]
halCommonTryToSwitchToXtal
                        0x08005a19   0xb8  Code  Gb  hal_clocks.o [1]
halCommonWriteToNvm     0x08005f57  0x1ac  Code  Gb  nvm.o [1]
halFixedAddressTable    0x08040000   0x2c  Data  Gb  low_level_init.o [1]
halInit                 0x080043f9   0x32  Code  Gb  micro.o [1]
halInternalCalibrateFastRc
                        0x080059bb   0x22  Code  Gb  hal_clocks.o [1]
halInternalCalibrateSlowRc
                        0x0800594d   0x6e  Code  Gb  hal_clocks.o [1]
halInternalFlashErase   0x08006ae7   0x52  Code  Gb  hal_flash.o [1]
halInternalFlashWrite   0x08006b39   0x4e  Code  Gb  hal_flash.o [1]
halInternalGetMfgTokenData
                        0x0800272d   0x5c  Code  Gb  mfg-token.o [1]
halInternalGetVreg      0x08000d27   0x76  Code  Gb  micro-common-internal.o [1]
halInternalIdleSleep    0x080043f1         Code  Gb  context-switch.o [1]
halInternalInitAdc      0x080029e7   0x6e  Code  Gb  hal_adc.o [1]
halInternalInitMgmtIsrLo
                        0x080059dd   0x16  Code  Gb  hal_clocks.o [1]
halInternalSetRegTrim   0x08000cd1   0x56  Code  Gb  micro-common-internal.o [1]
halInternalStartSystemTimer
                        0x08005bc9   0x2e  Code  Gb  micro-common.o [1]
halInternalSwitchToXtal24M
                        0x080059f3   0x26  Code  Gb  hal_clocks.o [1]
halInternalWakeEvent    0x200012c0    0x4  Data  Lc  sleep.o [1]
halManagementIsr        0x0800447d   0x1c  Code  Gb  micro.o [1]
halMeasureVdd           0x080026d5   0x42  Code  Gb  cal_adc.o [7]
halPendSvIsr            0x08006c9d         Code  Gb  context-switch.o [1]
halPendSvSaveContext    0x20000790         Data  Gb  context-switch.o [1]
halReadAdcBlocking      0x08002b2b   0x18  Code  Gb  hal_adc.o [1]
halRequestAdcData       0x08002aab   0x80  Code  Gb  hal_adc.o [1]
halSc1Isr               0x080068df   0x50  Code  Gb  hal_uart.o [1]
halSleepTimerIsr        0x0800057d    0xe  Code  Gb  system-timer.o [1]
halStackMacTimerIsr     0x08002bdd   0x1a  Code  Gb  phy-library.o [7]
halStartAdcConversion   0x08002a55   0x56  Code  Gb  hal_adc.o [1]
halSysTickIsr           0x080058c3   0x3e  Code  Gb  hal_clocks.o [1]
halTriggerContextRestore
                        0x08006cd5         Code  Gb  context-switch.o [1]
hio_recv_packet         0x0800241b  0x142  Code  Gb  hio_xbee.o [1]
hio_xbee_init           0x0800238d   0x36  Code  Gb  hio_xbee.o [1]
hio_xbee_loop           0x080023c5   0x56  Code  Gb  hio_xbee.o [1]
i2c_timeout_event       0x20000938    0x4  Data  Gb  main.o [1]
idleDelayMicroseconds   0x08005885   0x3e  Code  Gb  hal_clocks.o [1]
lastBackoff             0x20000782    0x2  Data  Gb  phy-common.o [7]
lastTransmitPacketIsDataPoll
                        0x2000077b    0x1  Data  Gb  phy-common.o [7]
lastTxSfdTime           0x20000788    0x4  Data  Gb  phy-common.o [7]
lastVcoCalChannel       0x200015b5    0x1  Data  Lc  analogue-vco.o [7]
lastVcoValue            0x200015b6    0x1  Data  Lc  analogue-vco.o [7]
last_RREP_src           0x200005f8    0x2  Data  Gb  routing_AODV.o [1]
last_config_rssi_rcv_   0x200015a4    0x1  Data  Gb  Application.o [1]
last_id                 0x2000093f    0x1  Data  Gb  mote.o [1]
last_status_            0x200006fe    0x1  Data  Gb  STM32W_Radio.o [1]
last_successful_frame_id_
                        0x200004b6    0x1  Data  Gb  main.o [1]
lcd_cmd                 0x080009dd   0x9e  Code  Gb  main.o [1]
lcd_count               0x2000040c    0x4  Data  Gb  app_temp_1wire_main.o [1]
lcd_printStr            0x08000a8d   0xd0  Code  Gb  main.o [1]
lcd_setCursor           0x08000b7d    0xc  Code  Gb  main.o [1]
lcd_task_name           0x20000444    0x4  Data  Gb  app_temp_1wire_main.o [1]
lcd_timeout             0x20000402    0x1  Data  Gb  app_temp_1wire_main.o [1]
lnaForceReCal           0x2000075c    0x2  Data  Gb  analogue.o [7]
low_level_init2         0x08006d8d   0x7a  Code  Lc  low_level_init.o [1]
main                    0x080052b9   0x8e  Code  Gb  mote.o [1]
main_arm                0x08000bab   0x42  Code  Gb  main.o [1]
main_init               0x08000b89   0x22  Code  Gb  main.o [1]
main_power_up           0x0800095d   0x80  Code  Gb  main.o [1]
memchr                  0x080027e5         Code  Gb  memchr.o [5]
mmcr_Hello_countdown_   0x20000633    0x1  Data  Gb  routing_MMCR_MPR_select.o [1]
mmcr_dropped_link       0x08003fd9   0x88  Code  Gb  routing_MMCR.o [1]
mmcr_hello_tidx         0x20000630    0x1  Data  Gb  routing_MMCR_MPR_select.o [1]
mmcr_hello_timeout      0x08003c91   0x70  Code  Gb  routing_MMCR_MPR_select.o [1]
mmcr_init_rtable_from_topology
                        0x08003db3   0x4c  Code  Gb  routing_MMCR.o [1]
mmcr_neighbor_analyse   0x08003f05   0x7a  Code  Gb  routing_MMCR.o [1]
mmcr_neighbor_clear     0x08003703   0x40  Code  Gb  routing_MMCR_MPR_select.o [1]
mmcr_pkt_id             0x20000614    0x1  Data  Gb  routing_MMCR.o [1]
mmcr_recvACK            0x08003ab1   0xb2  Code  Gb  routing_MMCR_MPR_select.o [1]
mmcr_recvAcceptData     0x08003fb9   0x20  Code  Gb  routing_MMCR.o [1]
mmcr_recvCHSW           0x08003e35    0xc  Code  Gb  routing_MMCR.o [1]
mmcr_recvHELLO          0x08003953   0xbe  Code  Gb  routing_MMCR_MPR_select.o [1]
mmcr_recvTC             0x08003bfd   0x5c  Code  Gb  routing_MMCR_MPR_select.o [1]
mmcr_recv_routing_msg   0x08003dff   0x36  Code  Gb  routing_MMCR.o [1]
mmcr_routeStart_tidx_   0x20000631    0x1  Data  Gb  routing_MMCR_MPR_select.o [1]
mmcr_sendACK            0x08003a15   0x84  Code  Gb  routing_MMCR_MPR_select.o [1]
mmcr_sendHELLO          0x08003907   0x4c  Code  Gb  routing_MMCR_MPR_select.o [1]
mmcr_sendTC             0x08003b63   0x9a  Code  Gb  routing_MMCR_MPR_select.o [1]
mmcr_set_route          0x08003e41   0xbc  Code  Gb  routing_MMCR.o [1]
mmcr_set_tx_timeout     0x08003c63   0x2c  Code  Gb  routing_MMCR_MPR_select.o [1]
mmcr_startRouteSearch   0x080038bf   0x24  Code  Gb  routing_MMCR_MPR_select.o [1]
mmcr_state_             0x20000632    0x1  Data  Gb  routing_MMCR_MPR_select.o [1]
modDacForceReCal        0x2000075a    0x2  Data  Gb  analogue.o [7]
mod_cs                  0x20000484    0x4  Data  Gb  ChannelSwitching.o [1]
mpr_count_              0x20000de8    0x1  Data  Gb  routing_MMCR_MPR_select.o [1]
mpr_idx                 0x20000dec    0xc  Data  Gb  routing_MMCR_MPR_select.o [1]
mpr_select              0x08003583  0x164  Code  Gb  routing_MMCR_MPR_select.o [1]
my_AODV_index           0x200005f6    0x2  Data  Gb  routing_AODV.o [1]
my_CH_                  0x200004b8    0x2  Data  Gb  main.o [1]
my_RF_retries_          0x200004b1    0x1  Data  Gb  main.o [1]
my_addr16_              0x20000706    0x2  Data  Gb  STM32W_Radio.o [1]
my_addr8_               0x200006fd    0x1  Data  Gb  STM32W_Radio.o [1]
my_backoff_             0x200004af    0x1  Data  Gb  main.o [1]
my_distance_            0x200004c0    0x4  Data  Gb  main.o [1]
my_energy_              0x200004bc    0x4  Data  Gb  main.o [1]
my_protocol_            0x200004ad    0x1  Data  Gb  main.o [1]
my_queue_               0x200009d9    0x1  Data  Gb  Queuing.o [1]
my_rf_channel_          0x200005ba    0x1  Data  Gb  Phy_layer.o [1]
my_rssi_threshold_      0x200004b0    0x1  Data  Gb  main.o [1]
my_scheduling_          0x200004ae    0x1  Data  Gb  main.o [1]
my_tx_power_            0x200005bb    0x1  Data  Gb  Phy_layer.o [1]
my_tx_timeout_          0x200004c4    0x4  Data  Gb  main.o [1]
[...]
r_metric                0x20000f90   0x14  Data  Gb  routing_OEDSR.o [1]
r_next_hop              0x20000f60   0x28  Data  Gb  routing_OEDSR.o [1]
radioCheckCrc           0x2000078c    0x1  Data  Gb  phy-common.o [7]
radioCurrentPowerStatus
                        0x2000077c    0x1  Data  Gb  phy-common.o [7]
radioTransmitConfig     0x200004e4    0x8  Data  Gb  mote.o [1]
radio_call_status       0x2000056d    0x1  Data  Gb  mote.o [1]
radio_dst               0x20000702    0x2  Data  Gb  STM32W_Radio.o [1]
radio_init              0x08004089   0x56  Code  Gb  STM32W_Radio.o [1]
radio_loop              0x080040e1   0xf4  Code  Gb  STM32W_Radio.o [1]
reCalibrateVref         0x20000763    0x1  Data  Gb  analogue.o [7]
recvACK                 0x0800334f   0x58  Code  Gb  routing_OEDSR.o [1]
recvAcceptData          0x08003407   0x20  Code  Gb  routing_OEDSR.o [1]
recvDATA                0x080017e7   0xa6  Code  Gb  routing.o [1]
recvHELLO               0x080032d3   0x20  Code  Gb  routing_OEDSR.o [1]
recvSelect              0x08003483   0x14  Code  Gb  routing_OEDSR.o [1]
recvStopData            0x08001679    0x8  Code  Gb  routing.o [1]
regTrimBoostMode        0x200015a6    0x1  Data  Gb  micro-common-internal.o [1]
release_pkt_in_tx       0x08000bed   0x14  Code  Gb  main.o [1]
request_debug_packet_   0x2000092c    0x1  Data  Gb  hio_xbee.o [1]
request_debug_packet_dst_
                        0x2000092e    0x2  Data  Gb  hio_xbee.o [1]
result                  0x200005be    0x1  Data  Gb  Phy_layer.o [1]
result_1                0x20000701    0x1  Data  Gb  STM32W_Radio.o [1]
route_enable            0x200005dc    0x8  Data  Gb  routing_AODV.o [1]
route_search_BS_        0x20000fa4    0x2  Data  Gb  routing_OEDSR.o [1]
route_table_cost        0x200005ec    0x8  Data  Gb  routing_AODV.o [1]
route_table_destination
                        0x200005e4    0x8  Data  Gb  routing_AODV.o [1]
route_table_direction   0x200005fc    0xc  Data  Gb  routing_AODV.o [1]
route_table_index       0x20000608    0xc  Data  Gb  routing_AODV.o [1]
route_table_update_AODV
                        0x08002ec9   0x70  Code  Gb  routing_AODV.o [1]
routing_data_request    0x0800177f   0x22  Code  Gb  routing.o [1]
routing_init            0x08001681    0xc  Code  Gb  routing.o [1]
routing_init_AODV       0x08002e83   0x46  Code  Gb  routing_AODV.o [1]
routing_init_MMCR       0x08003d8d   0x26  Code  Gb  routing_MMCR.o [1]
routing_init_MPR_select
                        0x08003569   0x1a  Code  Gb  routing_MMCR_MPR_select.o [1]
routing_init_OEDSR      0x08003149   0x32  Code  Gb  routing_OEDSR.o [1]
routing_receive_packet  0x080016cb   0xb4  Code  Gb  routing.o [1]
routing_send_DATA_base  0x080017a1   0x46  Code  Gb  routing.o [1]
routing_send_counters   0x0800188d    0xe  Code  Gb  routing.o [1]
routing_set_routing_protocol
                        0x0800168d   0x3e  Code  Gb  routing.o [1]
routing_to_CH_base      0x0800189b   0x3c  Code  Gb  routing.o [1]
rtable                  0x20000d30   0xb8  Data  Gb  routing_MMCR.o [1]
rtc_adjust              0x20000fe8    0x1  Data  Gb  RTC.o [1]
rtc_adjust_long         0x20000fe9    0x1  Data  Gb  RTC.o [1]
rtc_init                0x0800152d   0x10  Code  Gb  RTC.o [1]
rtc_skip_tick           0x20000fea    0x1  Data  Gb  RTC.o [1]
rtc_ticker              0x20000fec    0x4  Data  Gb  RTC.o [1]
rtc_time_set            0x0800153d   0x2c  Code  Gb  RTC.o [1]
rtc_zero_tickers_       0x20000feb    0x1  Data  Gb  RTC.o [1]
rtr_MMCR_Hello_Phase    0x080038e3   0x24  Code  Gb  routing_MMCR_MPR_select.o [1]
rtr_add_neighbor        0x0800190d   0x22  Code  Gb  routing.o [1]
rtr_dropped_link        0x080018f3   0x1a  Code  Gb  routing.o [1]
rtr_start_routing       0x0800192f    0xe  Code  Gb  routing.o [1]
rxBuffer                0x20001480  0x114  Data  Lc  phy.o [7]
rxHead                  0x200007b6    0x2  Data  Gb  hal_uart.o [1]
rxPacket                0x20000940   0x80  Data  Gb  mote.o [1]
rxPacketRSSI            0x2000093d    0x1  Data  Gb  mote.o [1]
rxQ                     0x200007bc   0x80  Data  Gb  hal_uart.o [1]
rxTail                  0x200007b8    0x2  Data  Gb  hal_uart.o [1]
rxUsed                  0x200007ba    0x2  Data  Gb  hal_uart.o [1]
rx_expected_length      0x20000928    0x2  Data  Gb  hio_xbee.o [1]
rx_packet               0x200008b4   0x74  Data  Gb  hio_xbee.o [1]
rx_state                0x200008b0    0x1  Data  Gb  hio_xbee.o [1]
rxpkt_oveflow_count_    0x200009c0    0x4  Data  Gb  mote.o [1]
rxpkt_wrong_count_      0x200009c4    0x4  Data  Gb  mote.o [1]
sampleVcoTune           0x08006477   0x44  Code  Gb  analogue-mod-dac.o [7]
savedMSP                0x20000794         Data  Gb  context-switch.o [1]
sch_add_loop            0x08000803   0x2e  Code  Gb  sch_basic.o [1]
sch_callback_context    0x200010dc   0x78  Data  Gb  sch_basic.o [1]
sch_callback_funcs      0x20000678   0x78  Data  Gb  sch_basic.o [1]
sch_callback_name       0x20001154   0x78  Data  Gb  sch_basic.o [1]
sch_create_timeout      0x08000781   0x82  Code  Gb  sch_basic.o [1]
sch_init                0x08000651    0x2  Code  Gb  sch_basic.o [1]
sch_loop                0x08000653   0xc2  Code  Gb  sch_basic.o [1]
sch_loop_funcs          0x20001094   0x28  Data  Gb  sch_basic.o [1]
sch_loop_funcs_on       0x20001088    0xc  Data  Gb  sch_basic.o [1]
sch_power_up            0x080005c5   0x8c  Code  Gb  sch_basic.o [1]
sch_remove_timeout      0x08000715   0x6c  Code  Gb  sch_basic.o [1]
sch_timeout_count       0x20000670    0x1  Data  Gb  sch_basic.o [1]
sch_timeout_order       0x200010bc   0x20  Data  Gb  sch_basic.o [1]
sch_timeout_state       0x20001068   0x20  Data  Gb  sch_basic.o [1]
sch_timeout_ticks       0x20000ff0   0x78  Data  Gb  sch_basic.o [1]
sch_tout_free           0x20000672    0x1  Data  Gb  sch_basic.o [1]
sch_tout_head           0x20000671    0x1  Data  Gb  sch_basic.o [1]
seed0                   0x200004e0    0x2  Data  Lc  micro.o [1]
seed1                   0x200004e2    0x2  Data  Lc  micro.o [1]
sendACK                 0x080032f3   0x5c  Code  Gb  routing_OEDSR.o [1]
sendHELLO               0x0800326f   0x64  Code  Gb  routing_OEDSR.o [1]
sendPacketData          0x080041d5   0xaa  Code  Gb  STM32W_Radio.o [1]
sendPriorityPacket      0x0800427f   0x16  Code  Gb  STM32W_Radio.o [1]
sendSelect              0x08003427   0x5c  Code  Gb  routing_OEDSR.o [1]
sendSerialData          0x080051c1   0x3c  Code  Gb  mote.o [1]
send_PONG               0x08002569   0x90  Code  Gb  hio_xbee.o [1]
send_RERR               0x08002d69    0x8  Code  Gb  routing_AODV.o [1]
send_RREP               0x08002d0d   0x5c  Code  Gb  routing_AODV.o [1]
send_RREQ               0x08002cc1   0x40  Code  Gb  routing_AODV.o [1]
send_aodv_counters      0x08002e0d   0x4e  Code  Gb  routing_AODV.o [1]
sent_DATA_              0x200004b3    0x1  Data  Gb  main.o [1]
sequence_no_            0x200015a7    0x1  Data  Gb  packet.o [1]
serialRegData           0x20001448   0x24  Data  Gb  analogue.o [7]
setStackPointer         0x08006ce5    0x4  Code  Lc  low_level_init.o [1]
setTxStepTime           0x0800453b   0x34  Code  Lc  analogue.o [7]
shift                   0x08004443   0x10  Code  Lc  micro.o [1]
sleepTimerInterruptOccurred
                        0x20001408    0x1  Data  Lc  system-timer.o [1]
sleepTmrArtificalCnt    0x2000140c    0x4  Data  Gb  system-timer.o [1]
spreadModDac1           0x200015a0    0x2  Data  Gb  analogue-mod-dac.o [7]
spreadModDac2           0x200015a2    0x2  Data  Gb  analogue-mod-dac.o [7]
sprintf                 0x08000929   0x34  Code  Gb  sprintf.o [3]
src_8bit_adc_enable     0x08001491   0x14  Code  Gb  src_8bit_adc.o [1]
src_8bit_adc_init       0x08001463   0x2e  Code  Gb  src_8bit_adc.o [1]
src_8bit_adc_loop       0x080014a5   0x74  Code  Gb  src_8bit_adc.o [1]
src_8bit_powerup        0x08001461    0x2  Code  Gb  src_8bit_adc.o [1]
src_d_mem_p             0x200012dc    0x4  Data  Gb  src_8bit_adc.o [1]
src_d_mem_raw           0x200012c8   0x10  Data  Gb  src_8bit_adc.o [1]
ssn_buffer_raw          0x20001304  0x100  Data  Gb  ssn_8bit.o [1]
ssn_init                0x080020c5   0x56  Code  Gb  ssn_8bit.o [1]
ssn_loop                0x08002155   0x78  Code  Gb  ssn_8bit.o [1]
ssn_mem_p               0x200012e0    0x4  Data  Gb  ssn_8bit.o [1]
ssn_mem_raw             0x200012e4   0x20  Data  Gb  ssn_8bit.o [1]
ssn_recv_sample         0x080021cd   0x2a  Code  Gb  ssn_8bit.o [1]
ssn_send_pkt            0x080021f7   0x72  Code  Gb  ssn_8bit.o [1]
ssn_start_burst         0x0800211b   0x20  Code  Gb  ssn_8bit.o [1]
ssn_stop_burst          0x0800213b   0x1a  Code  Gb  ssn_8bit.o [1]
stAesEncrypt            0x08006a35   0x30  Code  Gb  aes.o [7]
stCalibrateVref         0x0800456f  0x12e  Code  Gb  analogue.o [7]
stGetRadioPower         0x08004ae3    0x8  Code  Gb  analogue.o [7]
stGetTxPowerMode        0x0800476b    0x8  Code  Gb  analogue.o [7]
stSetRadioPower         0x080049f3   0xe4  Code  Gb  analogue.o [7]
stSetTxPowerMode        0x080046b7   0xb4  Code  Gb  analogue.o [7]
stalled_reset           0x20000710    0x4  Data  Gb  STM32W_Radio.o [1]
startNextConversion     0x0800298b   0x5c  Code  Gb  hal_adc.o [1]
startRouteSearch        0x08003231   0x2a  Code  Gb  routing_OEDSR.o [1]
start_routing_aodv      0x08002f39   0x12  Code  Gb  routing_AODV.o [1]
start_time_diff         0x200011cc   0x78  Data  Gb  sch_basic.o [1]
stmChannelSettings      0x08004b34   0x40  Data  Gb  analogue.o [7]
stmDroppedAckStallWorkaround
                        0x08004bc5   0x40  Code  Gb  phy-common.o [7]
stmFetchInt32u          0x08006c75   0x28  Code  Gb  byte-utilities.o [7]
stmFinishAdcTempReading
                        0x080057c3   0x58  Code  Gb  phy.o [7]
stmFinishCalibrateCurrentChannel
                        0x08004773  0x210  Code  Gb  analogue.o [7]
stmFinishRadioSetChannel
                        0x08004987   0x5c  Code  Gb  analogue.o [7]
stmGetKeyFromCore       0x080069a5   0x30  Code  Gb  aes.o [7]
stmGetMacTimer          0x08005759    0x6  Code  Gb  phy.o [7]
stmInitEui64            0x080067e9   0x18  Code  Gb  eui64.o [7]
stmLoadKeyIntoCore      0x08006979   0x2c  Code  Gb  aes.o [7]
stmLocalEui64           0x20001594    0x8  Data  Gb  eui64.o [7]
stmLocalNodeId          0x2000077e    0x2  Data  Lc  phy-common.o [7]
stmLocalPanId           0x20000780    0x2  Data  Lc  phy-common.o [7]
stmLongIdDataPendingForDevice
                        0x08002bc9    0x4  Code  Gb  phy-library.o [7]
stmMacAckNeeded         0x20000770    0x1  Data  Gb  phy-common.o [7]
stmMfglibMode           0x20000771    0x1  Data  Gb  phy-common.o [7]
stmMfglibTransmitComplete
                        0x20000772    0x1  Data  Gb  phy-common.o [7]
stmPacketReceivedInternalIsrCallback
                        0x08002c01   0x4e  Code  Gb  phy-library.o [7]
stmPhySetCoordinator    0x080050c7   0x18  Code  Gb  phy-common.o [7]
stmPhySetEui64          0x08005099   0x2e  Code  Gb  phy-common.o [7]
stmRadioAdjustLna       0x08006641    0x4  Code  Gb  analogue-lna.o [7]
stmRadioAdjustModDac    0x0800635d    0xe  Code  Gb  analogue-mod-dac.o [7]
stmRadioAlwaysUseZeroBackoff
                        0x2000077a    0x1  Data  Gb  phy-common.o [7]
stmRadioBootPhySpecific
                        0x08005487   0x64  Code  Gb  phy.o [7]
stmRadioCalculateModDacTuneValue
                        0x080064df  0x12c  Code  Gb  analogue-mod-dac.o [7]
stmRadioCalibrateCellBias
                        0x08005ce9   0xa0  Code  Gb  analogue-cell-bias.o [7]
stmRadioCalibrateFilter
                        0x0800627d   0x30  Code  Gb  analogue-filter.o [7]
stmRadioCalibrateLna    0x0800664b  0x160  Code  Gb  analogue-lna.o [7]
stmRadioCalibrateVco    0x080062cf   0x78  Code  Gb  analogue-vco.o [7]
stmRadioChannel         0x20000756    0x1  Data  Gb  analogue.o [7]
stmRadioEnableAddressMatching
                        0x08005069   0x18  Code  Gb  phy-common.o [7]
stmRadioEnableAutoAck   0x08005081   0x18  Code  Gb  phy-common.o [7]
stmRadioEnableOverflowNotification
                        0x080050f9   0x18  Code  Gb  phy-common.o [7]
stmRadioEnablePacketTrace
                        0x0800512f   0x18  Code  Gb  phy-common.o [7]
stmRadioEnableSfdSentNotification
                        0x08005111   0x1e  Code  Gb  phy-common.o [7]
stmRadioGetPowerStatus  0x08005063    0x6  Code  Gb  phy-common.o [7]
stmRadioGetRandomNumbers
                        0x0800575f   0x5c  Code  Gb  phy.o [7]
stmRadioInit            0x08004e79  0x118  Code  Gb  phy-common.o [7]
stmRadioOverflowCallbackEnabled
                        0x20000778    0x1  Data  Lc  phy-common.o [7]
stmRadioPower           0x20000760    0x1  Data  Gb  analogue.o [7]
stmRadioReadSerialReg   0x080044f9    0xe  Code  Gb  analogue.o [7]
stmRadioReceiveCrcEnabled
                        0x080050f3    0x6  Code  Gb  phy-common.o [7]
stmRadioReceiveIsr      0x08005691   0xc8  Code  Gb  phy.o [7]
stmRadioReceiverFrameStatus
                        0x20001472    0x2  Data  Gb  phy.o [7]
stmRadioReceiverGain    0x20001474    0x2  Data  Gb  phy.o [7]
stmRadioResetAndEnableReceive
                        0x08005455   0x32  Code  Gb  phy.o [7]
stmRadioSetChannel      0x080049e3   0x10  Code  Gb  analogue.o [7]
stmRadioSetEdCcaThreshold
                        0x08005147   0x12  Code  Gb  phy-common.o [7]
stmRadioSfdSentCallbackEnabled
                        0x20000779    0x1  Data  Lc  phy-common.o [7]
stmRadioSleep           0x08004f91   0x74  Code  Gb  phy-common.o [7]
stmRadioTransmit        0x08004c51  0x136  Code  Gb  phy-common.o [7]
stmRadioTransmitCompleteCallback
                        0x08002bb3    0x4  Code  Gb  phy-library.o [7]
stmRadioTransmitIsr     0x08004d87   0xf2  Code  Gb  phy-common.o [7]
stmRadioTxPowerMode     0x2000076c    0x2  Data  Gb  analogue.o [7]
stmRadioUnpackChipErrors
                        0x08004c05    0xe  Code  Gb  phy-common.o [7]
stmRadioWakeUp          0x08005005   0x5e  Code  Gb  phy-common.o [7]
stmRadioWriteSerialReg  0x08004507   0x34  Code  Gb  analogue.o [7]
stmRxCRCFail            0x20001470    0x2  Data  Gb  phy.o [7]
stmRxPacket             0x20001476    0x2  Data  Gb  phy.o [7]
stmSerialRegAddress     0x08004b9c   0x24  Data  Gb  analogue.o [7]
stmSetNodeId            0x080050df    0xa  Code  Gb  phy-common.o [7]
stmSetPanId             0x080050e9    0xa  Code  Gb  phy-common.o [7]
stmStandAloneEncryptBlock
                        0x080069d5   0x46  Code  Gb  aes.o [7]
stmStartAdcTempReading  0x080057bb    0x8  Code  Gb  phy.o [7]
stmStartRadioSetChannel
                        0x08004983    0x4  Code  Gb  analogue.o [7]
stmStoreInt32u          0x08006c59   0x1c  Code  Gb  byte-utilities.o [7]
stmSynthFreqOffset      0x2000075e    0x1  Data  Gb  analogue.o [7]
stmTxStepTimeAltRfPath  0x20000761    0x1  Data  Gb  analogue.o [7]
stmVcoAutoTuneEnabled   0x20000757    0x1  Data  Gb  analogue.o [7]
str_CS_SWITCH           0x20000488    0xc  Data  Gb  ChannelSwitching.o [1]
str_CS_SWITCH_END       0x20000494   0x10  Data  Gb  ChannelSwitching.o [1]
str_LED_BLINK_1         0x20000618    0x8  Data  Gb  routing_MMCR.o [1]
str_LED_BLINK_2         0x20000628    0x8  Data  Gb  routing_MMCR.o [1]
str_MMCR_HELLO          0x20000634    0xc  Data  Gb  routing_MMCR_MPR_select.o [1]
str_MMCR_TC             0x20000640    0x8  Data  Gb  routing_MMCR_MPR_select.o [1]
str_MMCR_sendACK        0x20000658   0x10  Data  Gb  routing_MMCR_MPR_select.o [1]
str_MMCR_startRT        0x20000648   0x10  Data  Gb  routing_MMCR_MPR_select.o [1]
str_NONE                0x200006f4    0x8  Data  Gb  sch_basic.o [1]
str_TEST                0x20000620    0x8  Data  Gb  routing_MMCR.o [1]
str_stradio_PktTO       0x20000740   0x14  Data  Gb  STM32W_Radio.o [1]
stradio_count_failed_retransmissions_
                        0x20000738    0x4  Data  Gb  STM32W_Radio.o [1]
stradio_count_ov_priority_
                        0x20000714    0x4  Data  Gb  STM32W_Radio.o [1]
stradio_count_tx_timeouts_
                        0x20001404    0x4  Data  Gb  STM32W_Radio.o [1]
stradio_pending_data_   0x20000708    0x4  Data  Gb  STM32W_Radio.o [1]
stradio_pending_dst_    0x20000704    0x2  Data  Gb  STM32W_Radio.o [1]
stradio_pending_len_    0x200006fc    0x1  Data  Gb  STM32W_Radio.o [1]
stradio_power_          0x20000754    0x1  Data  Gb  STM32W_Radio.o [1]
stradio_resend_         0x20000730    0x4  Data  Gb  STM32W_Radio.o [1]
stradio_retransmision_result
                        0x2000073c    0x4  Data  Gb  STM32W_Radio.o [1]
stradio_retransmit_req_
                        0x20000700    0x1  Data  Gb  STM32W_Radio.o [1]
strchr                  0x08002795         Code  Gb  strchr.o [5]
strlen                  0x080027ad         Code  Gb  strlen.o [5]
switch_start_time_      0x20000474    0x4  Data  Gb  Application.o [1]
switch_timeout_         0x20000470    0x4  Data  Gb  Application.o [1]
sys_error               0x0800157b    0x6  Code  Gb  sys_func.o [1]
sys_init                0x08001571    0x8  Code  Gb  sys_func.o [1]
sys_last_error          0x200015af    0x1  Data  Gb  sys_func.o [1]
sys_reset               0x08001579    0x2  Code  Gb  sys_func.o [1]
temp_cC                 0x20000408    0x4  Data  Gb  app_temp_1wire_main.o [1]
temp_sensor_timeout     0x20000403    0x1  Data  Gb  app_temp_1wire_main.o [1]
temp_task_name          0x2000043c    0x8  Data  Gb  app_temp_1wire_main.o [1]
timeout_idx             0x20000674    0x1  Data  Gb  sch_basic.o [1]
timer_cb_test1          0x08003d35   0x1c  Code  Gb  routing_MMCR.o [1]
timer_cb_test2          0x08003d51   0x34  Code  Gb  routing_MMCR.o [1]
tsp_callback_funcs      0x20001420   0x28  Data  Gb  tsp_common.o [1]
tsp_callback_port       0x20001414    0xc  Data  Gb  tsp_common.o [1]
tsp_cb_count            0x20001410    0x1  Data  Gb  tsp_common.o [1]
tsp_distribute_modules  0x08001f23   0x74  Code  Gb  tsp_common.o [1]
tsp_get_dummy           0x08002055   0x32  Code  Gb  tsp_common.o [1]
tsp_init                0x08001f05    0x8  Code  Gb  tsp_common.o [1]
tsp_new_module          0x08002087   0x2c  Code  Gb  tsp_common.o [1]
tsp_receive             0x08001f0d   0x16  Code  Gb  tsp_common.o [1]
tsp_release_packet      0x08001f97    0x4  Code  Gb  tsp_common.o [1]
tsp_reserve_packet      0x08001fbf   0x96  Code  Gb  tsp_common.o [1]
tsp_send_from_modules   0x08001f9b   0x24  Code  Gb  tsp_common.o [1]
txComplete              0x2000056c    0x1  Data  Gb  mote.o [1]
txPacket                0x200004ec   0x80  Data  Gb  mote.o [1]
txPower                 0x08004b74   0x28  Data  Gb  analogue.o [7]
txTIDX                  0x200006ff    0x1  Data  Gb  STM32W_Radio.o [1]
tx_count_               0x20000718    0x4  Data  Gb  STM32W_Radio.o [1]
tx_isr_count_           0x2000071c    0x4  Data  Gb  STM32W_Radio.o [1]
uartInit                0x08006801   0x44  Code  Gb  hal_uart.o [1]
update_pkt_send         0x080018d7   0x1c  Code  Gb  routing.o [1]
useXtalAsIs             0x200004a7    0x1  Data  Lc  hal_clocks.o [1]
vcoLastTuneValueAvailable
                        0x200015b4    0x1  Data  Gb  analogue-vco.o [7]
vcoTuneModDacError      0x080064bb   0x24  Code  Lc  analogue-mod-dac.o [7]
verifyFib               0x08006ac5   0x22  Code  Lc  hal_flash.o [1]
wakeupSleepTmrCnt       0x200012c4    0x4  Data  Gb  sleep.o [1]
wakeupXtalState         0x200004a5    0x1  Data  Gb  hal_clocks.o [1]
wrong_make_empty        0x200009ec    0x2  Data  Gb  Queuing.o [1]
xtalAboveLoThresholdUs  0x200004a6    0x1  Data  Gb  hal_clocks.o [1]
xtalUnstable            0x200004a4    0x1  Data  Gb  hal_clocks.o [1]


[1] = C:\Users\Jon\Documents\MO_S_and_T\CpE5170_RT_Systems\Labs\cpe-5170-mote-code\Projects\SimpleMAC\mote_project\EWARM\MB_SnT_X2_Mote\Obj
[2] = command line
[3] = dl7M_tln.a
[4] = m7M_tl.a
[5] = rt7M_tl.a
[6] = shb_l.a
[7] = simplemac-library.a

  28 680 bytes of readonly  code memory
     381 bytes of readonly  data memory
   7 651 bytes of readwrite data memory

Errors: none
Warnings: 3
