###############################################################################
#
# IAR ELF Linker V7.30.4.8167/W32 for ARM                 21/Feb/2015  16:58:28
# Copyright 2007-2014 IAR Systems AB.
#
#    Output file  =  
#        C:\Users\Jon\Documents\MO_S_and_T\CpE5170_RT_Systems\Labs\cpe-5170-mote-code\Projects\SimpleMAC\mote_project\EWARM\MB_SnT_X2_Mote\Exe\Project.out
#    Map file     =  
#        C:\Users\Jon\Documents\MO_S_and_T\CpE5170_RT_Systems\Labs\cpe-5170-mote-code\Projects\SimpleMAC\mote_project\EWARM\MB_SnT_X2_Mote\List\Project.map
#    Command line =  
#        C:\Users\Jon\Documents\MO_S_and_T\CpE5170_RT_Systems\Labs\cpe-5170-mote-code\Projects\SimpleMAC\mote_project\EWARM\MB_SnT_X2_Mote\Obj\app_temp_1wire_main.o
#        C:\Users\Jon\Documents\MO_S_and_T\CpE5170_RT_Systems\Labs\cpe-5170-mote-code\Projects\SimpleMAC\mote_project\EWARM\MB_SnT_X2_Mote\Obj\Application.o
#        C:\Users\Jon\Documents\MO_S_and_T\CpE5170_RT_Systems\Labs\cpe-5170-mote-code\Projects\SimpleMAC\mote_project\EWARM\MB_SnT_X2_Mote\Obj\arm_adc.o
#        C:\Users\Jon\Documents\MO_S_and_T\CpE5170_RT_Systems\Labs\cpe-5170-mote-code\Projects\SimpleMAC\mote_project\EWARM\MB_SnT_X2_Mote\Obj\board.o
#        C:\Users\Jon\Documents\MO_S_and_T\CpE5170_RT_Systems\Labs\cpe-5170-mote-code\Projects\SimpleMAC\mote_project\EWARM\MB_SnT_X2_Mote\Obj\bs_base.o
#        C:\Users\Jon\Documents\MO_S_and_T\CpE5170_RT_Systems\Labs\cpe-5170-mote-code\Projects\SimpleMAC\mote_project\EWARM\MB_SnT_X2_Mote\Obj\ChannelSwitching.o
#        C:\Users\Jon\Documents\MO_S_and_T\CpE5170_RT_Systems\Labs\cpe-5170-mote-code\Projects\SimpleMAC\mote_project\EWARM\MB_SnT_X2_Mote\Obj\CongestionControl.o
#        C:\Users\Jon\Documents\MO_S_and_T\CpE5170_RT_Systems\Labs\cpe-5170-mote-code\Projects\SimpleMAC\mote_project\EWARM\MB_SnT_X2_Mote\Obj\context-switch.o
#        C:\Users\Jon\Documents\MO_S_and_T\CpE5170_RT_Systems\Labs\cpe-5170-mote-code\Projects\SimpleMAC\mote_project\EWARM\MB_SnT_X2_Mote\Obj\hal_adc.o
#        C:\Users\Jon\Documents\MO_S_and_T\CpE5170_RT_Systems\Labs\cpe-5170-mote-code\Projects\SimpleMAC\mote_project\EWARM\MB_SnT_X2_Mote\Obj\hal_clocks.o
#        C:\Users\Jon\Documents\MO_S_and_T\CpE5170_RT_Systems\Labs\cpe-5170-mote-code\Projects\SimpleMAC\mote_project\EWARM\MB_SnT_X2_Mote\Obj\hal_flash.o
#        C:\Users\Jon\Documents\MO_S_and_T\CpE5170_RT_Systems\Labs\cpe-5170-mote-code\Projects\SimpleMAC\mote_project\EWARM\MB_SnT_X2_Mote\Obj\hal_uart.o
#        C:\Users\Jon\Documents\MO_S_and_T\CpE5170_RT_Systems\Labs\cpe-5170-mote-code\Projects\SimpleMAC\mote_project\EWARM\MB_SnT_X2_Mote\Obj\hio_xbee.o
#        C:\Users\Jon\Documents\MO_S_and_T\CpE5170_RT_Systems\Labs\cpe-5170-mote-code\Projects\SimpleMAC\mote_project\EWARM\MB_SnT_X2_Mote\Obj\lcd_char2x8.o
#        C:\Users\Jon\Documents\MO_S_and_T\CpE5170_RT_Systems\Labs\cpe-5170-mote-code\Projects\SimpleMAC\mote_project\EWARM\MB_SnT_X2_Mote\Obj\low_level_init.o
#        C:\Users\Jon\Documents\MO_S_and_T\CpE5170_RT_Systems\Labs\cpe-5170-mote-code\Projects\SimpleMAC\mote_project\EWARM\MB_SnT_X2_Mote\Obj\main.o
#        C:\Users\Jon\Documents\MO_S_and_T\CpE5170_RT_Systems\Labs\cpe-5170-mote-code\Projects\SimpleMAC\mote_project\EWARM\MB_SnT_X2_Mote\Obj\mb_snt_x2.o
#        C:\Users\Jon\Documents\MO_S_and_T\CpE5170_RT_Systems\Labs\cpe-5170-mote-code\Projects\SimpleMAC\mote_project\EWARM\MB_SnT_X2_Mote\Obj\mfg-token.o
#        C:\Users\Jon\Documents\MO_S_and_T\CpE5170_RT_Systems\Labs\cpe-5170-mote-code\Projects\SimpleMAC\mote_project\EWARM\MB_SnT_X2_Mote\Obj\micro-common-internal.o
#        C:\Users\Jon\Documents\MO_S_and_T\CpE5170_RT_Systems\Labs\cpe-5170-mote-code\Projects\SimpleMAC\mote_project\EWARM\MB_SnT_X2_Mote\Obj\micro-common.o
#        C:\Users\Jon\Documents\MO_S_and_T\CpE5170_RT_Systems\Labs\cpe-5170-mote-code\Projects\SimpleMAC\mote_project\EWARM\MB_SnT_X2_Mote\Obj\micro.o
#        C:\Users\Jon\Documents\MO_S_and_T\CpE5170_RT_Systems\Labs\cpe-5170-mote-code\Projects\SimpleMAC\mote_project\EWARM\MB_SnT_X2_Mote\Obj\microstrain.o
#        C:\Users\Jon\Documents\MO_S_and_T\CpE5170_RT_Systems\Labs\cpe-5170-mote-code\Projects\SimpleMAC\mote_project\EWARM\MB_SnT_X2_Mote\Obj\mote.o
#        C:\Users\Jon\Documents\MO_S_and_T\CpE5170_RT_Systems\Labs\cpe-5170-mote-code\Projects\SimpleMAC\mote_project\EWARM\MB_SnT_X2_Mote\Obj\nvm.o
#        C:\Users\Jon\Documents\MO_S_and_T\CpE5170_RT_Systems\Labs\cpe-5170-mote-code\Projects\SimpleMAC\mote_project\EWARM\MB_SnT_X2_Mote\Obj\OneWire.o
#        C:\Users\Jon\Documents\MO_S_and_T\CpE5170_RT_Systems\Labs\cpe-5170-mote-code\Projects\SimpleMAC\mote_project\EWARM\MB_SnT_X2_Mote\Obj\packet.o
#        C:\Users\Jon\Documents\MO_S_and_T\CpE5170_RT_Systems\Labs\cpe-5170-mote-code\Projects\SimpleMAC\mote_project\EWARM\MB_SnT_X2_Mote\Obj\Phy_layer.o
#        C:\Users\Jon\Documents\MO_S_and_T\CpE5170_RT_Systems\Labs\cpe-5170-mote-code\Projects\SimpleMAC\mote_project\EWARM\MB_SnT_X2_Mote\Obj\Q_Droptail.o
#        C:\Users\Jon\Documents\MO_S_and_T\CpE5170_RT_Systems\Labs\cpe-5170-mote-code\Projects\SimpleMAC\mote_project\EWARM\MB_SnT_X2_Mote\Obj\Q_SFQ.o
#        C:\Users\Jon\Documents\MO_S_and_T\CpE5170_RT_Systems\Labs\cpe-5170-mote-code\Projects\SimpleMAC\mote_project\EWARM\MB_SnT_X2_Mote\Obj\Queuing.o
#        C:\Users\Jon\Documents\MO_S_and_T\CpE5170_RT_Systems\Labs\cpe-5170-mote-code\Projects\SimpleMAC\mote_project\EWARM\MB_SnT_X2_Mote\Obj\routing.o
#        C:\Users\Jon\Documents\MO_S_and_T\CpE5170_RT_Systems\Labs\cpe-5170-mote-code\Projects\SimpleMAC\mote_project\EWARM\MB_SnT_X2_Mote\Obj\routing_AODV.o
#        C:\Users\Jon\Documents\MO_S_and_T\CpE5170_RT_Systems\Labs\cpe-5170-mote-code\Projects\SimpleMAC\mote_project\EWARM\MB_SnT_X2_Mote\Obj\routing_MMCR.o
#        C:\Users\Jon\Documents\MO_S_and_T\CpE5170_RT_Systems\Labs\cpe-5170-mote-code\Projects\SimpleMAC\mote_project\EWARM\MB_SnT_X2_Mote\Obj\routing_MMCR_MPR_select.o
#        C:\Users\Jon\Documents\MO_S_and_T\CpE5170_RT_Systems\Labs\cpe-5170-mote-code\Projects\SimpleMAC\mote_project\EWARM\MB_SnT_X2_Mote\Obj\routing_OEDSR.o
#        C:\Users\Jon\Documents\MO_S_and_T\CpE5170_RT_Systems\Labs\cpe-5170-mote-code\Projects\SimpleMAC\mote_project\EWARM\MB_SnT_X2_Mote\Obj\rssi_sensor.o
#        C:\Users\Jon\Documents\MO_S_and_T\CpE5170_RT_Systems\Labs\cpe-5170-mote-code\Projects\SimpleMAC\mote_project\EWARM\MB_SnT_X2_Mote\Obj\RTC.o
#        C:\Users\Jon\Documents\MO_S_and_T\CpE5170_RT_Systems\Labs\cpe-5170-mote-code\Projects\SimpleMAC\mote_project\EWARM\MB_SnT_X2_Mote\Obj\rtls_beacon.o
#        C:\Users\Jon\Documents\MO_S_and_T\CpE5170_RT_Systems\Labs\cpe-5170-mote-code\Projects\SimpleMAC\mote_project\EWARM\MB_SnT_X2_Mote\Obj\rtls_calculate.o
#        C:\Users\Jon\Documents\MO_S_and_T\CpE5170_RT_Systems\Labs\cpe-5170-mote-code\Projects\SimpleMAC\mote_project\EWARM\MB_SnT_X2_Mote\Obj\sch_basic.o
#        C:\Users\Jon\Documents\MO_S_and_T\CpE5170_RT_Systems\Labs\cpe-5170-mote-code\Projects\SimpleMAC\mote_project\EWARM\MB_SnT_X2_Mote\Obj\sig_basic.o
#        C:\Users\Jon\Documents\MO_S_and_T\CpE5170_RT_Systems\Labs\cpe-5170-mote-code\Libraries\SimpleMAC\Binary\simplemac-library.a
#        C:\Users\Jon\Documents\MO_S_and_T\CpE5170_RT_Systems\Labs\cpe-5170-mote-code\Projects\SimpleMAC\mote_project\EWARM\MB_SnT_X2_Mote\Obj\sleep.o
#        C:\Users\Jon\Documents\MO_S_and_T\CpE5170_RT_Systems\Labs\cpe-5170-mote-code\Projects\SimpleMAC\mote_project\EWARM\MB_SnT_X2_Mote\Obj\src_8bit_adc.o
#        C:\Users\Jon\Documents\MO_S_and_T\CpE5170_RT_Systems\Labs\cpe-5170-mote-code\Projects\SimpleMAC\mote_project\EWARM\MB_SnT_X2_Mote\Obj\src_dummy.o
#        C:\Users\Jon\Documents\MO_S_and_T\CpE5170_RT_Systems\Labs\cpe-5170-mote-code\Projects\SimpleMAC\mote_project\EWARM\MB_SnT_X2_Mote\Obj\ssn_8bit.o
#        C:\Users\Jon\Documents\MO_S_and_T\CpE5170_RT_Systems\Labs\cpe-5170-mote-code\Projects\SimpleMAC\mote_project\EWARM\MB_SnT_X2_Mote\Obj\ssn_basic.o
#        C:\Users\Jon\Documents\MO_S_and_T\CpE5170_RT_Systems\Labs\cpe-5170-mote-code\Projects\SimpleMAC\mote_project\EWARM\MB_SnT_X2_Mote\Obj\startup_stm32w108xx.o
#        C:\Users\Jon\Documents\MO_S_and_T\CpE5170_RT_Systems\Labs\cpe-5170-mote-code\Projects\SimpleMAC\mote_project\EWARM\MB_SnT_X2_Mote\Obj\stm32w108xx_adc.o
#        C:\Users\Jon\Documents\MO_S_and_T\CpE5170_RT_Systems\Labs\cpe-5170-mote-code\Projects\SimpleMAC\mote_project\EWARM\MB_SnT_X2_Mote\Obj\stm32w108xx_clk.o
#        C:\Users\Jon\Documents\MO_S_and_T\CpE5170_RT_Systems\Labs\cpe-5170-mote-code\Projects\SimpleMAC\mote_project\EWARM\MB_SnT_X2_Mote\Obj\stm32w108xx_exti.o
#        C:\Users\Jon\Documents\MO_S_and_T\CpE5170_RT_Systems\Labs\cpe-5170-mote-code\Projects\SimpleMAC\mote_project\EWARM\MB_SnT_X2_Mote\Obj\stm32w108xx_flash.o
#        C:\Users\Jon\Documents\MO_S_and_T\CpE5170_RT_Systems\Labs\cpe-5170-mote-code\Projects\SimpleMAC\mote_project\EWARM\MB_SnT_X2_Mote\Obj\stm32w108xx_gpio.o
#        C:\Users\Jon\Documents\MO_S_and_T\CpE5170_RT_Systems\Labs\cpe-5170-mote-code\Projects\SimpleMAC\mote_project\EWARM\MB_SnT_X2_Mote\Obj\stm32W108xx_it.o
#        C:\Users\Jon\Documents\MO_S_and_T\CpE5170_RT_Systems\Labs\cpe-5170-mote-code\Projects\SimpleMAC\mote_project\EWARM\MB_SnT_X2_Mote\Obj\stm32w108xx_misc.o
#        C:\Users\Jon\Documents\MO_S_and_T\CpE5170_RT_Systems\Labs\cpe-5170-mote-code\Projects\SimpleMAC\mote_project\EWARM\MB_SnT_X2_Mote\Obj\stm32w108xx_pwr.o
#        C:\Users\Jon\Documents\MO_S_and_T\CpE5170_RT_Systems\Labs\cpe-5170-mote-code\Projects\SimpleMAC\mote_project\EWARM\MB_SnT_X2_Mote\Obj\stm32w108xx_rst.o
#        C:\Users\Jon\Documents\MO_S_and_T\CpE5170_RT_Systems\Labs\cpe-5170-mote-code\Projects\SimpleMAC\mote_project\EWARM\MB_SnT_X2_Mote\Obj\stm32w108xx_sc.o
#        C:\Users\Jon\Documents\MO_S_and_T\CpE5170_RT_Systems\Labs\cpe-5170-mote-code\Projects\SimpleMAC\mote_project\EWARM\MB_SnT_X2_Mote\Obj\stm32w108xx_slptim.o
#        C:\Users\Jon\Documents\MO_S_and_T\CpE5170_RT_Systems\Labs\cpe-5170-mote-code\Projects\SimpleMAC\mote_project\EWARM\MB_SnT_X2_Mote\Obj\stm32w108xx_tim.o
#        C:\Users\Jon\Documents\MO_S_and_T\CpE5170_RT_Systems\Labs\cpe-5170-mote-code\Projects\SimpleMAC\mote_project\EWARM\MB_SnT_X2_Mote\Obj\stm32w108xx_wdg.o
#        C:\Users\Jon\Documents\MO_S_and_T\CpE5170_RT_Systems\Labs\cpe-5170-mote-code\Projects\SimpleMAC\mote_project\EWARM\MB_SnT_X2_Mote\Obj\STM32W_Radio.o
#        C:\Users\Jon\Documents\MO_S_and_T\CpE5170_RT_Systems\Labs\cpe-5170-mote-code\Projects\SimpleMAC\mote_project\EWARM\MB_SnT_X2_Mote\Obj\sys_func.o
#        C:\Users\Jon\Documents\MO_S_and_T\CpE5170_RT_Systems\Labs\cpe-5170-mote-code\Projects\SimpleMAC\mote_project\EWARM\MB_SnT_X2_Mote\Obj\system-timer.o
#        C:\Users\Jon\Documents\MO_S_and_T\CpE5170_RT_Systems\Labs\cpe-5170-mote-code\Projects\SimpleMAC\mote_project\EWARM\MB_SnT_X2_Mote\Obj\system_stm32w108xx.o
#        C:\Users\Jon\Documents\MO_S_and_T\CpE5170_RT_Systems\Labs\cpe-5170-mote-code\Projects\SimpleMAC\mote_project\EWARM\MB_SnT_X2_Mote\Obj\tsp_common.o
#        --redirect _Printf=_PrintfSmall --redirect _Scanf=_ScanfSmall -o
#        C:\Users\Jon\Documents\MO_S_and_T\CpE5170_RT_Systems\Labs\cpe-5170-mote-code\Projects\SimpleMAC\mote_project\EWARM\MB_SnT_X2_Mote\Exe\Project.out
#        --map
#        C:\Users\Jon\Documents\MO_S_and_T\CpE5170_RT_Systems\Labs\cpe-5170-mote-code\Projects\SimpleMAC\mote_project\EWARM\MB_SnT_X2_Mote\List\Project.map
#        --config
#        C:\Users\Jon\Documents\MO_S_and_T\CpE5170_RT_Systems\Labs\cpe-5170-mote-code\Projects\SimpleMAC\mote_project\EWARM\stm32w108xx_flash.icf
#        --semihosting --entry __iar_program_start --vfe --enable_stack_usage
#        --call_graph
#        C:\Users\Jon\Documents\MO_S_and_T\CpE5170_RT_Systems\Labs\cpe-5170-mote-code\Projects\SimpleMAC\mote_project\EWARM\Project.stack.log.xml
#
###############################################################################

*******************************************************************************
*** MESSAGES
***

Warning[Lo007]: [stack usage analysis] at least one function does not have
          stack usage information. Example: "Reset_Handler". A complete list of
          such functions is in the map file.
Warning[Lo009]: [stack usage analysis] the program contains at least one
          indirect call. Example: from "low_level_init2" in low_level_init.o
          [1]. A complete list of such functions is in the map file.
Warning[Lo010]: [stack usage analysis] the program contains at least one
          instance of recursion for which  stack usage analysis has not been
          able to calculate a maximum stack depth. One function involved is
          "halInternalGetMfgTokenData". A complete list of all recursion nests
          is in the map file.


*******************************************************************************
*** RUNTIME MODEL ATTRIBUTES
***

CppFlavor       = *
__SystemLibrary = DLib


*******************************************************************************
*** PLACEMENT SUMMARY
***

"A1":  place at 0x08040000 { section FAT };
"P1":  place in [from 0x08000000 to 0x0801ffff] { block FLASH_IMAGE };
"A2":  place at end of [0x08000000-0x0801ffff] { section NVM };
"P2":  place in [from 0x20000000 to 0x20001fff] { block RAM_BLOCK };

  Section              Kind        Address    Size  Object
  -------              ----        -------    ----  ------
"P1":                                       0x7141
  FLASH_IMAGE                   0x08000000  0x7141  <Block>
    .intvec            ro code  0x08000000    0x84  startup_stm32w108xx.o [1]
    .text              ro code  0x08000084   0x1cc  app_temp_1wire_main.o [1]
    .text              ro code  0x08000250   0x2f6  OneWire.o [1]
    .rodata            const    0x08000546    0x12  mfg-token.o [1]
    .text              ro code  0x08000558    0x48  system-timer.o [1]
    .text              ro code  0x080005a0    0x24  printf.o [3]
    .text              ro code  0x080005c4   0x320  sch_basic.o [1]
    .text              ro code  0x080008e4    0x34  sprintf.o [3]
    .text              ro code  0x08000918   0x2c4  main.o [1]
    .text              ro code  0x08000bdc    0x86  stm32w108xx_gpio.o [1]
    .text              ro code  0x08000c62     0xa  xsprout.o [3]
    .text              ro code  0x08000c6c   0x13c  micro-common-internal.o [1]
    .text              ro code  0x08000da8   0x4d8  xprintfsmall.o [3]
    .text              ro code  0x08001280   0x17a  mb_snt_x2.o [1]
    .text              ro code  0x080013fa    0x22  zero_init3.o [5]
    .text              ro code  0x0800141c    0xcc  src_8bit_adc.o [1]
    .text              ro code  0x080014e8    0x44  RTC.o [1]
    .text              ro code  0x0800152c    0x18  sys_func.o [1]
    .text              ro code  0x08001544    0x5c  Phy_layer.o [1]
    .text              ro code  0x080015a0    0x94  Queuing.o [1]
    .text              ro code  0x08001634   0x2f0  routing.o [1]
    .text              ro code  0x08001924   0x434  Application.o [1]
    .text              ro code  0x08001d58   0x168  ChannelSwitching.o [1]
    .text              ro code  0x08001ec0   0x1c0  tsp_common.o [1]
    .text              ro code  0x08002080   0x1ac  ssn_8bit.o [1]
    .text              ro code  0x0800222c   0x11a  stm32w108xx_sc.o [1]
    .text              ro code  0x08002348   0x2c4  hio_xbee.o [1]
    .text              ro code  0x0800260c    0xdc  cal_adc.o [7]
    .text              ro code  0x080026e8    0x68  mfg-token.o [1]
    .text              ro code  0x08002750    0x16  strchr.o [5]
    .text              ro code  0x08002768    0x36  strlen.o [5]
    .text              ro code  0x080027a0    0x58  memchr.o [5]
    .text              ro code  0x080027f8    0x7c  stm32w108xx_exti.o [1]
    .text              ro code  0x08002874    0x6c  stm32w108xx_misc.o [1]
    .text              ro code  0x080028e0   0x27c  hal_adc.o [1]
    .text              ro code  0x08002b5c    0xae  phy-library.o [7]
    .text              ro code  0x08002c0c    0x70  Q_Droptail.o [1]
    .text              ro code  0x08002c7c   0x3dc  routing_AODV.o [1]
    .text              ro code  0x08003058   0x4cc  routing_OEDSR.o [1]
    .text              ro code  0x08003524   0x7cc  routing_MMCR_MPR_select.o [1]
    .text              ro code  0x08003cf0   0x354  routing_MMCR.o [1]
    .text              ro code  0x08004044   0x308  STM32W_Radio.o [1]
    .text              ro code  0x0800434c    0x24  stm32w108xx_clk.o [1]
    .text              ro code  0x08004370    0x3a  ABImemset48.o [5]
    .text              ro code  0x080043ac     0x8  context-switch.o [1]
    .text              ro code  0x080043b4    0xb0  micro.o [1]
    .text              ro code  0x08004464    0x50  stm32w108xx_adc.o [1]
    .text              ro code  0x080044b4   0x6cc  analogue.o [7]
    .text              ro code  0x08004b80   0x5fc  phy-common.o [7]
    .text              ro code  0x0800517c   0x294  mote.o [1]
    .text              ro code  0x08005410   0x414  phy.o [7]
    .text              ro code  0x08005824     0x6  ABImemclr.o [5]
    .text              ro code  0x0800582c    0x14  packet.o [1]
    .text              ro code  0x08005840   0x2f8  hal_clocks.o [1]
    .text              ro code  0x08005b38    0x4c  board.o [1]
    .text              ro code  0x08005b84    0x44  micro-common.o [1]
    .text              ro code  0x08005bc8    0x76  ABImemcpy_unaligned.o [5]
    .text              ro code  0x08005c40    0x62  memcmp_unaligned.o [5]
    .text              ro code  0x08005ca4    0xd0  analogue-cell-bias.o [7]
    .text              ro code  0x08005d74   0x4c4  nvm.o [1]
    .text              ro code  0x08006238    0x30  analogue-filter.o [7]
    .text              ro code  0x08006268    0xb0  analogue-vco.o [7]
    .text              ro code  0x08006318   0x2dc  analogue-mod-dac.o [7]
    .text              ro code  0x080065f4   0x1aa  analogue-lna.o [7]
    .text              ro code  0x0800679e     0x6  abort.o [3]
    .text              ro code  0x080067a4    0x18  eui64.o [7]
    .text              ro code  0x080067bc   0x152  hal_uart.o [1]
    .text              ro code  0x08006910    0x24  ABIassert.o [6]
    .text              ro code  0x08006934    0xec  aes.o [7]
    .text              ro code  0x08006a20    0x5e  ABImemset.o [5]
    .text              ro code  0x08006a80   0x178  hal_flash.o [1]
    .text              ro code  0x08006bf8     0x8  abs.o [3]
    .text              ro code  0x08006c00    0x14  exit.o [6]
    .text              ro code  0x08006c14    0x44  byte-utilities.o [7]
    .text              ro code  0x08006c58    0x38  context-switch.o [1]
    .text              ro code  0x08006c90    0x10  context-switch.o [1]
    .text              ro code  0x08006ca0   0x160  low_level_init.o [1]
    .text              ro code  0x08006e00    0x10  startup_stm32w108xx.o [1]
    .text              ro code  0x08006e10    0x1a  cmain.o [5]
    .text              ro code  0x08006e2c    0x28  data_init.o [5]
    .text              ro code  0x08006e54     0x4  exit.o [3]
    .text              ro code  0x08006e58     0xa  cexit.o [5]
    .text              ro code  0x08006e62     0x4  startup_stm32w108xx.o [1]
    .text              ro code  0x08006e66     0x4  startup_stm32w108xx.o [1]
    .text              ro code  0x08006e6a     0x4  startup_stm32w108xx.o [1]
    .text              ro code  0x08006e6e     0x4  startup_stm32w108xx.o [1]
    .text              ro code  0x08006e72     0x4  startup_stm32w108xx.o [1]
    .text              ro code  0x08006e76     0x4  startup_stm32w108xx.o [1]
    .text              ro code  0x08006e7a     0x4  startup_stm32w108xx.o [1]
    .text              ro code  0x08006e7e     0x4  startup_stm32w108xx.o [1]
    .text              ro code  0x08006e82     0x4  startup_stm32w108xx.o [1]
    .text              ro code  0x08006e86     0x4  startup_stm32w108xx.o [1]
    .text              ro code  0x08006e8a    0x32  stm32W108xx_it.o [1]
    .text              ro code  0x08006ebc     0xc  cstartup_M.o [5]
    .text              ro code  0x08006ec8    0x16  xprout.o [3]
    .text              ro code  0x08006ede    0x28  putchar.o [3]
    .text              ro code  0x08006f06    0xd0  packbits_init.o [5]
    .iar.init_table    const    0x08006fd8    0x2c  - Linker created -
    .rodata            const    0x08007004     0x0  zero_init3.o [5]
    .rodata            const    0x08007004     0x0  packbits_init.o [5]
    Initializer bytes  const    0x08007004   0x13d  <for rw-1>
                              - 0x08007141  0x7141

"A2":                                        0x800
  NVM                  uninit   0x0801f800   0x400  nvm.o [1]
  NVM                  uninit   0x0801fc00   0x400  nvm.o [1]
                              - 0x08020000   0x800

"A1":                                         0x2c
  FAT                  uninit   0x08040000    0x2c  low_level_init.o [1]
                              - 0x0804002c    0x2c

"P2":                                       0x14c4
  RAM_BLOCK                     0x20000000  0x14c4  <Block>
    CSTACK                      0x20000000   0x400  <Block>
      CSTACK           uninit   0x20000000   0x400  <Block tail>
    rw-1                        0x20000400   0x401  <Init block>
      .data            inited   0x20000400    0x48  app_temp_1wire_main.o [1]
      .data            inited   0x20000448    0x30  Application.o [1]
      .data            inited   0x20000478    0x2c  ChannelSwitching.o [1]
      .data            inited   0x200004a4     0x8  hal_clocks.o [1]
      .data            inited   0x200004ac    0x1c  main.o [1]
      .data            inited   0x200004c8     0x8  mb_snt_x2.o [1]
      .data            inited   0x200004d0     0x4  mb_snt_x2.o [1]
      .data            inited   0x200004d4     0xc  mb_snt_x2.o [1]
      .data            inited   0x200004e0     0x4  micro.o [1]
      .data            inited   0x200004e4     0x8  mote.o [1]
      .data            inited   0x200004ec    0x82  mote.o [1]
      .data            inited   0x20000570    0x48  mote.o [1]
      .data            inited   0x200005b8    0x20  Phy_layer.o [1]
      .data            inited   0x200005d8    0x3c  routing_AODV.o [1]
      .data            inited   0x20000614     0x1  routing_MMCR.o [1]
      .data            inited   0x20000618    0x10  routing_MMCR.o [1]
      .data            inited   0x20000628     0x8  routing_MMCR.o [1]
      .data            inited   0x20000630    0x28  routing_MMCR_MPR_select.o [1]
      .data            inited   0x20000658    0x10  routing_MMCR_MPR_select.o [1]
      .data            inited   0x20000668     0x8  routing_OEDSR.o [1]
      .data            inited   0x20000670   0x100  sch_basic.o [1]
      .data            inited   0x20000770    0x58  STM32W_Radio.o [1]
      .data            inited   0x200007c8     0x1  STM32W_Radio.o [1]
      .data            inited   0x200007ca     0x9  analogue.o [7]
      .data            inited   0x200007d4     0xe  analogue.o [7]
      .data            inited   0x200007e4    0x1c  phy-common.o [7]
      .data            inited   0x20000800     0x1  phy-common.o [7]
    CSTACK             rw data  0x20000801     0x0  context-switch.o [1]
    RESETINFO          rw data  0x20000801     0x0  context-switch.o [1]
    .bss               zero     0x20000804     0x8  context-switch.o [1]
    .bss               zero     0x2000080c    0x1e  hal_adc.o [1]
    .bss               zero     0x2000082a     0x6  hal_uart.o [1]
    .bss               zero     0x20000830    0x80  hal_uart.o [1]
    .bss               zero     0x200008b0    0x74  hio_xbee.o [1]
    .bss               zero     0x20000924    0x7a  hio_xbee.o [1]
    .bss               zero     0x2000099e     0x2  routing.o [1]
    .bss               zero     0x200009a0     0xc  hio_xbee.o [1]
    .bss               zero     0x200009ac     0x4  main.o [1]
    .bss               zero     0x200009b0    0x8c  mote.o [1]
    .bss               zero     0x20000a3c    0x10  Q_Droptail.o [1]
    .bss               zero     0x20000a4c    0x38  Queuing.o [1]
    .bss               zero     0x20000a84   0x320  Queuing.o [1]
    .bss               zero     0x20000da4    0xb8  routing_MMCR.o [1]
    .bss               zero     0x20000e5c    0x10  routing_MMCR_MPR_select.o [1]
    .bss               zero     0x20000e6c   0x140  routing_MMCR_MPR_select.o [1]
    .bss               zero     0x20000fac    0x28  routing_OEDSR.o [1]
    .bss               zero     0x20000fd4    0x28  routing_OEDSR.o [1]
    .bss               zero     0x20000ffc    0x40  routing_OEDSR.o [1]
    .bss               zero     0x2000103c    0x20  routing_OEDSR.o [1]
    .bss               zero     0x2000105c     0x8  RTC.o [1]
    .bss               zero     0x20001064    0x54  sch_basic.o [1]
    .bss               zero     0x200010b8    0x20  sch_basic.o [1]
    .bss               zero     0x200010d8    0x78  sch_basic.o [1]
    .bss               zero     0x20001150    0x78  sch_basic.o [1]
    .bss               zero     0x200011c8     0xc  sleep.o [1]
    .bss               zero     0x200011d4    0x18  src_8bit_adc.o [1]
    .bss               zero     0x200011ec     0x4  ssn_8bit.o [1]
    .bss               zero     0x200011f0   0x120  ssn_8bit.o [1]
    .bss               zero     0x20001310     0x4  STM32W_Radio.o [1]
    .bss               zero     0x20001314     0x8  system-timer.o [1]
    .bss               zero     0x2000131c    0x38  tsp_common.o [1]
    .bss               zero     0x20001354    0x24  analogue.o [7]
    .bss               zero     0x20001378   0x128  phy.o [7]
    .bss               zero     0x200014a0     0x8  eui64.o [7]
    .bss               zero     0x200014a8     0x8  analogue-mod-dac.o [7]
    .bss               zero     0x200014b0     0x1  Application.o [1]
    .bss               zero     0x200014b1     0x1  hal_flash.o [1]
    .bss               zero     0x200014b2     0x1  micro-common-internal.o [1]
    .bss               zero     0x200014b3     0x1  packet.o [1]
    .bss               zero     0x200014b4     0x4  routing.o [1]
    .bss               zero     0x200014b8     0x1  routing.o [1]
    .bss               zero     0x200014b9     0x1  routing.o [1]
    .bss               zero     0x200014ba     0x1  routing.o [1]
    .bss               zero     0x200014bb     0x1  sys_func.o [1]
    .bss               zero     0x200014bc     0x2  phy.o [7]
    .bss               zero     0x200014be     0x2  phy.o [7]
    .bss               zero     0x200014c0     0x3  analogue-vco.o [7]
                              - 0x200014c4  0x14c4


*******************************************************************************
*** INIT TABLE
***

          Address     Size
          -------     ----
Zero (__iar_zero_init3)
    1 destination range, total size 0xcbf:
          0x20000804  0xcbf

Copy/packbits (__iar_packbits_init3)
    1 source range, total size 0x13d (30% of destination):
          0x08007004  0x13d
    1 destination range, total size 0x401:
          0x20000400  0x401


*******************************************************************************
*** STACK USAGE
***

  Call Graph Root Category  Max Use  Total Use
  ------------------------  -------  ---------
  Program entry                 304        304
  Uncalled function             328      3 564


Program entry
  "__iar_program_start": 0x08006ebd

  Maximum call chain                            *?* 304 bytes
    (** call graph contains recursive functions (example: "halInternalGetMfgTokenData")
                            indirect calls (example: "low_level_init2" in low_level_init.o [1])
                            functions with no stack usage info (example: "halTriggerContextRestore") **)

    "__iar_program_start"                             0
    "__cmain"                                         0
    "main"                                           24
    "main_power_up"                                   8
    "routing_init"                                    0
    "routing_set_routing_protocol"                   16
    "routing_init_MPR_select"                         0
    "mmcr_startRouteSearch"                           0
    "mmcr_set_tx_timeout"                            16
    "sch_create_timeout"                             32
    "get_free_timeout"                                8
    "printf"                                         24
    "_PrintfSmall"                                  112
    "_PutcharsSmall" in xprintfsmall.o [3]           24
    "_Prout"                                         16
    "putchar"                                        16
    "__write"                                         8

Uncalled function
  "app_temp_1wire_loop": 0x080000b7

  Maximum call chain                               248 bytes

    "app_temp_1wire_loop"                            8
    "sch_create_timeout"                            32
    "get_free_timeout"                               8
    "printf"                                        24
    "_PrintfSmall"                                 112
    "_PutcharsSmall" in xprintfsmall.o [3]          24
    "_Prout"                                        16
    "putchar"                                       16
    "__write"                                        8

Uncalled function
  "app_temp_lcd_disp": 0x08000159

  Maximum call chain                               264 bytes

    "app_temp_lcd_disp"                             24
    "sch_create_timeout"                            32
    "get_free_timeout"                               8
    "printf"                                        24
    "_PrintfSmall"                                 112
    "_PutcharsSmall" in xprintfsmall.o [3]          24
    "_Prout"                                        16
    "putchar"                                       16
    "__write"                                        8

Uncalled function
  "app_loop": 0x08001961

  Maximum call chain                            *?* 232 bytes
    (** call graph contains recursive functions (example: "halInternalGetMfgTokenData")
                            indirect calls (example: "halInternalFlashErase")
                            functions with no stack usage info (example: "halInternalIdleSleep") **)

    "app_loop"                                        8
    "app_search_switch_channel"                       8
    "phy_set_RF_channel"                              0
    "ST_RadioSetChannel"                              0
    "stmRadioSetChannel"                              0
    "stmFinishRadioSetChannel"                       16
    "stmFinishCalibrateCurrentChannel"               64
    "halCommonWriteToNvm"                            64
    "erasePage" in nvm.o [1]                         24
    "halInternalFlashErase"                          24
    "__aeabi_assert"                                 16
    "abort"                                           0
    "__exit"                                          8

Uncalled function
  "cs_end_switch": 0x08001da9

  Maximum call chain                            *?* 248 bytes
    (** call graph contains recursive functions (example: "halInternalGetMfgTokenData")
                            indirect calls (example: "halInternalFlashErase")
                            functions with no stack usage info (example: "halInternalIdleSleep") **)

    "cs_end_switch"                                   8
    "routing_init_MMCR"                               0
    "timer_cb_test1"                                  0
    "sch_create_timeout"                             32
    "get_free_timeout"                                8
    "printf"                                         24
    "_PrintfSmall"                                  112
    "_PutcharsSmall" in xprintfsmall.o [3]           24
    "_Prout"                                         16
    "putchar"                                        16
    "__write"                                         8

Uncalled function
  "cs_send_req_Switch": 0x08001dd9

  Maximum call chain                               256 bytes

    "cs_send_req_Switch"                            16
    "sch_create_timeout"                            32
    "get_free_timeout"                               8
    "printf"                                        24
    "_PrintfSmall"                                 112
    "_PutcharsSmall" in xprintfsmall.o [3]          24
    "_Prout"                                        16
    "putchar"                                       16
    "__write"                                        8

Uncalled function
  "hio_xbee_loop": 0x08002381

  Maximum call chain                            *?* 328 bytes
    (** call graph contains recursive functions (example: "halInternalGetMfgTokenData")
                            indirect calls (example: "halInternalFlashErase")
                            functions with no stack usage info (example: "halInternalIdleSleep") **)

    "hio_xbee_loop"                                  16
    "hio_recv_packet"                                 0
    "routing_receive_packet"                         16
    "tsp_receive"                                     8
    "tsp_distribute_modules"                         32
    "cs_recv_switching_request"                      16
    "sch_create_timeout"                             32
    "get_free_timeout"                                8
    "printf"                                         24
    "_PrintfSmall"                                  112
    "_PutcharsSmall" in xprintfsmall.o [3]           24
    "_Prout"                                         16
    "putchar"                                        16
    "__write"                                         8

Uncalled function
  "processSerialInput": 0x080051b9

  Maximum call chain                                88 bytes

    "processSerialInput"                             8
    "sendSerialData"                                16
    "ST_RadioTransmit"                               0
    "stmRadioTransmit"                              32
    "getRandomBackoff"                              16
    "halCommonGetRandom"                            16
    "shift" in micro.o [1]                           0

Uncalled function
  "timer_cb_test2": 0x08003d0d

  Maximum call chain                               272 bytes

    "timer_cb_test2"                                 8
    "sendPacketData"                                24
    "sch_create_timeout"                            32
    "get_free_timeout"                               8
    "printf"                                        24
    "_PrintfSmall"                                 112
    "_PutcharsSmall" in xprintfsmall.o [3]          24
    "_Prout"                                        16
    "putchar"                                       16
    "__write"                                        8

Uncalled function
  "mmcr_hello_timeout": 0x08003c4d

  Maximum call chain                               272 bytes

    "mmcr_hello_timeout"                            16
    "mmcr_set_tx_timeout"                           16
    "sch_create_timeout"                            32
    "get_free_timeout"                               8
    "printf"                                        24
    "_PrintfSmall"                                 112
    "_PutcharsSmall" in xprintfsmall.o [3]          24
    "_Prout"                                        16
    "putchar"                                       16
    "__write"                                        8

Uncalled function
  "mmcr_sendACK": 0x080039d1

  Maximum call chain                                24 bytes

    "mmcr_sendACK"                                  24

Uncalled function
  "mmcr_sendTC": 0x08003b1f

  Maximum call chain                                80 bytes

    "mmcr_sendTC"                                   24
    "mpr_select"                                    48
    "find_two_hop_node"                              8

Uncalled function
  "oedsr_loop": 0x08003139

  Maximum call chain                                32 bytes

    "oedsr_loop"                                     0
    "oedsr_hello_timoeout"                          16
    "oedsr_set_route"                               16
    "find_route"                                     0

Uncalled function
  "print_timeouts": 0x0800081f

  Maximum call chain                               224 bytes

    "print_timeouts"                                24
    "printf"                                        24
    "_PrintfSmall"                                 112
    "_PutcharsSmall" in xprintfsmall.o [3]          24
    "_Prout"                                        16
    "putchar"                                       16
    "__write"                                        8

Uncalled function
  "src_8bit_adc_loop": 0x08001461

  Maximum call chain                                36 bytes

    "src_8bit_adc_loop"                             16
    "halStartAdcConversion"                          8
    "startNextConversion"                           12

Uncalled function
  "ssn_loop": 0x08002111

  Maximum call chain                                64 bytes

    "ssn_loop"                                       8
    "ssn_send_pkt"                                  16
    "tsp_reserve_packet"                            24
    "que_get_empty_buffer_location"                 16
    "halCommonGetInt32uMillisecondTick"              0

Uncalled function
  "ADC_IRQHandler": 0x08006eb9

  Maximum call chain                                16 bytes

    "ADC_IRQHandler"                                 0
    "halAdcIsr"                                     16

Uncalled function
  "BusFault_Handler": 0x08006e91

  Maximum call chain                                 0 bytes

    "BusFault_Handler"                               0

Uncalled function
  "DebugMon_Handler": 0x08006e97

  Maximum call chain                                 0 bytes

    "DebugMon_Handler"                               0

Uncalled function
  "HardFault_Handler": 0x08006e8d

  Maximum call chain                                 0 bytes

    "HardFault_Handler"                              0

Uncalled function
  "MAC_RE_IRQHandler": 0x08006eb5

  Maximum call chain                               280 bytes

    "MAC_RE_IRQHandler"                              0
    "stmRadioReceiveIsr"                            24
    "processRxPacketCompleteIsr" in phy.o [7]       40
    "stmRadioTransmitCompleteCallback"               0
    "ST_RadioTransmitCompleteIsrCallback"           16
    "sch_remove_timeout"                             0
    "printf"                                        24
    "_PrintfSmall"                                 112
    "_PutcharsSmall" in xprintfsmall.o [3]          24
    "_Prout"                                        16
    "putchar"                                       16
    "__write"                                        8

Uncalled function
  "MAC_TIM_IRQHandler": 0x08006ead

  Maximum call chain                                16 bytes

    "MAC_TIM_IRQHandler"                             0
    "halStackMacTimerIsr"                           16
    "ST_RadioMacTimerCompareIsrCallback"             0

Uncalled function
  "MAC_TR_IRQHandler": 0x08006eb1

  Maximum call chain                               240 bytes

    "MAC_TR_IRQHandler"                              0
    "stmRadioTransmitIsr"                           24
    "stmRadioTransmitCompleteCallback"               0
    "ST_RadioTransmitCompleteIsrCallback"           16
    "sch_remove_timeout"                             0
    "printf"                                        24
    "_PrintfSmall"                                 112
    "_PutcharsSmall" in xprintfsmall.o [3]          24
    "_Prout"                                        16
    "putchar"                                       16
    "__write"                                        8

Uncalled function
  "MNG_IRQHandler": 0x08006ea1

  Maximum call chain                                 0 bytes

    "MNG_IRQHandler"                                 0
    "halManagementIsr"                               0

Uncalled function
  "MemManage_Handler": 0x08006e8f

  Maximum call chain                                 0 bytes

    "MemManage_Handler"                              0

Uncalled function
  "NMI_Handler": 0x08006e8b

  Maximum call chain                                 0 bytes

    "NMI_Handler"                                    0

Uncalled function
  "PendSV_Handler": 0x08006e99

  Maximum call chain                                  *?* 0 bytes
    (** call graph contains functions with no stack usage info (example: "halPendSvIsr") **)

    "PendSV_Handler"                                      0
    "halPendSvIsr"                              - no info -

Uncalled function
  "SC1_IRQHandler": 0x08006ea9

  Maximum call chain                                16 bytes

    "SC1_IRQHandler"                                 0
    "halSc1Isr"                                     16

Uncalled function
  "SLPTIM_IRQHandler": 0x08006ea5

  Maximum call chain                                 0 bytes

    "SLPTIM_IRQHandler"                              0
    "halSleepTimerIsr"                               0

Uncalled function
  "SVC_Handler": 0x08006e95

  Maximum call chain                                 0 bytes

    "SVC_Handler"                                    0

Uncalled function
  "SysTick_Handler": 0x08006e9d

  Maximum call chain                                 0 bytes

    "SysTick_Handler"                                0
    "halSysTickIsr"                                  0
    "halInternalInitMgmtIsrLo"                       0

Uncalled function
  "UsageFault_Handler": 0x08006e93

  Maximum call chain                                 0 bytes

    "UsageFault_Handler"                             0

Uncalled function
  "hPacketTimeout": 0x08004251

  Maximum call chain                                24 bytes

    "hPacketTimeout"                                16
    "release_pkt_in_tx"                              8
    "que_make_empty_buffer"                          0

Uncalled function
  "radio_loop": 0x0800409d

  Maximum call chain                               304 bytes

    "radio_loop"                                    24
    "routing_send_DATA_base"                         8
    "MMCR_send_DATA_base"                           16
    "mmcr_startRouteSearch"                          0
    "mmcr_set_tx_timeout"                           16
    "sch_create_timeout"                            32
    "get_free_timeout"                               8
    "printf"                                        24
    "_PrintfSmall"                                 112
    "_PutcharsSmall" in xprintfsmall.o [3]          24
    "_Prout"                                        16
    "putchar"                                       16
    "__write"                                        8

The following functions make up recursion nest 0, which has no maximum recursion depth specified:

  "halInternalGetMfgTokenData": 0x080026e9

The following functions make up recursion nest 1, which has no maximum recursion depth specified:

  "stCalibrateVref": 0x0800452b
  "stSetTxPowerMode": 0x08004673

The following functions appear not to be called and have no stack
usage information:

  "BASEBAND_IRQHandler": 0x08006e6b
  "DEBUG_IRQHandler": 0x08006e87
  "EXTIA_IRQHandler": 0x08006e77
  "EXTIB_IRQHandler": 0x08006e7b
  "EXTIC_IRQHandler": 0x08006e7f
  "EXTID_IRQHandler": 0x08006e83
  "Reset_Handler": 0x08006e01
  "SC2_IRQHandler": 0x08006e6f
  "SECURITY_IRQHandler": 0x08006e73
  "TIM1_IRQHandler": 0x08006e63
  "TIM2_IRQHandler": 0x08006e67

The following functions appear to be called, but have no stack
usage information:

  "halInternalIdleSleep": 0x080043ad
  "halPendSvIsr": 0x08006c59
  "halTriggerContextRestore": 0x08006c91

The following functions perform unknown indirect calls:

  "halInternalFlashErase": 0x08006aa3
  "halInternalFlashWrite": 0x08006af5
  "low_level_init2" in low_level_init.o [1]: 0x08006d49
  "sch_loop": 0x08000641
  "tsp_distribute_modules": 0x08001edf


*******************************************************************************
*** MODULE SUMMARY
***

    Module                     ro code  ro data  rw data
    ------                     -------  -------  -------
C:\Users\Jon\Documents\MO_S_and_T\CpE5170_RT_Systems\Labs\cpe-5170-mote-code\Projects\SimpleMAC\mote_project\EWARM\MB_SnT_X2_Mote\Obj: [1]
    Application.o                1 076       15       49
    ChannelSwitching.o             360       13       44
    OneWire.o                      758
    Phy_layer.o                     92        9       32
    Q_Droptail.o                   112                16
    Queuing.o                      148               856
    RTC.o                           68                 8
    STM32W_Radio.o                 776       27       93
    app_temp_1wire_main.o          460       22       72
    board.o                         76
    context-switch.o                80                 8
    hal_adc.o                      636                30
    hal_clocks.o                   760        3        8
    hal_flash.o                    376                 1
    hal_uart.o                     338               134
    hio_xbee.o                     708               250
    low_level_init.o               352                44
    main.o                         708        8       32
    mb_snt_x2.o                    378        8       24
    mfg-token.o                    104       18
    micro-common-internal.o        316                 1
    micro-common.o                  68
    micro.o                        176        1        4
    mote.o                         660       66      350
    nvm.o                        1 220             2 048
    packet.o                        20                 1
    routing.o                      752                 9
    routing_AODV.o                 988       19       60
    routing_MMCR.o                 852        9      209
    routing_MMCR_MPR_select.o    1 996       17      392
    routing_OEDSR.o              1 228        2      184
    sch_basic.o                    800       80      612
    sleep.o                                           12
    src_8bit_adc.o                 204                24
    ssn_8bit.o                     428               292
    startup_stm32w108xx.o          188
    stm32W108xx_it.o                50
    stm32w108xx_adc.o               80
    stm32w108xx_clk.o               36
    stm32w108xx_exti.o             124
    stm32w108xx_gpio.o             134
    stm32w108xx_misc.o             108
    stm32w108xx_sc.o               282
    sys_func.o                      24                 1
    system-timer.o                  72                 8
    tsp_common.o                   448                56
    ----------------------------------------------------
    Total:                      19 620      317    5 964

command line: [2]
    ----------------------------------------------------
    Total:

dl7M_tln.a: [3]
    abort.o                          6
    abs.o                            8
    exit.o                           4
    printf.o                        36
    putchar.o                       40
    sprintf.o                       52
    xprintfsmall.o               1 240
    xprout.o                        22
    xsprout.o                       10
    ----------------------------------------------------
    Total:                       1 418

m7M_tl.a: [4]
    ----------------------------------------------------
    Total:

rt7M_tl.a: [5]
    ABImemclr.o                      6
    ABImemcpy_unaligned.o          118
    ABImemset.o                     94
    ABImemset48.o                   58
    cexit.o                         10
    cmain.o                         26
    cstartup_M.o                    12
    data_init.o                     40
    memchr.o                        88
    memcmp_unaligned.o              98
    packbits_init.o                208
    strchr.o                        22
    strlen.o                        54
    zero_init3.o                    34
    ----------------------------------------------------
    Total:                         868

shb_l.a: [6]
    ABIassert.o                     36
    exit.o                          20
    ----------------------------------------------------
    Total:                          56

simplemac-library.a: [7]
    aes.o                          236
    analogue-cell-bias.o           208
    analogue-filter.o               48
    analogue-lna.o                 426
    analogue-mod-dac.o             732                 8
    analogue-vco.o                 176                 3
    analogue.o                   1 740        8       59
    byte-utilities.o                68
    cal_adc.o                      220
    eui64.o                         24                 8
    phy-common.o                 1 532       10       29
    phy-library.o                  174
    phy.o                        1 044               300
    ----------------------------------------------------
    Total:                       6 628       18      407

    Gaps                            22        2       12
    Linker created                           44    1 024
--------------------------------------------------------
    Grand Total:                28 612      381    7 407


*******************************************************************************
*** ENTRY LIST
***

Entry                      Address   Size  Type      Object
-----                      -------   ----  ----      ------
.iar.init_table$$Base   0x08006fd8          --   Gb  - Linker created -
.iar.init_table$$Limit  0x08007004          --   Gb  - Linker created -
?main                   0x08006e11         Code  Gb  cmain.o [5]
ACK_AODV_counter        0x200014ba    0x1  Data  Gb  routing.o [1]
ACK_OEDSR_counter       0x20001002    0x1  Data  Gb  routing_OEDSR.o [1]
ACK_packet              0x08002d7f   0x3a  Code  Gb  routing_AODV.o [1]
ADC_DMA_ChannelLoadEnable
                        0x08004493    0xc  Code  Gb  stm32w108xx_adc.o [1]
ADC_DMA_ChannelReset    0x0800449f    0x8  Code  Gb  stm32w108xx_adc.o [1]
ADC_DMA_Config          0x0800448b    0x8  Code  Gb  stm32w108xx_adc.o [1]
ADC_IRQHandler          0x08006eb9    0x4  Code  Gb  stm32W108xx_it.o [1]
ADC_Init                0x08004465   0x26  Code  Gb  stm32w108xx_adc.o [1]
AODV_control_bit        0x200014b4    0x1  Data  Gb  routing.o [1]
AODV_find_direction     0x08002e17   0x28  Code  Gb  routing_AODV.o [1]
AODV_reply_sent         0x200005d8    0x1  Data  Gb  routing_AODV.o [1]
AODV_route_control      0x200014b6    0x1  Data  Gb  routing.o [1]
AODV_send_DATA_base     0x08002fa7   0x66  Code  Gb  routing_AODV.o [1]
AODVcounter_update      0x2000099e    0x1  Data  Gb  routing.o [1]
BUTTON_EXTI_IRQn        0x080013e8    0x2  Data  Gb  mb_snt_x2.o [1]
BUTTON_EXTI_SOURCE      0x080013ec    0x2  Data  Gb  mb_snt_x2.o [1]
BUTTON_IRQn             0x080013f0    0x2  Data  Gb  mb_snt_x2.o [1]
BUTTON_PIN              0x080013e4    0x2  Data  Gb  mb_snt_x2.o [1]
BUTTON_PORT             0x200004d0    0x4  Data  Gb  mb_snt_x2.o [1]
BusFault_Handler        0x08006e91    0x2  Code  Gb  stm32W108xx_it.o [1]
CLK_GetClocksFreq       0x0800434d   0x14  Code  Gb  stm32w108xx_clk.o [1]
COM_RX_PIN              0x080013f8    0x2  Data  Gb  mb_snt_x2.o [1]
COM_RX_PORT             0x200004dc    0x4  Data  Gb  mb_snt_x2.o [1]
COM_TX_PIN              0x080013f4    0x2  Data  Gb  mb_snt_x2.o [1]
COM_TX_PORT             0x200004d8    0x4  Data  Gb  mb_snt_x2.o [1]
COM_UART                0x200004d4    0x4  Data  Gb  mb_snt_x2.o [1]
CSTACK$$Base            0x20000000          --   Gb  - Linker created -
CSTACK$$Limit           0x20000400          --   Gb  - Linker created -
DATA_AODV_counter       0x2000099f    0x1  Data  Gb  routing.o [1]
DAT_OEDSR_counter       0x20001003    0x1  Data  Gb  routing_OEDSR.o [1]
DSState                 0x20000404    0x4  Data  Gb  app_temp_1wire_main.o [1]
DebugMon_Handler        0x08006e97    0x2  Code  Gb  stm32W108xx_it.o [1]
EXTI_Init               0x080027f9   0x72  Code  Gb  stm32w108xx_exti.o [1]
FLASH_IMAGE$$Base       0x08000000          --   Gb  - Linker created -
FLASH_IMAGE$$Limit      0x08007141          --   Gb  - Linker created -
GPIO_Init               0x08000bdd   0x70  Code  Gb  stm32w108xx_gpio.o [1]
GPIO_PIN                0x080013e0    0x4  Data  Gb  mb_snt_x2.o [1]
GPIO_PORT               0x200004c8    0x8  Data  Gb  mb_snt_x2.o [1]
GPIO_ReadInputDataBit   0x08000c4d    0xe  Code  Gb  stm32w108xx_gpio.o [1]
GPIO_ResetBits          0x08000c5f    0x4  Code  Gb  stm32w108xx_gpio.o [1]
GPIO_SetBits            0x08000c5b    0x4  Code  Gb  stm32w108xx_gpio.o [1]
HardFault_Handler       0x08006e8d    0x2  Code  Gb  stm32W108xx_it.o [1]
Hello_counter           0x20001001    0x1  Data  Gb  routing_OEDSR.o [1]
I2C_GenerateSTART       0x080022d5    0xa  Code  Gb  stm32w108xx_sc.o [1]
I2C_GenerateSTOP        0x080022df    0xa  Code  Gb  stm32w108xx_sc.o [1]
I2C_GetFlagStatus       0x08002339    0xe  Code  Gb  stm32w108xx_sc.o [1]
I2C_Send7bitAddress     0x080022e9   0x1e  Code  Gb  stm32w108xx_sc.o [1]
I2C_SendData            0x08002307   0x32  Code  Gb  stm32w108xx_sc.o [1]
InStream_Read           0x08006f07   0x22  Code  Lc  packbits_init.o [5]
LoadInt                 0x08001131   0x4c  Code  Lc  xprintfsmall.o [3]
MAC_RE_IRQHandler       0x08006eb5    0x4  Code  Gb  stm32W108xx_it.o [1]
MAC_TIM_IRQHandler      0x08006ead    0x4  Code  Gb  stm32W108xx_it.o [1]
MAC_TR_IRQHandler       0x08006eb1    0x4  Code  Gb  stm32W108xx_it.o [1]
MMCR_send_DATA_base     0x08003f3b   0x3a  Code  Gb  routing_MMCR.o [1]
MNG_IRQHandler          0x08006ea1    0x4  Code  Gb  stm32W108xx_it.o [1]
MemManage_Handler       0x08006e8f    0x2  Code  Gb  stm32W108xx_it.o [1]
NMI_Handler             0x08006e8b    0x2  Code  Gb  stm32W108xx_it.o [1]
NVIC_Init               0x08002875   0x5a  Code  Gb  stm32w108xx_misc.o [1]
Neighborhood            0x20000e6c  0x140  Data  Gb  routing_MMCR_MPR_select.o [1]
NodeConfigure           0x08001abf   0x8a  Code  Gb  Application.o [1]
Nvdd                    0x20000812    0x2  Data  Lc  hal_adc.o [1]
Nvss                    0x20000828    0x2  Data  Lc  hal_adc.o [1]
OEDSR_control_bit       0x200014b5    0x1  Data  Gb  routing.o [1]
OEDSR_send_DATA_base    0x08003363   0x60  Code  Gb  routing_OEDSR.o [1]
OWInit                  0x08000251   0x80  Code  Gb  OneWire.o [1]
OWInput                 0x080002d1    0xc  Code  Gb  OneWire.o [1]
OWInterrupts            0x08000319    0x4  Code  Lc  OneWire.o [1]
OWNoInterrupts          0x08000315    0x4  Code  Lc  OneWire.o [1]
OWOutput                0x080002dd    0xa  Code  Gb  OneWire.o [1]
OWRead                  0x08000431   0x1c  Code  Gb  OneWire.o [1]
OWReadPin               0x080002f5    0xe  Code  Gb  OneWire.o [1]
OWRead_bit              0x080003c5   0x36  Code  Gb  OneWire.o [1]
OWReset                 0x0800031d   0x56  Code  Gb  OneWire.o [1]
OWReset_search          0x0800044d   0x1c  Code  Gb  OneWire.o [1]
OWSearch                0x08000469   0xde  Code  Gb  OneWire.o [1]
OWWrite                 0x080003ff   0x2e  Code  Gb  OneWire.o [1]
OWWriteHigh             0x08000303    0x8  Code  Gb  OneWire.o [1]
OWWriteLow              0x0800030b    0x8  Code  Gb  OneWire.o [1]
OWWrite_bit             0x08000373   0x4e  Code  Gb  OneWire.o [1]
OneWire                 0x20000410   0x24  Data  Gb  app_temp_1wire_main.o [1]
PendSV_Handler          0x08006e99    0x4  Code  Gb  stm32W108xx_it.o [1]
Q_head                  0x20000a3c    0x1  Data  Gb  Q_Droptail.o [1]
Q_table                 0x20000a40    0xc  Data  Gb  Q_Droptail.o [1]
Q_tail                  0x20000a3d    0x1  Data  Gb  Q_Droptail.o [1]
RAM_BLOCK$$Base         0x20000000          --   Gb  - Linker created -
RAM_BLOCK$$Limit        0x200014c4          --   Gb  - Linker created -
RREP_counter            0x200014b9    0x1  Data  Gb  routing.o [1]
RREQ_counter            0x200014b8    0x1  Data  Gb  routing.o [1]
Region$$Table$$Base     0x08006fd8          --   Gb  - Linker created -
Region$$Table$$Limit    0x08007004          --   Gb  - Linker created -
Routing_AODV            0x08002f07   0x84  Code  Gb  routing_AODV.o [1]
SC1_IRQHandler          0x08006ea9    0x4  Code  Gb  stm32W108xx_it.o [1]
SLPTIM_IRQHandler       0x08006ea5    0x4  Code  Gb  stm32W108xx_it.o [1]
STM_EVAL_COMInit        0x08001367   0x6e  Code  Gb  mb_snt_x2.o [1]
STM_EVAL_LEDInit        0x08001281   0x28  Code  Gb  mb_snt_x2.o [1]
STM_EVAL_LEDOff         0x080012bb   0x12  Code  Gb  mb_snt_x2.o [1]
STM_EVAL_LEDOn          0x080012a9   0x12  Code  Gb  mb_snt_x2.o [1]
STM_EVAL_LEDToggle      0x080012cd   0x16  Code  Gb  mb_snt_x2.o [1]
STM_EVAL_PBInit         0x080012e3   0x84  Code  Gb  mb_snt_x2.o [1]
ST_RadioDataPendingLongIdIsrCallback
                        0x08005255    0x4  Code  Gb  mote.o [1]
ST_RadioDataPendingShortIdIsrCallback
                        0x08005251    0x4  Code  Gb  mote.o [1]
ST_RadioEnableOverflowNotification
                        0x08002b89    0x4  Code  Gb  phy-library.o [7]
ST_RadioGetEui64        0x08002b83    0x2  Code  Gb  phy-library.o [7]
ST_RadioGetPower        0x08002b77    0x4  Code  Gb  phy-library.o [7]
ST_RadioGetRandomNumbers
                        0x08002b8d    0x4  Code  Gb  phy-library.o [7]
ST_RadioInit            0x08002b5d    0xa  Code  Gb  phy-library.o [7]
ST_RadioMacTimerCompareIsrCallback
                        0x08005273    0x2  Code  Gb  mote.o [1]
ST_RadioOverflowIsrCallback
                        0x08005259   0x18  Code  Gb  mote.o [1]
ST_RadioReceiveIsrCallback
                        0x080051ff   0x52  Code  Gb  mote.o [1]
ST_RadioSetChannel      0x08002b67    0x4  Code  Gb  phy-library.o [7]
ST_RadioSetNodeId       0x08002b7b    0x4  Code  Gb  phy-library.o [7]
ST_RadioSetPanId        0x08002b7f    0x4  Code  Gb  phy-library.o [7]
ST_RadioSetPower        0x08002b73    0x4  Code  Gb  phy-library.o [7]
ST_RadioSetPowerMode    0x08002b91    0x4  Code  Gb  phy-library.o [7]
ST_RadioSfdSentIsrCallback
                        0x08005271    0x2  Code  Gb  mote.o [1]
ST_RadioTransmit        0x08002b6b    0x4  Code  Gb  phy-library.o [7]
ST_RadioTransmitCompleteIsrCallback
                        0x0800428f   0x8e  Code  Gb  STM32W_Radio.o [1]
SVC_Handler             0x08006e95    0x2  Code  Gb  stm32W108xx_it.o [1]
Select_counter          0x20001000    0x1  Data  Gb  routing_OEDSR.o [1]
SysTick_Handler         0x08006e9d    0x4  Code  Gb  stm32W108xx_it.o [1]
TOKEN_MFG_1V8_REG_VOLTAGE
                        0x0800054e    0x2  Data  Gb  mfg-token.o [1]
TOKEN_MFG_ANALOG_TRIM_BOOST
                        0x08000548    0x2  Data  Gb  mfg-token.o [1]
TOKEN_MFG_ANALOG_TRIM_BOTH
                        0x0800054a    0x2  Data  Gb  mfg-token.o [1]
TOKEN_MFG_ANALOG_TRIM_NORMAL
                        0x08000546    0x2  Data  Gb  mfg-token.o [1]
TOKEN_MFG_EUI_64        0x08000556    0x2  Data  Gb  mfg-token.o [1]
TOKEN_MFG_PHY_CONFIG    0x08000552    0x2  Data  Gb  mfg-token.o [1]
TOKEN_MFG_REG_TRIM      0x0800054c    0x2  Data  Gb  mfg-token.o [1]
TOKEN_MFG_SYNTH_FREQ_OFFSET
                        0x08000554    0x2  Data  Gb  mfg-token.o [1]
TOKEN_MFG_TEMP_CAL      0x08000550    0x2  Data  Gb  mfg-token.o [1]
UART_Cmd                0x08002295   0x1c  Code  Gb  stm32w108xx_sc.o [1]
UART_ITConfig           0x080022b1   0x12  Code  Gb  stm32w108xx_sc.o [1]
UART_Init               0x0800222d   0x68  Code  Gb  stm32w108xx_sc.o [1]
UART_TriggerEventConfig
                        0x080022c3   0x12  Code  Gb  stm32w108xx_sc.o [1]
UsageFault_Handler      0x08006e93    0x2  Code  Gb  stm32W108xx_it.o [1]
_LitobSmall             0x0800117d   0xce  Code  Lc  xprintfsmall.o [3]
_PrintfSmall            0x08000da9  0x382  Code  Gb  xprintfsmall.o [3]
_Prout                  0x08006ec9   0x16  Code  Gb  xprout.o [3]
_PutcharsSmall          0x0800124b   0x2e  Code  Lc  xprintfsmall.o [3]
_SProut                 0x08000c63    0xa  Code  Gb  xsprout.o [3]
__aeabi_assert          0x08006911   0x24  Code  Gb  ABIassert.o [6]
__aeabi_memclr          0x08005825         Code  Gb  ABImemclr.o [5]
__aeabi_memset4         0x08004371         Code  Gb  ABImemset48.o [5]
__aeabi_memset8         0x08004371         Code  Gb  ABImemset48.o [5]
__cmain                 0x08006e11         Code  Gb  cmain.o [5]
__exit                  0x08006c01   0x14  Code  Gb  exit.o [6]
__iar_Memchr            0x080027a1         Code  Gb  memchr.o [5]
__iar_Memset4_word      0x08004379         Code  Gb  ABImemset48.o [5]
__iar_Memset8_word      0x08004379         Code  Gb  ABImemset48.o [5]
__iar_Memset_word       0x08006a21         Code  Gb  ABImemset.o [5]
__iar_Strchr            0x08002751         Code  Gb  strchr.o [5]
__iar_data_init3        0x08006e2d   0x28  Code  Gb  data_init.o [5]
__iar_packbits_init3    0x08006f29   0xae  Code  Gb  packbits_init.o [5]
__iar_program_start     0x08006ebd         Code  Gb  cstartup_M.o [5]
__iar_unaligned___aeabi_memcpy
                        0x08005bc9         Code  Gb  ABImemcpy_unaligned.o [5]
__iar_unaligned___aeabi_memcpy4
                        0x08005be9         Code  Gb  ABImemcpy_unaligned.o [5]
__iar_unaligned___aeabi_memcpy8
                        0x08005be9         Code  Gb  ABImemcpy_unaligned.o [5]
__iar_unaligned_memcmp  0x08005c41         Code  Gb  memcmp_unaligned.o [5]
__iar_zero_init3        0x080013fb   0x22  Code  Gb  zero_init3.o [5]
__io_getcharNonBlocking
                        0x08006889   0x12  Code  Gb  hal_uart.o [1]
__low_level_init        0x08006ca5   0xa2  Code  Gb  low_level_init.o [1]
__read                  0x08006841   0x48  Code  Gb  hal_uart.o [1]
__vector_table          0x08000000         Data  Gb  startup_stm32w108xx.o [1]
__write                 0x08006801   0x40  Code  Gb  hal_uart.o [1]
_call_main              0x08006e1d         Code  Gb  cmain.o [5]
_exit                   0x08006e59         Code  Gb  cexit.o [5]
_main                   0x08006e27         Code  Gb  cmain.o [5]
abort                   0x0800679f    0x6  Code  Gb  abort.o [3]
abs                     0x08006bf9    0x8  Code  Gb  abs.o [3]
ack_temp_add            0x08003059   0x4c  Code  Gb  routing_OEDSR.o [1]
ack_temp_addr_          0x2000101c   0x20  Data  Gb  routing_OEDSR.o [1]
ack_temp_analyse        0x080030a5   0x30  Code  Gb  routing_OEDSR.o [1]
ack_temp_free_          0x20000fff    0x1  Data  Gb  routing_OEDSR.o [1]
ack_temp_get_cost       0x080030d5   0x30  Code  Gb  routing_OEDSR.o [1]
ack_temp_link_cost_     0x2000103c   0x20  Data  Gb  routing_OEDSR.o [1]
actual_power            0x200005bd    0x1  Data  Gb  Phy_layer.o [1]
adcCalibrated           0x2000080f    0x1  Data  Lc  hal_adc.o [1]
adcConfig               0x20000820    0x8  Data  Lc  hal_adc.o [1]
adcData                 0x20000810    0x2  Data  Lc  hal_adc.o [1]
adcPendingConversion    0x2000080d    0x1  Data  Lc  hal_adc.o [1]
adcPendingRequests      0x2000080c    0x1  Data  Lc  hal_adc.o [1]
adcReadingValid         0x2000080e    0x1  Data  Lc  hal_adc.o [1]
adcReadings             0x20000818    0x8  Data  Lc  hal_adc.o [1]
adcStaticConfig         0x20000814    0x2  Data  Lc  hal_adc.o [1]
adc_value               0x200011e4    0x2  Data  Gb  src_8bit_adc.o [1]
add_one_hop_node        0x08003769   0x5c  Code  Gb  routing_MMCR_MPR_select.o [1]
add_two_hop_node        0x080037cf   0x7e  Code  Gb  routing_MMCR_MPR_select.o [1]
addr                    0x20000434    0x8  Data  Gb  app_temp_1wire_main.o [1]
addressMatchingEnabled  0x200007e9    0x1  Data  Lc  phy-common.o [7]
adjustLna               0x080065f5    0x8  Code  Lc  analogue-lna.o [7]
adjustVco               0x08006269   0x22  Code  Lc  analogue-vco.o [7]
aodv_dropped_link       0x0800300d   0x12  Code  Gb  routing_AODV.o [1]
app_beacon_count_       0x20000468    0x4  Data  Gb  Application.o [1]
app_beam_count_         0x20000464    0x4  Data  Gb  Application.o [1]
app_beam_seq            0x2000044e    0x2  Data  Gb  Application.o [1]
app_count_drop_pkts_    0x20000450    0x4  Data  Gb  Application.o [1]
app_count_gen_pkts_     0x20000460    0x4  Data  Gb  Application.o [1]
app_count_lost_pkts_    0x20000454    0x4  Data  Gb  Application.o [1]
app_count_recv_pkts_    0x2000045c    0x4  Data  Gb  Application.o [1]
app_count_sent_pkts_    0x20000458    0x4  Data  Gb  Application.o [1]
app_drop_pkt            0x08001bdf    0xa  Code  Gb  Application.o [1]
app_generate_pkt_       0x20000449    0x1  Data  Gb  Application.o [1]
app_init                0x08001925   0x3a  Code  Gb  Application.o [1]
app_last_BS_contact_    0x2000046c    0x4  Data  Gb  Application.o [1]
app_loop                0x08001961   0x24  Code  Gb  Application.o [1]
app_received_beacon     0x08001c59   0x16  Code  Gb  Application.o [1]
app_recvBEAM            0x08001a5f   0x60  Code  Gb  Application.o [1]
app_recvConfigSensor    0x080019b5   0xaa  Code  Gb  Application.o [1]
app_recvStartData       0x080019ad    0x8  Code  Gb  Application.o [1]
app_recvStopData        0x08001985   0x28  Code  Gb  Application.o [1]
app_repeat_beam         0x2000044b    0x1  Data  Gb  Application.o [1]
app_search_switch_channel
                        0x08001c1d   0x3c  Code  Gb  Application.o [1]
app_send_join           0x08001c6f   0xaa  Code  Gb  Application.o [1]
app_start_search_channel
                        0x08001be9   0x34  Code  Gb  Application.o [1]
app_temp_1wire_init     0x08000085   0x32  Code  Gb  app_temp_1wire_main.o [1]
app_temp_1wire_loop     0x080000b7   0x88  Code  Gb  app_temp_1wire_main.o [1]
app_temp_lcd_disp       0x08000159   0x8e  Code  Gb  app_temp_1wire_main.o [1]
app_tx_data_mode_       0x20000448    0x1  Data  Gb  Application.o [1]
autoAckEnabled          0x200007ea    0x1  Data  Lc  phy-common.o [7]
beforelast_id           0x200009b2    0x1  Data  Gb  mote.o [1]
biasTrim                0x200004aa    0x2  Data  Gb  hal_clocks.o [1]
blOffset                0x08006dfc    0x4  Data  Lc  low_level_init.o [1]
boostTxPowerMax         0x200007d8    0x8  Data  Gb  analogue.o [7]
bothTokSerialRegId      0x08005d60    0x8  Data  Gb  analogue-cell-bias.o [7]
buffer0                 0x20000a84  0x320  Data  Gb  Queuing.o [1]
buffer_age_table        0x20000a64   0x20  Data  Gb  Queuing.o [1]
buffer_empty_slots      0x20000a50    0x8  Data  Gb  Queuing.o [1]
buffer_wp_table         0x20000a58    0x8  Data  Gb  Queuing.o [1]
calAdcTempOffset        0x200014bd    0x1  Data  Lc  phy.o [7]
calAdcTempOffsetValid   0x200014bc    0x1  Data  Lc  phy.o [7]
calDisableAdc           0x08002685    0xc  Code  Gb  cal_adc.o [7]
calModDacWithPaEnableMask
                        0x200014aa    0x2  Data  Lc  analogue-mod-dac.o [7]
calModDacWithSpreading  0x200014a8    0x1  Data  Lc  analogue-mod-dac.o [7]
calReadAdcAtestAWithSpreading
                        0x08006327  0x10c  Code  Lc  analogue-mod-dac.o [7]
calReadAdcBlocking      0x0800263d   0x3c  Code  Gb  cal_adc.o [7]
calStartAdcConversion   0x0800260d   0x30  Code  Gb  cal_adc.o [7]
calStartAndReadAdc      0x08002679    0xc  Code  Gb  cal_adc.o [7]
ccaAttempt              0x200007f1    0x1  Data  Gb  phy-common.o [7]
count_ack_              0x200007a0    0x4  Data  Gb  STM32W_Radio.o [1]
count_cca_              0x20000798    0x4  Data  Gb  STM32W_Radio.o [1]
count_nack_             0x2000079c    0x4  Data  Gb  STM32W_Radio.o [1]
count_received_         0x200009a4    0x4  Data  Gb  hio_xbee.o [1]
count_received_xbee_ack_
                        0x200009a8    0x4  Data  Gb  hio_xbee.o [1]
count_resend_           0x200007a8    0x4  Data  Gb  STM32W_Radio.o [1]
count_stalled           0x20000780    0x4  Data  Gb  STM32W_Radio.o [1]
count_succ_             0x20000794    0x4  Data  Gb  STM32W_Radio.o [1]
cs_bcast_tidx_          0x2000047a    0x1  Data  Gb  ChannelSwitching.o [1]
cs_end_switch           0x08001da9   0x30  Code  Gb  ChannelSwitching.o [1]
cs_end_tidx_            0x2000047b    0x1  Data  Gb  ChannelSwitching.o [1]
cs_init                 0x08001d75    0x2  Code  Gb  ChannelSwitching.o [1]
cs_next_channel_        0x20000478    0x1  Data  Gb  ChannelSwitching.o [1]
cs_pkt_id               0x20000479    0x1  Data  Gb  ChannelSwitching.o [1]
cs_power_up             0x08001d59   0x1c  Code  Gb  ChannelSwitching.o [1]
cs_recv_switching_request
                        0x08001e71   0x40  Code  Gb  ChannelSwitching.o [1]
cs_req_switch           0x08001d77   0x32  Code  Gb  ChannelSwitching.o [1]
cs_send_req_Switch      0x08001dd9   0x8e  Code  Gb  ChannelSwitching.o [1]
cs_switch_time_         0x20000480    0x4  Data  Gb  ChannelSwitching.o [1]
cs_switching_timeout_   0x2000047c    0x4  Data  Gb  ChannelSwitching.o [1]
currentReceiveChannel   0x20001378    0x1  Data  Lc  phy.o [7]
current_loop_idx        0x20000673    0x1  Data  Gb  sch_basic.o [1]
current_tx_power_       0x200005bc    0x1  Data  Gb  Phy_layer.o [1]
data                    0x20000400    0x2  Data  Gb  app_temp_1wire_main.o [1]
data_forward_control_   0x200014b7    0x1  Data  Gb  routing.o [1]
determineState          0x08005d75   0x7e  Code  Lc  nvm.o [1]
deviceIsCoordinator     0x200007e8    0x1  Data  Lc  phy-common.o [7]
disable_node            0x08001b69   0x50  Code  Gb  Application.o [1]
droppedAckWorkarounds   0x200007f8    0x4  Data  Gb  phy-common.o [7]
edCcaThreshold          0x200007eb    0x1  Data  Lc  phy-common.o [7]
enableDataTx_           0x200004ac    0x1  Data  Gb  main.o [1]
enable_node             0x08001bb9   0x26  Code  Gb  Application.o [1]
energy_depleted_control_
                        0x200004b2    0x1  Data  Gb  main.o [1]
erasePage               0x08005edd   0x36  Code  Lc  nvm.o [1]
exit                    0x08006e55    0x4  Code  Gb  exit.o [3]
fibToStStatus           0x08006bf0    0x8  Data  Lc  hal_flash.o [1]
filterForceReCal        0x200007cc    0x1  Data  Gb  analogue.o [7]
find_link               0x0800384d   0x2e  Code  Gb  routing_MMCR_MPR_select.o [1]
find_one_hop_node       0x08003711   0x2c  Code  Gb  routing_MMCR_MPR_select.o [1]
find_route              0x080031ab   0x28  Code  Gb  routing_OEDSR.o [1]
find_two_hop_node       0x0800373d   0x2c  Code  Gb  routing_MMCR_MPR_select.o [1]
flashEraseIsActive      0x200014b1    0x1  Data  Gb  hal_flash.o [1]
forceSleepTmrCnt        0x200011c8    0x1  Data  Gb  sleep.o [1]
framePendingBitSetTime  0x20001384    0x4  Data  Gb  phy.o [7]
framePendingSetInOutgoingAck
                        0x2000137a    0x2  Data  Lc  phy.o [7]
getRandomBackoff        0x08004bcf   0x3e  Code  Gb  phy-common.o [7]
get_dst_mac_base        0x0800582d   0x14  Code  Gb  packet.o [1]
get_free_timeout        0x080007f7   0x28  Code  Gb  sch_basic.o [1]
get_next_hop            0x080031d3   0x1a  Code  Gb  routing_OEDSR.o [1]
hPacketTimeout          0x08004251   0x3e  Code  Gb  STM32W_Radio.o [1]
halAdcCalibrate         0x08002aff   0x4a  Code  Gb  hal_adc.o [1]
halAdcIsr               0x080028e1   0x66  Code  Gb  hal_adc.o [1]
halBoardPowerUp         0x08005b39   0x28  Code  Gb  board.o [1]
halCommonBlockUntilXtal
                        0x08005ab5   0x42  Code  Gb  hal_clocks.o [1]
halCommonCalibratePads  0x08000c6d   0x20  Code  Gb  micro-common-internal.o [1]
halCommonDelayMicroseconds
                        0x08000d63   0x28  Code  Gb  micro-common-internal.o [1]
halCommonGetInt32uMillisecondTick
                        0x08000559   0x24  Code  Gb  system-timer.o [1]
halCommonGetRandom      0x0800440f   0x1c  Code  Gb  micro.o [1]
halCommonMemCompare     0x0800442f    0xa  Code  Gb  micro.o [1]
halCommonMemCopy        0x0800442b    0x4  Code  Gb  micro.o [1]
halCommonReadFromNvm    0x08005df3   0xd2  Code  Gb  nvm.o [1]
halCommonSeedRandom     0x080043e7   0x18  Code  Gb  micro.o [1]
halCommonSwitchToXtal   0x08005a8d   0x28  Code  Gb  hal_clocks.o [1]
halCommonTryToSwitchToXtal
                        0x080059d5   0xb8  Code  Gb  hal_clocks.o [1]
halCommonWriteToNvm     0x08005f13  0x1ac  Code  Gb  nvm.o [1]
halFixedAddressTable    0x08040000   0x2c  Data  Gb  low_level_init.o [1]
halInit                 0x080043b5   0x32  Code  Gb  micro.o [1]
halInternalCalibrateFastRc
                        0x08005977   0x22  Code  Gb  hal_clocks.o [1]
halInternalCalibrateSlowRc
                        0x08005909   0x6e  Code  Gb  hal_clocks.o [1]
halInternalFlashErase   0x08006aa3   0x52  Code  Gb  hal_flash.o [1]
halInternalFlashWrite   0x08006af5   0x4e  Code  Gb  hal_flash.o [1]
halInternalGetMfgTokenData
                        0x080026e9   0x5c  Code  Gb  mfg-token.o [1]
halInternalGetVreg      0x08000ce3   0x76  Code  Gb  micro-common-internal.o [1]
halInternalIdleSleep    0x080043ad         Code  Gb  context-switch.o [1]
halInternalInitAdc      0x080029a3   0x6e  Code  Gb  hal_adc.o [1]
halInternalInitMgmtIsrLo
                        0x08005999   0x16  Code  Gb  hal_clocks.o [1]
halInternalSetRegTrim   0x08000c8d   0x56  Code  Gb  micro-common-internal.o [1]
halInternalStartSystemTimer
                        0x08005b85   0x2e  Code  Gb  micro-common.o [1]
halInternalSwitchToXtal24M
                        0x080059af   0x26  Code  Gb  hal_clocks.o [1]
halInternalWakeEvent    0x200011cc    0x4  Data  Lc  sleep.o [1]
halManagementIsr        0x08004439   0x1c  Code  Gb  micro.o [1]
halMeasureVdd           0x08002691   0x42  Code  Gb  cal_adc.o [7]
halPendSvIsr            0x08006c59         Code  Gb  context-switch.o [1]
halPendSvSaveContext    0x20000804         Data  Gb  context-switch.o [1]
halReadAdcBlocking      0x08002ae7   0x18  Code  Gb  hal_adc.o [1]
halRequestAdcData       0x08002a67   0x80  Code  Gb  hal_adc.o [1]
halSc1Isr               0x0800689b   0x50  Code  Gb  hal_uart.o [1]
halSleepTimerIsr        0x0800057d    0xe  Code  Gb  system-timer.o [1]
halStackMacTimerIsr     0x08002b99   0x1a  Code  Gb  phy-library.o [7]
halStartAdcConversion   0x08002a11   0x56  Code  Gb  hal_adc.o [1]
halSysTickIsr           0x0800587f   0x3e  Code  Gb  hal_clocks.o [1]
halTriggerContextRestore
                        0x08006c91         Code  Gb  context-switch.o [1]
hio_recv_packet         0x080023d7  0x142  Code  Gb  hio_xbee.o [1]
hio_xbee_init           0x08002349   0x36  Code  Gb  hio_xbee.o [1]
hio_xbee_loop           0x08002381   0x56  Code  Gb  hio_xbee.o [1]
i2c_timeout_event       0x200009ac    0x4  Data  Gb  main.o [1]
idleDelayMicroseconds   0x08005841   0x3e  Code  Gb  hal_clocks.o [1]
lastBackoff             0x200007f6    0x2  Data  Gb  phy-common.o [7]
lastTransmitPacketIsDataPoll
                        0x200007ef    0x1  Data  Gb  phy-common.o [7]
lastTxSfdTime           0x200007fc    0x4  Data  Gb  phy-common.o [7]
lastVcoCalChannel       0x200014c1    0x1  Data  Lc  analogue-vco.o [7]
lastVcoValue            0x200014c2    0x1  Data  Lc  analogue-vco.o [7]
last_RREP_src           0x200005f8    0x2  Data  Gb  routing_AODV.o [1]
last_config_rssi_rcv_   0x200014b0    0x1  Data  Gb  Application.o [1]
last_id                 0x200009b3    0x1  Data  Gb  mote.o [1]
last_status_            0x20000772    0x1  Data  Gb  STM32W_Radio.o [1]
last_successful_frame_id_
                        0x200004b6    0x1  Data  Gb  main.o [1]
lcd_cmd                 0x08000999   0x9e  Code  Gb  main.o [1]
lcd_count               0x2000040c    0x4  Data  Gb  app_temp_1wire_main.o [1]
lcd_printStr            0x08000a49   0xd0  Code  Gb  main.o [1]
lcd_setCursor           0x08000b39    0xc  Code  Gb  main.o [1]
lcd_task_name           0x20000444    0x4  Data  Gb  app_temp_1wire_main.o [1]
lcd_timeout             0x20000402    0x1  Data  Gb  app_temp_1wire_main.o [1]
lnaForceReCal           0x200007d0    0x2  Data  Gb  analogue.o [7]
low_level_init2         0x08006d49   0x7a  Code  Lc  low_level_init.o [1]
main                    0x08005275   0x8e  Code  Gb  mote.o [1]
main_arm                0x08000b67   0x42  Code  Gb  main.o [1]
main_init               0x08000b45   0x22  Code  Gb  main.o [1]
main_power_up           0x08000919   0x80  Code  Gb  main.o [1]
memchr                  0x080027a1         Code  Gb  memchr.o [5]
mmcr_Hello_countdown_   0x20000633    0x1  Data  Gb  routing_MMCR_MPR_select.o [1]
mmcr_dropped_link       0x08003f95   0x88  Code  Gb  routing_MMCR.o [1]
mmcr_hello_tidx         0x20000630    0x1  Data  Gb  routing_MMCR_MPR_select.o [1]
mmcr_hello_timeout      0x08003c4d   0x70  Code  Gb  routing_MMCR_MPR_select.o [1]
mmcr_init_rtable_from_topology
                        0x08003d6f   0x4c  Code  Gb  routing_MMCR.o [1]
mmcr_neighbor_analyse   0x08003ec1   0x7a  Code  Gb  routing_MMCR.o [1]
mmcr_neighbor_clear     0x080036bf   0x40  Code  Gb  routing_MMCR_MPR_select.o [1]
mmcr_pkt_id             0x20000614    0x1  Data  Gb  routing_MMCR.o [1]
mmcr_recvACK            0x08003a6d   0xb2  Code  Gb  routing_MMCR_MPR_select.o [1]
mmcr_recvAcceptData     0x08003f75   0x20  Code  Gb  routing_MMCR.o [1]
mmcr_recvCHSW           0x08003df1    0xc  Code  Gb  routing_MMCR.o [1]
mmcr_recvHELLO          0x0800390f   0xbe  Code  Gb  routing_MMCR_MPR_select.o [1]
mmcr_recvTC             0x08003bb9   0x5c  Code  Gb  routing_MMCR_MPR_select.o [1]
mmcr_recv_routing_msg   0x08003dbb   0x36  Code  Gb  routing_MMCR.o [1]
mmcr_routeStart_tidx_   0x20000631    0x1  Data  Gb  routing_MMCR_MPR_select.o [1]
mmcr_sendACK            0x080039d1   0x84  Code  Gb  routing_MMCR_MPR_select.o [1]
mmcr_sendHELLO          0x080038c3   0x4c  Code  Gb  routing_MMCR_MPR_select.o [1]
mmcr_sendTC             0x08003b1f   0x9a  Code  Gb  routing_MMCR_MPR_select.o [1]
mmcr_set_route          0x08003dfd   0xbc  Code  Gb  routing_MMCR.o [1]
mmcr_set_tx_timeout     0x08003c1f   0x2c  Code  Gb  routing_MMCR_MPR_select.o [1]
mmcr_startRouteSearch   0x0800387b   0x24  Code  Gb  routing_MMCR_MPR_select.o [1]
mmcr_state_             0x20000632    0x1  Data  Gb  routing_MMCR_MPR_select.o [1]
modDacForceReCal        0x200007ce    0x2  Data  Gb  analogue.o [7]
mod_cs                  0x20000484    0x4  Data  Gb  ChannelSwitching.o [1]
mpr_count_              0x20000e5c    0x1  Data  Gb  routing_MMCR_MPR_select.o [1]
mpr_idx                 0x20000e60    0xc  Data  Gb  routing_MMCR_MPR_select.o [1]
mpr_select              0x0800353f  0x164  Code  Gb  routing_MMCR_MPR_select.o [1]
my_AODV_index           0x200005f6    0x2  Data  Gb  routing_AODV.o [1]
my_CH_                  0x200004b8    0x2  Data  Gb  main.o [1]
my_RF_retries_          0x200004b1    0x1  Data  Gb  main.o [1]
my_addr16_              0x2000077a    0x2  Data  Gb  STM32W_Radio.o [1]
my_addr8_               0x20000771    0x1  Data  Gb  STM32W_Radio.o [1]
my_backoff_             0x200004af    0x1  Data  Gb  main.o [1]
my_distance_            0x200004c0    0x4  Data  Gb  main.o [1]
my_energy_              0x200004bc    0x4  Data  Gb  main.o [1]
my_protocol_            0x200004ad    0x1  Data  Gb  main.o [1]
my_queue_               0x20000a4d    0x1  Data  Gb  Queuing.o [1]
my_rf_channel_          0x200005ba    0x1  Data  Gb  Phy_layer.o [1]
my_rssi_threshold_      0x200004b0    0x1  Data  Gb  main.o [1]
my_scheduling_          0x200004ae    0x1  Data  Gb  main.o [1]
my_tx_power_            0x200005bb    0x1  Data  Gb  Phy_layer.o [1]
my_tx_timeout_          0x200004c4    0x4  Data  Gb  main.o [1]
n_samples_per_packet_   0x2000044a    0x1  Data  Gb  Application.o [1]
network_search_mode_    0x2000044c    0x1  Data  Gb  Application.o [1]
normalOrBoostTokSerialRegId
                        0x08005d68    0xc  Data  Gb  analogue-cell-bias.o [7]
nullEui                 0x08002748    0x8  Data  Lc  mfg-token.o [1]
[...]
r_last_line             0x20000ffc    0x1  Data  Gb  routing_OEDSR.o [1]
r_metric                0x20001004   0x14  Data  Gb  routing_OEDSR.o [1]
r_next_hop              0x20000fd4   0x28  Data  Gb  routing_OEDSR.o [1]
radioCheckCrc           0x20000800    0x1  Data  Gb  phy-common.o [7]
radioCurrentPowerStatus
                        0x200007f0    0x1  Data  Gb  phy-common.o [7]
radioTransmitConfig     0x200004e4    0x8  Data  Gb  mote.o [1]
radio_call_status       0x2000056d    0x1  Data  Gb  mote.o [1]
radio_dst               0x20000776    0x2  Data  Gb  STM32W_Radio.o [1]
radio_init              0x08004045   0x56  Code  Gb  STM32W_Radio.o [1]
radio_loop              0x0800409d   0xf4  Code  Gb  STM32W_Radio.o [1]
reCalibrateVref         0x200007d7    0x1  Data  Gb  analogue.o [7]
recvACK                 0x0800330b   0x58  Code  Gb  routing_OEDSR.o [1]
recvAcceptData          0x080033c3   0x20  Code  Gb  routing_OEDSR.o [1]
recvDATA                0x080017a3   0xa6  Code  Gb  routing.o [1]
recvHELLO               0x0800328f   0x20  Code  Gb  routing_OEDSR.o [1]
recvSelect              0x0800343f   0x14  Code  Gb  routing_OEDSR.o [1]
recvStopData            0x08001635    0x8  Code  Gb  routing.o [1]
regTrimBoostMode        0x200014b2    0x1  Data  Gb  micro-common-internal.o [1]
release_pkt_in_tx       0x08000ba9   0x14  Code  Gb  main.o [1]
request_debug_packet_   0x200009a0    0x1  Data  Gb  hio_xbee.o [1]
request_debug_packet_dst_
                        0x200009a2    0x2  Data  Gb  hio_xbee.o [1]
result                  0x200005be    0x1  Data  Gb  Phy_layer.o [1]
result_1                0x20000775    0x1  Data  Gb  STM32W_Radio.o [1]
route_enable            0x200005dc    0x8  Data  Gb  routing_AODV.o [1]
route_search_BS_        0x20001018    0x2  Data  Gb  routing_OEDSR.o [1]
route_table_cost        0x200005ec    0x8  Data  Gb  routing_AODV.o [1]
route_table_destination
                        0x200005e4    0x8  Data  Gb  routing_AODV.o [1]
route_table_direction   0x200005fc    0xc  Data  Gb  routing_AODV.o [1]
route_table_index       0x20000608    0xc  Data  Gb  routing_AODV.o [1]
route_table_update_AODV
                        0x08002e85   0x70  Code  Gb  routing_AODV.o [1]
routing_data_request    0x0800173b   0x22  Code  Gb  routing.o [1]
routing_init            0x0800163d    0xc  Code  Gb  routing.o [1]
routing_init_AODV       0x08002e3f   0x46  Code  Gb  routing_AODV.o [1]
routing_init_MMCR       0x08003d49   0x26  Code  Gb  routing_MMCR.o [1]
routing_init_MPR_select
                        0x08003525   0x1a  Code  Gb  routing_MMCR_MPR_select.o [1]
routing_init_OEDSR      0x08003105   0x32  Code  Gb  routing_OEDSR.o [1]
routing_receive_packet  0x08001687   0xb4  Code  Gb  routing.o [1]
routing_send_DATA_base  0x0800175d   0x46  Code  Gb  routing.o [1]
routing_send_counters   0x08001849    0xe  Code  Gb  routing.o [1]
routing_set_routing_protocol
                        0x08001649   0x3e  Code  Gb  routing.o [1]
routing_to_CH_base      0x08001857   0x3c  Code  Gb  routing.o [1]
rtable                  0x20000da4   0xb8  Data  Gb  routing_MMCR.o [1]
rtc_adjust              0x2000105c    0x1  Data  Gb  RTC.o [1]
rtc_adjust_long         0x2000105d    0x1  Data  Gb  RTC.o [1]
rtc_init                0x080014e9   0x10  Code  Gb  RTC.o [1]
rtc_skip_tick           0x2000105e    0x1  Data  Gb  RTC.o [1]
rtc_ticker              0x20001060    0x4  Data  Gb  RTC.o [1]
rtc_time_set            0x080014f9   0x2c  Code  Gb  RTC.o [1]
rtc_zero_tickers_       0x2000105f    0x1  Data  Gb  RTC.o [1]
rtr_MMCR_Hello_Phase    0x0800389f   0x24  Code  Gb  routing_MMCR_MPR_select.o [1]
rtr_add_neighbor        0x080018c9   0x22  Code  Gb  routing.o [1]
rtr_dropped_link        0x080018af   0x1a  Code  Gb  routing.o [1]
rtr_start_routing       0x080018eb    0xe  Code  Gb  routing.o [1]
rxBuffer                0x2000138c  0x114  Data  Lc  phy.o [7]
rxHead                  0x2000082a    0x2  Data  Gb  hal_uart.o [1]
rxPacket                0x200009b4   0x80  Data  Gb  mote.o [1]
rxPacketRSSI            0x200009b1    0x1  Data  Gb  mote.o [1]
rxQ                     0x20000830   0x80  Data  Gb  hal_uart.o [1]
rxTail                  0x2000082c    0x2  Data  Gb  hal_uart.o [1]
rxUsed                  0x2000082e    0x2  Data  Gb  hal_uart.o [1]
rx_expected_length      0x2000099c    0x2  Data  Gb  hio_xbee.o [1]
rx_packet               0x20000928   0x74  Data  Gb  hio_xbee.o [1]
rx_state                0x20000924    0x1  Data  Gb  hio_xbee.o [1]
rxpkt_oveflow_count_    0x20000a34    0x4  Data  Gb  mote.o [1]
rxpkt_wrong_count_      0x20000a38    0x4  Data  Gb  mote.o [1]
sampleVcoTune           0x08006433   0x44  Code  Gb  analogue-mod-dac.o [7]
savedMSP                0x20000808         Data  Gb  context-switch.o [1]
sch_add_loop            0x080007c9   0x2e  Code  Gb  sch_basic.o [1]
sch_callback_context    0x200010d8   0x78  Data  Gb  sch_basic.o [1]
sch_callback_funcs      0x200006f0   0x78  Data  Gb  sch_basic.o [1]
sch_callback_name       0x20001150   0x78  Data  Gb  sch_basic.o [1]
sch_create_timeout      0x08000749   0x80  Code  Gb  sch_basic.o [1]
sch_init                0x0800063f    0x2  Code  Gb  sch_basic.o [1]
sch_loop                0x08000641   0x9c  Code  Gb  sch_basic.o [1]
sch_loop_funcs          0x20001090   0x28  Data  Gb  sch_basic.o [1]
sch_loop_funcs_on       0x20001084    0xc  Data  Gb  sch_basic.o [1]
sch_power_up            0x080005c5   0x7a  Code  Gb  sch_basic.o [1]
sch_remove_timeout      0x080006dd   0x6c  Code  Gb  sch_basic.o [1]
sch_timeout_count       0x20000670    0x1  Data  Gb  sch_basic.o [1]
sch_timeout_order       0x200010b8   0x20  Data  Gb  sch_basic.o [1]
sch_timeout_state       0x20001064   0x20  Data  Gb  sch_basic.o [1]
sch_timeout_ticks       0x20000678   0x78  Data  Gb  sch_basic.o [1]
sch_tout_free           0x20000672    0x1  Data  Gb  sch_basic.o [1]
sch_tout_head           0x20000671    0x1  Data  Gb  sch_basic.o [1]
seed0                   0x200004e0    0x2  Data  Lc  micro.o [1]
seed1                   0x200004e2    0x2  Data  Lc  micro.o [1]
sendACK                 0x080032af   0x5c  Code  Gb  routing_OEDSR.o [1]
sendHELLO               0x0800322b   0x64  Code  Gb  routing_OEDSR.o [1]
sendPacketData          0x08004191   0xaa  Code  Gb  STM32W_Radio.o [1]
sendPriorityPacket      0x0800423b   0x16  Code  Gb  STM32W_Radio.o [1]
sendSelect              0x080033e3   0x5c  Code  Gb  routing_OEDSR.o [1]
sendSerialData          0x0800517d   0x3c  Code  Gb  mote.o [1]
send_PONG               0x08002525   0x90  Code  Gb  hio_xbee.o [1]
send_RERR               0x08002d25    0x8  Code  Gb  routing_AODV.o [1]
send_RREP               0x08002cc9   0x5c  Code  Gb  routing_AODV.o [1]
send_RREQ               0x08002c7d   0x40  Code  Gb  routing_AODV.o [1]
send_aodv_counters      0x08002dc9   0x4e  Code  Gb  routing_AODV.o [1]
sent_DATA_              0x200004b3    0x1  Data  Gb  main.o [1]
sequence_no_            0x200014b3    0x1  Data  Gb  packet.o [1]
serialRegData           0x20001354   0x24  Data  Gb  analogue.o [7]
setStackPointer         0x08006ca1    0x4  Code  Lc  low_level_init.o [1]
setTxStepTime           0x080044f7   0x34  Code  Lc  analogue.o [7]
shift                   0x080043ff   0x10  Code  Lc  micro.o [1]
sleepTimerInterruptOccurred
                        0x20001314    0x1  Data  Lc  system-timer.o [1]
sleepTmrArtificalCnt    0x20001318    0x4  Data  Gb  system-timer.o [1]
spreadModDac1           0x200014ac    0x2  Data  Gb  analogue-mod-dac.o [7]
spreadModDac2           0x200014ae    0x2  Data  Gb  analogue-mod-dac.o [7]
sprintf                 0x080008e5   0x34  Code  Gb  sprintf.o [3]
src_8bit_adc_enable     0x0800144d   0x14  Code  Gb  src_8bit_adc.o [1]
src_8bit_adc_init       0x0800141f   0x2e  Code  Gb  src_8bit_adc.o [1]
src_8bit_adc_loop       0x08001461   0x74  Code  Gb  src_8bit_adc.o [1]
src_8bit_powerup        0x0800141d    0x2  Code  Gb  src_8bit_adc.o [1]
src_d_mem_p             0x200011e8    0x4  Data  Gb  src_8bit_adc.o [1]
src_d_mem_raw           0x200011d4   0x10  Data  Gb  src_8bit_adc.o [1]
ssn_buffer_raw          0x20001210  0x100  Data  Gb  ssn_8bit.o [1]
ssn_init                0x08002081   0x56  Code  Gb  ssn_8bit.o [1]
ssn_loop                0x08002111   0x78  Code  Gb  ssn_8bit.o [1]
ssn_mem_p               0x200011ec    0x4  Data  Gb  ssn_8bit.o [1]
ssn_mem_raw             0x200011f0   0x20  Data  Gb  ssn_8bit.o [1]
ssn_recv_sample         0x08002189   0x2a  Code  Gb  ssn_8bit.o [1]
ssn_send_pkt            0x080021b3   0x72  Code  Gb  ssn_8bit.o [1]
ssn_start_burst         0x080020d7   0x20  Code  Gb  ssn_8bit.o [1]
ssn_stop_burst          0x080020f7   0x1a  Code  Gb  ssn_8bit.o [1]
stAesEncrypt            0x080069f1   0x30  Code  Gb  aes.o [7]
stCalibrateVref         0x0800452b  0x12e  Code  Gb  analogue.o [7]
stGetRadioPower         0x08004a9f    0x8  Code  Gb  analogue.o [7]
stGetTxPowerMode        0x08004727    0x8  Code  Gb  analogue.o [7]
stSetRadioPower         0x080049af   0xe4  Code  Gb  analogue.o [7]
stSetTxPowerMode        0x08004673   0xb4  Code  Gb  analogue.o [7]
stalled_reset           0x20000784    0x4  Data  Gb  STM32W_Radio.o [1]
startNextConversion     0x08002947   0x5c  Code  Gb  hal_adc.o [1]
startRouteSearch        0x080031ed   0x2a  Code  Gb  routing_OEDSR.o [1]
start_routing_aodv      0x08002ef5   0x12  Code  Gb  routing_AODV.o [1]
stmChannelSettings      0x08004af0   0x40  Data  Gb  analogue.o [7]
stmDroppedAckStallWorkaround
                        0x08004b81   0x40  Code  Gb  phy-common.o [7]
stmFetchInt32u          0x08006c31   0x28  Code  Gb  byte-utilities.o [7]
stmFinishAdcTempReading
                        0x0800577f   0x58  Code  Gb  phy.o [7]
stmFinishCalibrateCurrentChannel
                        0x0800472f  0x210  Code  Gb  analogue.o [7]
stmFinishRadioSetChannel
                        0x08004943   0x5c  Code  Gb  analogue.o [7]
stmGetKeyFromCore       0x08006961   0x30  Code  Gb  aes.o [7]
stmGetMacTimer          0x08005715    0x6  Code  Gb  phy.o [7]
stmInitEui64            0x080067a5   0x18  Code  Gb  eui64.o [7]
stmLoadKeyIntoCore      0x08006935   0x2c  Code  Gb  aes.o [7]
stmLocalEui64           0x200014a0    0x8  Data  Gb  eui64.o [7]
stmLocalNodeId          0x200007f2    0x2  Data  Lc  phy-common.o [7]
stmLocalPanId           0x200007f4    0x2  Data  Lc  phy-common.o [7]
stmLongIdDataPendingForDevice
                        0x08002b85    0x4  Code  Gb  phy-library.o [7]
stmMacAckNeeded         0x200007e4    0x1  Data  Gb  phy-common.o [7]
stmMfglibMode           0x200007e5    0x1  Data  Gb  phy-common.o [7]
stmMfglibTransmitComplete
                        0x200007e6    0x1  Data  Gb  phy-common.o [7]
stmPacketReceivedInternalIsrCallback
                        0x08002bbd   0x4e  Code  Gb  phy-library.o [7]
stmPhySetCoordinator    0x08005083   0x18  Code  Gb  phy-common.o [7]
stmPhySetEui64          0x08005055   0x2e  Code  Gb  phy-common.o [7]
stmRadioAdjustLna       0x080065fd    0x4  Code  Gb  analogue-lna.o [7]
stmRadioAdjustModDac    0x08006319    0xe  Code  Gb  analogue-mod-dac.o [7]
stmRadioAlwaysUseZeroBackoff
                        0x200007ee    0x1  Data  Gb  phy-common.o [7]
stmRadioBootPhySpecific
                        0x08005443   0x64  Code  Gb  phy.o [7]
stmRadioCalculateModDacTuneValue
                        0x0800649b  0x12c  Code  Gb  analogue-mod-dac.o [7]
stmRadioCalibrateCellBias
                        0x08005ca5   0xa0  Code  Gb  analogue-cell-bias.o [7]
stmRadioCalibrateFilter
                        0x08006239   0x30  Code  Gb  analogue-filter.o [7]
stmRadioCalibrateLna    0x08006607  0x160  Code  Gb  analogue-lna.o [7]
stmRadioCalibrateVco    0x0800628b   0x78  Code  Gb  analogue-vco.o [7]
stmRadioChannel         0x200007ca    0x1  Data  Gb  analogue.o [7]
stmRadioEnableAddressMatching
                        0x08005025   0x18  Code  Gb  phy-common.o [7]
stmRadioEnableAutoAck   0x0800503d   0x18  Code  Gb  phy-common.o [7]
stmRadioEnableOverflowNotification
                        0x080050b5   0x18  Code  Gb  phy-common.o [7]
stmRadioEnablePacketTrace
                        0x080050eb   0x18  Code  Gb  phy-common.o [7]
stmRadioEnableSfdSentNotification
                        0x080050cd   0x1e  Code  Gb  phy-common.o [7]
stmRadioGetPowerStatus  0x0800501f    0x6  Code  Gb  phy-common.o [7]
stmRadioGetRandomNumbers
                        0x0800571b   0x5c  Code  Gb  phy.o [7]
stmRadioInit            0x08004e35  0x118  Code  Gb  phy-common.o [7]
stmRadioOverflowCallbackEnabled
                        0x200007ec    0x1  Data  Lc  phy-common.o [7]
stmRadioPower           0x200007d4    0x1  Data  Gb  analogue.o [7]
stmRadioReadSerialReg   0x080044b5    0xe  Code  Gb  analogue.o [7]
stmRadioReceiveCrcEnabled
                        0x080050af    0x6  Code  Gb  phy-common.o [7]
stmRadioReceiveIsr      0x0800564d   0xc8  Code  Gb  phy.o [7]
stmRadioReceiverFrameStatus
                        0x2000137e    0x2  Data  Gb  phy.o [7]
stmRadioReceiverGain    0x20001380    0x2  Data  Gb  phy.o [7]
stmRadioResetAndEnableReceive
                        0x08005411   0x32  Code  Gb  phy.o [7]
stmRadioSetChannel      0x0800499f   0x10  Code  Gb  analogue.o [7]
stmRadioSetEdCcaThreshold
                        0x08005103   0x12  Code  Gb  phy-common.o [7]
stmRadioSfdSentCallbackEnabled
                        0x200007ed    0x1  Data  Lc  phy-common.o [7]
stmRadioSleep           0x08004f4d   0x74  Code  Gb  phy-common.o [7]
stmRadioTransmit        0x08004c0d  0x136  Code  Gb  phy-common.o [7]
stmRadioTransmitCompleteCallback
                        0x08002b6f    0x4  Code  Gb  phy-library.o [7]
stmRadioTransmitIsr     0x08004d43   0xf2  Code  Gb  phy-common.o [7]
stmRadioTxPowerMode     0x200007e0    0x2  Data  Gb  analogue.o [7]
stmRadioUnpackChipErrors
                        0x08004bc1    0xe  Code  Gb  phy-common.o [7]
stmRadioWakeUp          0x08004fc1   0x5e  Code  Gb  phy-common.o [7]
stmRadioWriteSerialReg  0x080044c3   0x34  Code  Gb  analogue.o [7]
stmRxCRCFail            0x2000137c    0x2  Data  Gb  phy.o [7]
stmRxPacket             0x20001382    0x2  Data  Gb  phy.o [7]
stmSerialRegAddress     0x08004b58   0x24  Data  Gb  analogue.o [7]
stmSetNodeId            0x0800509b    0xa  Code  Gb  phy-common.o [7]
stmSetPanId             0x080050a5    0xa  Code  Gb  phy-common.o [7]
stmStandAloneEncryptBlock
                        0x08006991   0x46  Code  Gb  aes.o [7]
stmStartAdcTempReading  0x08005777    0x8  Code  Gb  phy.o [7]
stmStartRadioSetChannel
                        0x0800493f    0x4  Code  Gb  analogue.o [7]
stmStoreInt32u          0x08006c15   0x1c  Code  Gb  byte-utilities.o [7]
stmSynthFreqOffset      0x200007d2    0x1  Data  Gb  analogue.o [7]
stmTxStepTimeAltRfPath  0x200007d5    0x1  Data  Gb  analogue.o [7]
stmVcoAutoTuneEnabled   0x200007cb    0x1  Data  Gb  analogue.o [7]
str_CS_SWITCH           0x20000488    0xc  Data  Gb  ChannelSwitching.o [1]
str_CS_SWITCH_END       0x20000494   0x10  Data  Gb  ChannelSwitching.o [1]
str_LED_BLINK_1         0x20000618    0x8  Data  Gb  routing_MMCR.o [1]
str_LED_BLINK_2         0x20000628    0x8  Data  Gb  routing_MMCR.o [1]
str_MMCR_HELLO          0x20000634    0xc  Data  Gb  routing_MMCR_MPR_select.o [1]
str_MMCR_TC             0x20000640    0x8  Data  Gb  routing_MMCR_MPR_select.o [1]
str_MMCR_sendACK        0x20000658   0x10  Data  Gb  routing_MMCR_MPR_select.o [1]
str_MMCR_startRT        0x20000648   0x10  Data  Gb  routing_MMCR_MPR_select.o [1]
str_NONE                0x20000768    0x8  Data  Gb  sch_basic.o [1]
str_TEST                0x20000620    0x8  Data  Gb  routing_MMCR.o [1]
str_stradio_PktTO       0x200007b4   0x14  Data  Gb  STM32W_Radio.o [1]
stradio_count_failed_retransmissions_
                        0x200007ac    0x4  Data  Gb  STM32W_Radio.o [1]
stradio_count_ov_priority_
                        0x20000788    0x4  Data  Gb  STM32W_Radio.o [1]
stradio_count_tx_timeouts_
                        0x20001310    0x4  Data  Gb  STM32W_Radio.o [1]
stradio_pending_data_   0x2000077c    0x4  Data  Gb  STM32W_Radio.o [1]
stradio_pending_dst_    0x20000778    0x2  Data  Gb  STM32W_Radio.o [1]
stradio_pending_len_    0x20000770    0x1  Data  Gb  STM32W_Radio.o [1]
stradio_power_          0x200007c8    0x1  Data  Gb  STM32W_Radio.o [1]
stradio_resend_         0x200007a4    0x4  Data  Gb  STM32W_Radio.o [1]
stradio_retransmision_result
                        0x200007b0    0x4  Data  Gb  STM32W_Radio.o [1]
stradio_retransmit_req_
                        0x20000774    0x1  Data  Gb  STM32W_Radio.o [1]
strchr                  0x08002751         Code  Gb  strchr.o [5]
strlen                  0x08002769         Code  Gb  strlen.o [5]
switch_start_time_      0x20000474    0x4  Data  Gb  Application.o [1]
switch_timeout_         0x20000470    0x4  Data  Gb  Application.o [1]
sys_error               0x08001537    0x6  Code  Gb  sys_func.o [1]
sys_init                0x0800152d    0x8  Code  Gb  sys_func.o [1]
sys_last_error          0x200014bb    0x1  Data  Gb  sys_func.o [1]
sys_reset               0x08001535    0x2  Code  Gb  sys_func.o [1]
temp_cC                 0x20000408    0x4  Data  Gb  app_temp_1wire_main.o [1]
temp_sensor_timeout     0x20000403    0x1  Data  Gb  app_temp_1wire_main.o [1]
temp_task_name          0x2000043c    0x8  Data  Gb  app_temp_1wire_main.o [1]
timeout_idx             0x20000674    0x1  Data  Gb  sch_basic.o [1]
timer_cb_test1          0x08003cf1   0x1c  Code  Gb  routing_MMCR.o [1]
timer_cb_test2          0x08003d0d   0x34  Code  Gb  routing_MMCR.o [1]
tsp_callback_funcs      0x2000132c   0x28  Data  Gb  tsp_common.o [1]
tsp_callback_port       0x20001320    0xc  Data  Gb  tsp_common.o [1]
tsp_cb_count            0x2000131c    0x1  Data  Gb  tsp_common.o [1]
tsp_distribute_modules  0x08001edf   0x74  Code  Gb  tsp_common.o [1]
tsp_get_dummy           0x08002011   0x32  Code  Gb  tsp_common.o [1]
tsp_init                0x08001ec1    0x8  Code  Gb  tsp_common.o [1]
tsp_new_module          0x08002043   0x2c  Code  Gb  tsp_common.o [1]
tsp_receive             0x08001ec9   0x16  Code  Gb  tsp_common.o [1]
tsp_release_packet      0x08001f53    0x4  Code  Gb  tsp_common.o [1]
tsp_reserve_packet      0x08001f7b   0x96  Code  Gb  tsp_common.o [1]
tsp_send_from_modules   0x08001f57   0x24  Code  Gb  tsp_common.o [1]
txComplete              0x2000056c    0x1  Data  Gb  mote.o [1]
txPacket                0x200004ec   0x80  Data  Gb  mote.o [1]
txPower                 0x08004b30   0x28  Data  Gb  analogue.o [7]
txTIDX                  0x20000773    0x1  Data  Gb  STM32W_Radio.o [1]
tx_count_               0x2000078c    0x4  Data  Gb  STM32W_Radio.o [1]
tx_isr_count_           0x20000790    0x4  Data  Gb  STM32W_Radio.o [1]
uartInit                0x080067bd   0x44  Code  Gb  hal_uart.o [1]
update_pkt_send         0x08001893   0x1c  Code  Gb  routing.o [1]
useXtalAsIs             0x200004a7    0x1  Data  Lc  hal_clocks.o [1]
vcoLastTuneValueAvailable
                        0x200014c0    0x1  Data  Gb  analogue-vco.o [7]
vcoTuneModDacError      0x08006477   0x24  Code  Lc  analogue-mod-dac.o [7]
verifyFib               0x08006a81   0x22  Code  Lc  hal_flash.o [1]
wakeupSleepTmrCnt       0x200011d0    0x4  Data  Gb  sleep.o [1]
wakeupXtalState         0x200004a5    0x1  Data  Gb  hal_clocks.o [1]
wrong_make_empty        0x20000a60    0x2  Data  Gb  Queuing.o [1]
xtalAboveLoThresholdUs  0x200004a6    0x1  Data  Gb  hal_clocks.o [1]
xtalUnstable            0x200004a4    0x1  Data  Gb  hal_clocks.o [1]


[1] = C:\Users\Jon\Documents\MO_S_and_T\CpE5170_RT_Systems\Labs\cpe-5170-mote-code\Projects\SimpleMAC\mote_project\EWARM\MB_SnT_X2_Mote\Obj
[2] = command line
[3] = dl7M_tln.a
[4] = m7M_tl.a
[5] = rt7M_tl.a
[6] = shb_l.a
[7] = simplemac-library.a

  28 612 bytes of readonly  code memory
     381 bytes of readonly  data memory
   7 407 bytes of readwrite data memory

Errors: none
Warnings: 3
